Archive member included because of file (symbol)

c:/setupquatus/nios2eds/bin/gnu/h-i686-mingw32/bin/../lib/gcc/nios2-elf/4.1.2/../../../../nios2-elf/lib/mno-hw-mul\libsmallc.a(lib_a-printf.o)
                              obj/default/source.o (printf)
c:/setupquatus/nios2eds/bin/gnu/h-i686-mingw32/bin/../lib/gcc/nios2-elf/4.1.2/../../../../nios2-elf/lib/mno-hw-mul\libsmallc.a(lib_a-puts.o)
                              obj/default/source.o (puts)
c:/setupquatus/nios2eds/bin/gnu/h-i686-mingw32/bin/../lib/gcc/nios2-elf/4.1.2/../../../../nios2-elf/lib/mno-hw-mul\libsmallc.a(lib_a-strlen.o)
                              c:/setupquatus/nios2eds/bin/gnu/h-i686-mingw32/bin/../lib/gcc/nios2-elf/4.1.2/../../../../nios2-elf/lib/mno-hw-mul\libsmallc.a(lib_a-puts.o) (strlen)
c:/setupquatus/nios2eds/bin/gnu/h-i686-mingw32/bin/../lib/gcc/nios2-elf/4.1.2/../../../../nios2-elf/lib/mno-hw-mul\libsmallc.a(lib_a-vfprintf.o)
                              c:/setupquatus/nios2eds/bin/gnu/h-i686-mingw32/bin/../lib/gcc/nios2-elf/4.1.2/../../../../nios2-elf/lib/mno-hw-mul\libsmallc.a(lib_a-printf.o) (___vfprintf_internal_r)
c:/setupquatus/nios2eds/bin/gnu/h-i686-mingw32/bin/../lib/gcc/nios2-elf/4.1.2/../../../../nios2-elf/lib/mno-hw-mul\libsmallc.a(lib_a-fvwrite_small_dev.o)
                              c:/setupquatus/nios2eds/bin/gnu/h-i686-mingw32/bin/../lib/gcc/nios2-elf/4.1.2/../../../../nios2-elf/lib/mno-hw-mul\libsmallc.a(lib_a-printf.o) (__sfvwrite_small_dev)
c:/setupquatus/nios2eds/bin/gnu/h-i686-mingw32/bin/../lib/gcc/nios2-elf/4.1.2/../../../../nios2-elf/lib/mno-hw-mul\libsmallc.a(lib_a-impure.o)
                              c:/setupquatus/nios2eds/bin/gnu/h-i686-mingw32/bin/../lib/gcc/nios2-elf/4.1.2/../../../../nios2-elf/lib/mno-hw-mul\libsmallc.a(lib_a-printf.o) (_impure_ptr)
c:/setupquatus/nios2eds/bin/gnu/h-i686-mingw32/bin/../lib/gcc/nios2-elf/4.1.2/../../../../nios2-elf/lib/mno-hw-mul\libsmallc.a(lib_a-writer.o)
                              c:/setupquatus/nios2eds/bin/gnu/h-i686-mingw32/bin/../lib/gcc/nios2-elf/4.1.2/../../../../nios2-elf/lib/mno-hw-mul\libsmallc.a(lib_a-fvwrite_small_dev.o) (_write_r)
c:/setupquatus/nios2eds/bin/gnu/h-i686-mingw32/bin/../lib/gcc/nios2-elf/4.1.2/../../../../nios2-elf/lib/mno-hw-mul\libsmallc.a(lib_a-int_errno.o)
                              c:/setupquatus/nios2eds/bin/gnu/h-i686-mingw32/bin/../lib/gcc/nios2-elf/4.1.2/../../../../nios2-elf/lib/mno-hw-mul\libsmallc.a(lib_a-writer.o) (errno)
c:/setupquatus/nios2eds/bin/gnu/h-i686-mingw32/bin/../lib/gcc/nios2-elf/4.1.2/mno-hw-mul\libgcc.a(lib2-divmod.o)
                              c:/setupquatus/nios2eds/bin/gnu/h-i686-mingw32/bin/../lib/gcc/nios2-elf/4.1.2/../../../../nios2-elf/lib/mno-hw-mul\libsmallc.a(lib_a-vfprintf.o) (__udivsi3)
c:/setupquatus/nios2eds/bin/gnu/h-i686-mingw32/bin/../lib/gcc/nios2-elf/4.1.2/mno-hw-mul\libgcc.a(lib2-mul.o)
                              c:/setupquatus/nios2eds/bin/gnu/h-i686-mingw32/bin/../lib/gcc/nios2-elf/4.1.2/../../../../nios2-elf/lib/mno-hw-mul\libsmallc.a(lib_a-vfprintf.o) (__mulsi3)
../bailab_bsp/\libhal_bsp.a(alt_load.o)
                              ../bailab_bsp//obj/HAL/src/crt0.o (alt_load)
../bailab_bsp/\libhal_bsp.a(alt_main.o)
                              ../bailab_bsp//obj/HAL/src/crt0.o (alt_main)
../bailab_bsp/\libhal_bsp.a(alt_write.o)
                              c:/setupquatus/nios2eds/bin/gnu/h-i686-mingw32/bin/../lib/gcc/nios2-elf/4.1.2/../../../../nios2-elf/lib/mno-hw-mul\libsmallc.a(lib_a-writer.o) (write)
../bailab_bsp/\libhal_bsp.a(alt_sys_init.o)
                              ../bailab_bsp/\libhal_bsp.a(alt_main.o) (alt_irq_init)
../bailab_bsp/\libhal_bsp.a(altera_avalon_jtag_uart_fd.o)
                              ../bailab_bsp/\libhal_bsp.a(alt_sys_init.o) (altera_avalon_jtag_uart_read_fd)
../bailab_bsp/\libhal_bsp.a(altera_avalon_jtag_uart_read.o)
                              ../bailab_bsp/\libhal_bsp.a(altera_avalon_jtag_uart_fd.o) (altera_avalon_jtag_uart_read)
../bailab_bsp/\libhal_bsp.a(altera_avalon_jtag_uart_write.o)
                              ../bailab_bsp/\libhal_bsp.a(altera_avalon_jtag_uart_fd.o) (altera_avalon_jtag_uart_write)
../bailab_bsp/\libhal_bsp.a(alt_close.o)
                              ../bailab_bsp/\libhal_bsp.a(alt_main.o) (close)
../bailab_bsp/\libhal_bsp.a(alt_dcache_flush_all.o)
                              ../bailab_bsp/\libhal_bsp.a(alt_load.o) (alt_dcache_flush_all)
../bailab_bsp/\libhal_bsp.a(alt_dev.o)
                              ../bailab_bsp/\libhal_bsp.a(alt_sys_init.o) (alt_dev_list)
../bailab_bsp/\libhal_bsp.a(alt_dev_llist_insert.o)
                              ../bailab_bsp/\libhal_bsp.a(alt_sys_init.o) (alt_dev_llist_insert)
../bailab_bsp/\libhal_bsp.a(alt_do_ctors.o)
                              ../bailab_bsp/\libhal_bsp.a(alt_main.o) (_do_ctors)
../bailab_bsp/\libhal_bsp.a(alt_do_dtors.o)
                              ../bailab_bsp/\libhal_bsp.a(alt_main.o) (_do_dtors)
../bailab_bsp/\libhal_bsp.a(alt_errno.o)
                              ../bailab_bsp/\libhal_bsp.a(alt_write.o) (alt_errno)
../bailab_bsp/\libhal_bsp.a(alt_icache_flush_all.o)
                              ../bailab_bsp/\libhal_bsp.a(alt_load.o) (alt_icache_flush_all)
../bailab_bsp/\libhal_bsp.a(alt_io_redirect.o)
                              ../bailab_bsp/\libhal_bsp.a(alt_main.o) (alt_io_redirect)
../bailab_bsp/\libhal_bsp.a(alt_open.o)
                              ../bailab_bsp/\libhal_bsp.a(alt_io_redirect.o) (open)
../bailab_bsp/\libhal_bsp.a(alt_release_fd.o)
                              ../bailab_bsp/\libhal_bsp.a(alt_close.o) (alt_release_fd)
../bailab_bsp/\libhal_bsp.a(altera_nios2_qsys_irq.o)
                              ../bailab_bsp/\libhal_bsp.a(alt_sys_init.o) (altera_nios2_qsys_irq_init)
../bailab_bsp/\libhal_bsp.a(alt_find_dev.o)
                              ../bailab_bsp/\libhal_bsp.a(alt_open.o) (alt_find_dev)
../bailab_bsp/\libhal_bsp.a(alt_find_file.o)
                              ../bailab_bsp/\libhal_bsp.a(alt_open.o) (alt_find_file)
../bailab_bsp/\libhal_bsp.a(alt_get_fd.o)
                              ../bailab_bsp/\libhal_bsp.a(alt_open.o) (alt_get_fd)
c:/setupquatus/nios2eds/bin/gnu/h-i686-mingw32/bin/../lib/gcc/nios2-elf/4.1.2/../../../../nios2-elf/lib/mno-hw-mul\libsmallc.a(lib_a-atexit.o)
                              ../bailab_bsp/\libhal_bsp.a(alt_main.o) (atexit)
c:/setupquatus/nios2eds/bin/gnu/h-i686-mingw32/bin/../lib/gcc/nios2-elf/4.1.2/../../../../nios2-elf/lib/mno-hw-mul\libsmallc.a(lib_a-exit.o)
                              ../bailab_bsp/\libhal_bsp.a(alt_main.o) (exit)
c:/setupquatus/nios2eds/bin/gnu/h-i686-mingw32/bin/../lib/gcc/nios2-elf/4.1.2/../../../../nios2-elf/lib/mno-hw-mul\libsmallc.a(lib_a-memcmp.o)
                              ../bailab_bsp/\libhal_bsp.a(alt_find_dev.o) (memcmp)
c:/setupquatus/nios2eds/bin/gnu/h-i686-mingw32/bin/../lib/gcc/nios2-elf/4.1.2/../../../../nios2-elf/lib/mno-hw-mul\libsmallc.a(lib_a-__atexit.o)
                              c:/setupquatus/nios2eds/bin/gnu/h-i686-mingw32/bin/../lib/gcc/nios2-elf/4.1.2/../../../../nios2-elf/lib/mno-hw-mul\libsmallc.a(lib_a-atexit.o) (__register_exitproc)
c:/setupquatus/nios2eds/bin/gnu/h-i686-mingw32/bin/../lib/gcc/nios2-elf/4.1.2/../../../../nios2-elf/lib/mno-hw-mul\libsmallc.a(lib_a-__call_atexit.o)
                              c:/setupquatus/nios2eds/bin/gnu/h-i686-mingw32/bin/../lib/gcc/nios2-elf/4.1.2/../../../../nios2-elf/lib/mno-hw-mul\libsmallc.a(lib_a-exit.o) (__call_exitprocs)
../bailab_bsp/\libhal_bsp.a(alt_exit.o)
                              c:/setupquatus/nios2eds/bin/gnu/h-i686-mingw32/bin/../lib/gcc/nios2-elf/4.1.2/../../../../nios2-elf/lib/mno-hw-mul\libsmallc.a(lib_a-exit.o) (_exit)

Allocating common symbols
Common symbol       size              file

errno               0x4               c:/setupquatus/nios2eds/bin/gnu/h-i686-mingw32/bin/../lib/gcc/nios2-elf/4.1.2/../../../../nios2-elf/lib/mno-hw-mul\libsmallc.a(lib_a-int_errno.o)
_atexit0            0x8c              c:/setupquatus/nios2eds/bin/gnu/h-i686-mingw32/bin/../lib/gcc/nios2-elf/4.1.2/../../../../nios2-elf/lib/mno-hw-mul\libsmallc.a(lib_a-atexit.o)

Memory Configuration

Name             Origin             Length             Attributes
reset            0x00008000         0x00000020
onchip_memory2_0 0x00008020         0x00007fe0
*default*        0x00000000         0xffffffff

Linker script and memory map

LOAD ../bailab_bsp//obj/HAL/src/crt0.o
LOAD obj/default/source.o
LOAD c:/setupquatus/nios2eds/bin/gnu/h-i686-mingw32/bin/../lib/gcc/nios2-elf/4.1.2/../../../../nios2-elf/lib/mno-hw-mul\libstdc++.a
LOAD c:/setupquatus/nios2eds/bin/gnu/h-i686-mingw32/bin/../lib/gcc/nios2-elf/4.1.2/../../../../nios2-elf/lib/mno-hw-mul\libm.a
LOAD c:/setupquatus/nios2eds/bin/gnu/h-i686-mingw32/bin/../lib/gcc/nios2-elf/4.1.2/mno-hw-mul\libgcc.a
START GROUP
LOAD c:/setupquatus/nios2eds/bin/gnu/h-i686-mingw32/bin/../lib/gcc/nios2-elf/4.1.2/../../../../nios2-elf/lib/mno-hw-mul\libsmallc.a
LOAD c:/setupquatus/nios2eds/bin/gnu/h-i686-mingw32/bin/../lib/gcc/nios2-elf/4.1.2/mno-hw-mul\libgcc.a
LOAD ../bailab_bsp/\libhal_bsp.a
END GROUP
LOAD c:/setupquatus/nios2eds/bin/gnu/h-i686-mingw32/bin/../lib/gcc/nios2-elf/4.1.2/mno-hw-mul\libgcc.a
                0x00008000                __alt_mem_onchip_memory2_0 = 0x8000

.entry          0x00008000       0x20
 *(.entry)
 .entry         0x00008000       0x20 ../bailab_bsp//obj/HAL/src/crt0.o
                0x00008000                __reset

.exceptions     0x00008020        0x0
                0x00008020                PROVIDE (__ram_exceptions_start, ABSOLUTE (.))
                0x00008020                . = ALIGN (0x20)
 *(.irq)
 *(.exceptions.entry.label)
 *(.exceptions.entry.user)
 *(.exceptions.entry)
 *(.exceptions.irqtest.user)
 *(.exceptions.irqtest)
 *(.exceptions.irqhandler.user)
 *(.exceptions.irqhandler)
 *(.exceptions.irqreturn.user)
 *(.exceptions.irqreturn)
 *(.exceptions.notirq.label)
 *(.exceptions.notirq.user)
 *(.exceptions.notirq)
 *(.exceptions.soft.user)
 *(.exceptions.soft)
 *(.exceptions.unknown.user)
 *(.exceptions.unknown)
 *(.exceptions.exit.label)
 *(.exceptions.exit.user)
 *(.exceptions.exit)
 *(.exceptions)
                0x00008020                PROVIDE (__ram_exceptions_end, ABSOLUTE (.))
                0x00008020                PROVIDE (__flash_exceptions_start, LOADADDR (.exceptions))

.text           0x00008020     0x3300
                0x00008020                PROVIDE (stext, ABSOLUTE (.))
 *(.interp)
 *(.hash)
 *(.dynsym)
 *(.dynstr)
 *(.gnu.version)
 *(.gnu.version_d)
 *(.gnu.version_r)
 *(.rel.init)
 *(.rela.init)
 *(.rel.text .rel.text.* .rel.gnu.linkonce.t.*)
 *(.rela.text .rela.text.* .rela.gnu.linkonce.t.*)
 *(.rel.fini)
 *(.rela.fini)
 *(.rel.rodata .rel.rodata.* .rel.gnu.linkonce.r.*)
 *(.rela.rodata .rela.rodata.* .rela.gnu.linkonce.r.*)
 *(.rel.data .rel.data.* .rel.gnu.linkonce.d.*)
 *(.rela.data .rela.data.* .rela.gnu.linkonce.d.*)
 *(.rel.tdata .rel.tdata.* .rel.gnu.linkonce.td.*)
 *(.rela.tdata .rela.tdata.* .rela.gnu.linkonce.td.*)
 *(.rel.tbss .rel.tbss.* .rel.gnu.linkonce.tb.*)
 *(.rela.tbss .rela.tbss.* .rela.gnu.linkonce.tb.*)
 *(.rel.ctors)
 *(.rela.ctors)
 *(.rel.dtors)
 *(.rela.dtors)
 *(.rel.got)
 *(.rela.got)
 *(.rel.sdata .rel.sdata.* .rel.gnu.linkonce.s.*)
 *(.rela.sdata .rela.sdata.* .rela.gnu.linkonce.s.*)
 *(.rel.sbss .rel.sbss.* .rel.gnu.linkonce.sb.*)
 *(.rela.sbss .rela.sbss.* .rela.gnu.linkonce.sb.*)
 *(.rel.sdata2 .rel.sdata2.* .rel.gnu.linkonce.s2.*)
 *(.rela.sdata2 .rela.sdata2.* .rela.gnu.linkonce.s2.*)
 *(.rel.sbss2 .rel.sbss2.* .rel.gnu.linkonce.sb2.*)
 *(.rela.sbss2 .rela.sbss2.* .rela.gnu.linkonce.sb2.*)
 *(.rel.bss .rel.bss.* .rel.gnu.linkonce.b.*)
 *(.rela.bss .rela.bss.* .rela.gnu.linkonce.b.*)
 *(.rel.plt)
 *(.rela.plt)
 *(.rel.dyn)
 *(.init)
 *(.plt)
 *(.text .stub .text.* .gnu.linkonce.t.*)
 .text          0x00008020       0x3c ../bailab_bsp//obj/HAL/src/crt0.o
                0x00008020                _start
 .text          0x0000805c     0x12b0 obj/default/source.o
                0x0000805c                main
 .text          0x0000930c       0x98 c:/setupquatus/nios2eds/bin/gnu/h-i686-mingw32/bin/../lib/gcc/nios2-elf/4.1.2/../../../../nios2-elf/lib/mno-hw-mul\libsmallc.a(lib_a-printf.o)
                0x0000930c                printf
                0x00009360                _printf_r
 .text          0x000093a4       0xa4 c:/setupquatus/nios2eds/bin/gnu/h-i686-mingw32/bin/../lib/gcc/nios2-elf/4.1.2/../../../../nios2-elf/lib/mno-hw-mul\libsmallc.a(lib_a-puts.o)
                0x000093a4                _puts_r
                0x00009434                puts
 .text          0x00009448       0x20 c:/setupquatus/nios2eds/bin/gnu/h-i686-mingw32/bin/../lib/gcc/nios2-elf/4.1.2/../../../../nios2-elf/lib/mno-hw-mul\libsmallc.a(lib_a-strlen.o)
                0x00009448                strlen
 .text          0x00009468      0x740 c:/setupquatus/nios2eds/bin/gnu/h-i686-mingw32/bin/../lib/gcc/nios2-elf/4.1.2/../../../../nios2-elf/lib/mno-hw-mul\libsmallc.a(lib_a-vfprintf.o)
                0x000094e8                ___vfprintf_internal_r
                0x00009b84                __vfprintf_internal
 .text          0x00009ba8       0xbc c:/setupquatus/nios2eds/bin/gnu/h-i686-mingw32/bin/../lib/gcc/nios2-elf/4.1.2/../../../../nios2-elf/lib/mno-hw-mul\libsmallc.a(lib_a-fvwrite_small_dev.o)
                0x00009ba8                __sfvwrite_small_dev
 .text          0x00009c64        0x0 c:/setupquatus/nios2eds/bin/gnu/h-i686-mingw32/bin/../lib/gcc/nios2-elf/4.1.2/../../../../nios2-elf/lib/mno-hw-mul\libsmallc.a(lib_a-impure.o)
 .text          0x00009c64       0x78 c:/setupquatus/nios2eds/bin/gnu/h-i686-mingw32/bin/../lib/gcc/nios2-elf/4.1.2/../../../../nios2-elf/lib/mno-hw-mul\libsmallc.a(lib_a-writer.o)
                0x00009c64                _write_r
 .text          0x00009cdc        0x0 c:/setupquatus/nios2eds/bin/gnu/h-i686-mingw32/bin/../lib/gcc/nios2-elf/4.1.2/../../../../nios2-elf/lib/mno-hw-mul\libsmallc.a(lib_a-int_errno.o)
 .text          0x00009cdc      0x14c c:/setupquatus/nios2eds/bin/gnu/h-i686-mingw32/bin/../lib/gcc/nios2-elf/4.1.2/mno-hw-mul\libgcc.a(lib2-divmod.o)
                0x00009d58                __divsi3
                0x00009db8                __modsi3
                0x00009e18                __udivsi3
                0x00009e20                __umodsi3
 .text          0x00009e28       0x38 c:/setupquatus/nios2eds/bin/gnu/h-i686-mingw32/bin/../lib/gcc/nios2-elf/4.1.2/mno-hw-mul\libgcc.a(lib2-mul.o)
                0x00009e28                __mulsi3
 .text          0x00009e60       0xec ../bailab_bsp/\libhal_bsp.a(alt_load.o)
                0x00009e60                alt_load
 .text          0x00009f4c       0x6c ../bailab_bsp/\libhal_bsp.a(alt_main.o)
                0x00009f4c                alt_main
 .text          0x00009fb8      0x184 ../bailab_bsp/\libhal_bsp.a(alt_write.o)
                0x00009fb8                write
 .text          0x0000a13c       0x9c ../bailab_bsp/\libhal_bsp.a(alt_sys_init.o)
                0x0000a13c                alt_irq_init
                0x0000a170                alt_sys_init
 .text          0x0000a1d8       0xb0 ../bailab_bsp/\libhal_bsp.a(altera_avalon_jtag_uart_fd.o)
                0x0000a1d8                altera_avalon_jtag_uart_read_fd
                0x0000a230                altera_avalon_jtag_uart_write_fd
 .text          0x0000a288      0x104 ../bailab_bsp/\libhal_bsp.a(altera_avalon_jtag_uart_read.o)
                0x0000a288                altera_avalon_jtag_uart_read
 .text          0x0000a38c       0xa4 ../bailab_bsp/\libhal_bsp.a(altera_avalon_jtag_uart_write.o)
                0x0000a38c                altera_avalon_jtag_uart_write
 .text          0x0000a430      0x160 ../bailab_bsp/\libhal_bsp.a(alt_close.o)
                0x0000a430                close
 .text          0x0000a590       0x1c ../bailab_bsp/\libhal_bsp.a(alt_dcache_flush_all.o)
                0x0000a590                alt_dcache_flush_all
 .text          0x0000a5ac       0x2c ../bailab_bsp/\libhal_bsp.a(alt_dev.o)
 .text          0x0000a5d8      0x114 ../bailab_bsp/\libhal_bsp.a(alt_dev_llist_insert.o)
                0x0000a5d8                alt_dev_llist_insert
 .text          0x0000a6ec       0x64 ../bailab_bsp/\libhal_bsp.a(alt_do_ctors.o)
                0x0000a6ec                _do_ctors
 .text          0x0000a750       0x64 ../bailab_bsp/\libhal_bsp.a(alt_do_dtors.o)
                0x0000a750                _do_dtors
 .text          0x0000a7b4        0x0 ../bailab_bsp/\libhal_bsp.a(alt_errno.o)
 .text          0x0000a7b4       0x1c ../bailab_bsp/\libhal_bsp.a(alt_icache_flush_all.o)
                0x0000a7b4                alt_icache_flush_all
 .text          0x0000a7d0      0x150 ../bailab_bsp/\libhal_bsp.a(alt_io_redirect.o)
                0x0000a8a8                alt_io_redirect
 .text          0x0000a920      0x2e4 ../bailab_bsp/\libhal_bsp.a(alt_open.o)
                0x0000aa18                open
 .text          0x0000ac04       0x78 ../bailab_bsp/\libhal_bsp.a(alt_release_fd.o)
                0x0000ac04                alt_release_fd
 .text          0x0000ac7c       0x20 ../bailab_bsp/\libhal_bsp.a(altera_nios2_qsys_irq.o)
                0x0000ac7c                altera_nios2_qsys_irq_init
 .text          0x0000ac9c       0x94 ../bailab_bsp/\libhal_bsp.a(alt_find_dev.o)
                0x0000ac9c                alt_find_dev
 .text          0x0000ad30      0x120 ../bailab_bsp/\libhal_bsp.a(alt_find_file.o)
                0x0000ad30                alt_find_file
 .text          0x0000ae50       0xd0 ../bailab_bsp/\libhal_bsp.a(alt_get_fd.o)
                0x0000ae50                alt_get_fd
 .text          0x0000af20       0x14 c:/setupquatus/nios2eds/bin/gnu/h-i686-mingw32/bin/../lib/gcc/nios2-elf/4.1.2/../../../../nios2-elf/lib/mno-hw-mul\libsmallc.a(lib_a-atexit.o)
                0x0000af20                atexit
 .text          0x0000af34       0x20 c:/setupquatus/nios2eds/bin/gnu/h-i686-mingw32/bin/../lib/gcc/nios2-elf/4.1.2/../../../../nios2-elf/lib/mno-hw-mul\libsmallc.a(lib_a-exit.o)
                0x0000af34                exit
 .text          0x0000af54       0x3c c:/setupquatus/nios2eds/bin/gnu/h-i686-mingw32/bin/../lib/gcc/nios2-elf/4.1.2/../../../../nios2-elf/lib/mno-hw-mul\libsmallc.a(lib_a-memcmp.o)
                0x0000af54                memcmp
 .text          0x0000af90      0x16c c:/setupquatus/nios2eds/bin/gnu/h-i686-mingw32/bin/../lib/gcc/nios2-elf/4.1.2/../../../../nios2-elf/lib/mno-hw-mul\libsmallc.a(lib_a-__atexit.o)
                0x0000af90                __register_exitproc
 .text          0x0000b0fc      0x1c0 c:/setupquatus/nios2eds/bin/gnu/h-i686-mingw32/bin/../lib/gcc/nios2-elf/4.1.2/../../../../nios2-elf/lib/mno-hw-mul\libsmallc.a(lib_a-__call_atexit.o)
                0x0000b100                __call_exitprocs
 .text          0x0000b2bc       0x60 ../bailab_bsp/\libhal_bsp.a(alt_exit.o)
                0x0000b2fc                _exit
 *(.gnu.warning.*)
 *(.fini)
                0x0000b31c                PROVIDE (__etext, ABSOLUTE (.))
                0x0000b31c                PROVIDE (_etext, ABSOLUTE (.))
                0x0000b31c                PROVIDE (etext, ABSOLUTE (.))
 *(.eh_frame_hdr)
                0x0000b31c                . = ALIGN (0x4)
                0x0000b31c                PROVIDE (__preinit_array_start, ABSOLUTE (.))
 *(.preinit_array)
                0x0000b31c                PROVIDE (__preinit_array_end, ABSOLUTE (.))
                0x0000b31c                PROVIDE (__init_array_start, ABSOLUTE (.))
 *(.init_array)
                0x0000b31c                PROVIDE (__init_array_end, ABSOLUTE (.))
                0x0000b31c                PROVIDE (__fini_array_start, ABSOLUTE (.))
 *(.fini_array)
                0x0000b31c                PROVIDE (__fini_array_end, ABSOLUTE (.))
 *(.eh_frame)
 *(.gcc_except_table)
 *(.dynamic)
                0x0000b31c                PROVIDE (__CTOR_LIST__, ABSOLUTE (.))
 *(.ctors)
 *(SORT(.ctors.*))
 .ctors.65535   0x0000b31c        0x4 c:/setupquatus/nios2eds/bin/gnu/h-i686-mingw32/bin/../lib/gcc/nios2-elf/4.1.2/../../../../nios2-elf/lib/mno-hw-mul\libsmallc.a(lib_a-__call_atexit.o)
                0x0000b320                PROVIDE (__CTOR_END__, ABSOLUTE (.))
                0x0000b320                PROVIDE (__DTOR_LIST__, ABSOLUTE (.))
 *(.dtors)
 *(SORT(.dtors.*))
                0x0000b320                PROVIDE (__DTOR_END__, ABSOLUTE (.))
 *(.jcr)
                0x0000b320                . = ALIGN (0x4)

.rodata         0x0000b320       0x90
                0x0000b320                PROVIDE (__ram_rodata_start, ABSOLUTE (.))
                0x0000b320                . = ALIGN (0x4)
 *(.rodata .rodata.* .gnu.linkonce.r.*)
 .rodata        0x0000b320       0x58 obj/default/source.o
 .rodata.str1.4
                0x0000b378        0x4 c:/setupquatus/nios2eds/bin/gnu/h-i686-mingw32/bin/../lib/gcc/nios2-elf/4.1.2/../../../../nios2-elf/lib/mno-hw-mul\libsmallc.a(lib_a-puts.o)
 .rodata        0x0000b37c       0x14 ../bailab_bsp/\libhal_bsp.a(alt_main.o)
 .rodata        0x0000b390       0x14 ../bailab_bsp/\libhal_bsp.a(alt_sys_init.o)
 .rodata        0x0000b3a4        0xc ../bailab_bsp/\libhal_bsp.a(alt_dev.o)
 *(.rodata1)
                0x0000b3b0                . = ALIGN (0x4)
                0x0000b3b0                PROVIDE (__ram_rodata_end, ABSOLUTE (.))
                0x0000b320                PROVIDE (__flash_rodata_start, LOADADDR (.rodata))

.rwdata         0x0000b3b0      0x2d4 load address 0x0000b684
                0x0000b3b0                PROVIDE (__ram_rwdata_start, ABSOLUTE (.))
                0x0000b3b0                . = ALIGN (0x4)
 *(.got.plt)
 *(.got)
 *(.data1)
 *(.data .data.* .gnu.linkonce.d.*)
 .data          0x0000b3b0        0x0 ../bailab_bsp//obj/HAL/src/crt0.o
 .data          0x0000b3b0        0x0 obj/default/source.o
 .data          0x0000b3b0        0x0 c:/setupquatus/nios2eds/bin/gnu/h-i686-mingw32/bin/../lib/gcc/nios2-elf/4.1.2/../../../../nios2-elf/lib/mno-hw-mul\libsmallc.a(lib_a-printf.o)
 .data          0x0000b3b0        0x0 c:/setupquatus/nios2eds/bin/gnu/h-i686-mingw32/bin/../lib/gcc/nios2-elf/4.1.2/../../../../nios2-elf/lib/mno-hw-mul\libsmallc.a(lib_a-puts.o)
 .data          0x0000b3b0        0x0 c:/setupquatus/nios2eds/bin/gnu/h-i686-mingw32/bin/../lib/gcc/nios2-elf/4.1.2/../../../../nios2-elf/lib/mno-hw-mul\libsmallc.a(lib_a-strlen.o)
 .data          0x0000b3b0        0x0 c:/setupquatus/nios2eds/bin/gnu/h-i686-mingw32/bin/../lib/gcc/nios2-elf/4.1.2/../../../../nios2-elf/lib/mno-hw-mul\libsmallc.a(lib_a-vfprintf.o)
 .data          0x0000b3b0        0x0 c:/setupquatus/nios2eds/bin/gnu/h-i686-mingw32/bin/../lib/gcc/nios2-elf/4.1.2/../../../../nios2-elf/lib/mno-hw-mul\libsmallc.a(lib_a-fvwrite_small_dev.o)
 .data          0x0000b3b0       0xe0 c:/setupquatus/nios2eds/bin/gnu/h-i686-mingw32/bin/../lib/gcc/nios2-elf/4.1.2/../../../../nios2-elf/lib/mno-hw-mul\libsmallc.a(lib_a-impure.o)
 .data          0x0000b490        0x0 c:/setupquatus/nios2eds/bin/gnu/h-i686-mingw32/bin/../lib/gcc/nios2-elf/4.1.2/../../../../nios2-elf/lib/mno-hw-mul\libsmallc.a(lib_a-writer.o)
 .data          0x0000b490        0x0 c:/setupquatus/nios2eds/bin/gnu/h-i686-mingw32/bin/../lib/gcc/nios2-elf/4.1.2/../../../../nios2-elf/lib/mno-hw-mul\libsmallc.a(lib_a-int_errno.o)
 .data          0x0000b490        0x0 c:/setupquatus/nios2eds/bin/gnu/h-i686-mingw32/bin/../lib/gcc/nios2-elf/4.1.2/mno-hw-mul\libgcc.a(lib2-divmod.o)
 .data          0x0000b490        0x0 c:/setupquatus/nios2eds/bin/gnu/h-i686-mingw32/bin/../lib/gcc/nios2-elf/4.1.2/mno-hw-mul\libgcc.a(lib2-mul.o)
 .data          0x0000b490        0x0 ../bailab_bsp/\libhal_bsp.a(alt_load.o)
 .data          0x0000b490        0x0 ../bailab_bsp/\libhal_bsp.a(alt_main.o)
 .data          0x0000b490        0x0 ../bailab_bsp/\libhal_bsp.a(alt_write.o)
 .data          0x0000b490       0x2c ../bailab_bsp/\libhal_bsp.a(alt_sys_init.o)
 .data          0x0000b4bc        0x0 ../bailab_bsp/\libhal_bsp.a(altera_avalon_jtag_uart_fd.o)
 .data          0x0000b4bc        0x0 ../bailab_bsp/\libhal_bsp.a(altera_avalon_jtag_uart_read.o)
 .data          0x0000b4bc        0x0 ../bailab_bsp/\libhal_bsp.a(altera_avalon_jtag_uart_write.o)
 .data          0x0000b4bc        0x0 ../bailab_bsp/\libhal_bsp.a(alt_close.o)
 .data          0x0000b4bc        0x0 ../bailab_bsp/\libhal_bsp.a(alt_dcache_flush_all.o)
 .data          0x0000b4bc      0x1a8 ../bailab_bsp/\libhal_bsp.a(alt_dev.o)
                0x0000b4bc                alt_dev_null
                0x0000b4e4                alt_fd_list
 .data          0x0000b664        0x0 ../bailab_bsp/\libhal_bsp.a(alt_dev_llist_insert.o)
 .data          0x0000b664        0x0 ../bailab_bsp/\libhal_bsp.a(alt_do_ctors.o)
 .data          0x0000b664        0x0 ../bailab_bsp/\libhal_bsp.a(alt_do_dtors.o)
 .data          0x0000b664        0x0 ../bailab_bsp/\libhal_bsp.a(alt_errno.o)
 .data          0x0000b664        0x0 ../bailab_bsp/\libhal_bsp.a(alt_icache_flush_all.o)
 .data          0x0000b664        0x0 ../bailab_bsp/\libhal_bsp.a(alt_io_redirect.o)
 .data          0x0000b664        0x0 ../bailab_bsp/\libhal_bsp.a(alt_open.o)
 .data          0x0000b664        0x0 ../bailab_bsp/\libhal_bsp.a(alt_release_fd.o)
 .data          0x0000b664        0x0 ../bailab_bsp/\libhal_bsp.a(altera_nios2_qsys_irq.o)
 .data          0x0000b664        0x0 ../bailab_bsp/\libhal_bsp.a(alt_find_dev.o)
 .data          0x0000b664        0x0 ../bailab_bsp/\libhal_bsp.a(alt_find_file.o)
 .data          0x0000b664        0x0 ../bailab_bsp/\libhal_bsp.a(alt_get_fd.o)
 .data          0x0000b664        0x0 c:/setupquatus/nios2eds/bin/gnu/h-i686-mingw32/bin/../lib/gcc/nios2-elf/4.1.2/../../../../nios2-elf/lib/mno-hw-mul\libsmallc.a(lib_a-atexit.o)
 .data          0x0000b664        0x0 c:/setupquatus/nios2eds/bin/gnu/h-i686-mingw32/bin/../lib/gcc/nios2-elf/4.1.2/../../../../nios2-elf/lib/mno-hw-mul\libsmallc.a(lib_a-exit.o)
 .data          0x0000b664        0x0 c:/setupquatus/nios2eds/bin/gnu/h-i686-mingw32/bin/../lib/gcc/nios2-elf/4.1.2/../../../../nios2-elf/lib/mno-hw-mul\libsmallc.a(lib_a-memcmp.o)
 .data          0x0000b664        0x0 c:/setupquatus/nios2eds/bin/gnu/h-i686-mingw32/bin/../lib/gcc/nios2-elf/4.1.2/../../../../nios2-elf/lib/mno-hw-mul\libsmallc.a(lib_a-__atexit.o)
 .data          0x0000b664        0x0 c:/setupquatus/nios2eds/bin/gnu/h-i686-mingw32/bin/../lib/gcc/nios2-elf/4.1.2/../../../../nios2-elf/lib/mno-hw-mul\libsmallc.a(lib_a-__call_atexit.o)
 .data          0x0000b664        0x0 ../bailab_bsp/\libhal_bsp.a(alt_exit.o)
                0x00013664                _gp = ABSOLUTE ((. + 0x8000))
                0x00013664                PROVIDE (gp, _gp)
 *(.rwdata .rwdata.*)
 *(.sdata .sdata.* .gnu.linkonce.s.*)
 .sdata         0x0000b664        0x8 c:/setupquatus/nios2eds/bin/gnu/h-i686-mingw32/bin/../lib/gcc/nios2-elf/4.1.2/../../../../nios2-elf/lib/mno-hw-mul\libsmallc.a(lib_a-impure.o)
                0x0000b664                _impure_ptr
                0x0000b668                _global_impure_ptr
 .sdata         0x0000b66c       0x14 ../bailab_bsp/\libhal_bsp.a(alt_dev.o)
                0x0000b66c                alt_fs_list
                0x0000b674                alt_dev_list
                0x0000b67c                alt_max_fd
 .sdata         0x0000b680        0x4 ../bailab_bsp/\libhal_bsp.a(alt_errno.o)
                0x0000b680                alt_errno
 *(.sdata2 .sdata2.* .gnu.linkonce.s2.*)
                0x0000b684                . = ALIGN (0x4)
                0x0000b684                _edata = ABSOLUTE (.)
                0x0000b684                PROVIDE (edata, ABSOLUTE (.))
                0x0000b684                PROVIDE (__ram_rwdata_end, ABSOLUTE (.))
                0x0000b684                PROVIDE (__flash_rwdata_start, LOADADDR (.rwdata))

.bss            0x0000b958       0x9c
                0x0000b958                __bss_start = ABSOLUTE (.)
                0x0000b958                PROVIDE (__sbss_start, ABSOLUTE (.))
                0x0000b958                PROVIDE (___sbss_start, ABSOLUTE (.))
 *(.dynsbss)
 *(.sbss .sbss.* .gnu.linkonce.sb.*)
 .sbss          0x0000b958        0x4 c:/setupquatus/nios2eds/bin/gnu/h-i686-mingw32/bin/../lib/gcc/nios2-elf/4.1.2/../../../../nios2-elf/lib/mno-hw-mul\libsmallc.a(lib_a-int_errno.o)
                0x0000b958                errno
 .sbss          0x0000b95c        0xc ../bailab_bsp/\libhal_bsp.a(alt_main.o)
                0x0000b95c                alt_argc
                0x0000b960                alt_argv
                0x0000b964                alt_envp
 *(.sbss2 .sbss2.* .gnu.linkonce.sb2.*)
 *(.scommon)
                0x0000b968                PROVIDE (__sbss_end, ABSOLUTE (.))
                0x0000b968                PROVIDE (___sbss_end, ABSOLUTE (.))
 *(.dynbss)
 *(.bss .bss.* .gnu.linkonce.b.*)
 .bss           0x0000b968        0x0 ../bailab_bsp//obj/HAL/src/crt0.o
 .bss           0x0000b968        0x0 obj/default/source.o
 .bss           0x0000b968        0x0 c:/setupquatus/nios2eds/bin/gnu/h-i686-mingw32/bin/../lib/gcc/nios2-elf/4.1.2/../../../../nios2-elf/lib/mno-hw-mul\libsmallc.a(lib_a-printf.o)
 .bss           0x0000b968        0x0 c:/setupquatus/nios2eds/bin/gnu/h-i686-mingw32/bin/../lib/gcc/nios2-elf/4.1.2/../../../../nios2-elf/lib/mno-hw-mul\libsmallc.a(lib_a-puts.o)
 .bss           0x0000b968        0x0 c:/setupquatus/nios2eds/bin/gnu/h-i686-mingw32/bin/../lib/gcc/nios2-elf/4.1.2/../../../../nios2-elf/lib/mno-hw-mul\libsmallc.a(lib_a-strlen.o)
 .bss           0x0000b968        0x0 c:/setupquatus/nios2eds/bin/gnu/h-i686-mingw32/bin/../lib/gcc/nios2-elf/4.1.2/../../../../nios2-elf/lib/mno-hw-mul\libsmallc.a(lib_a-vfprintf.o)
 .bss           0x0000b968        0x0 c:/setupquatus/nios2eds/bin/gnu/h-i686-mingw32/bin/../lib/gcc/nios2-elf/4.1.2/../../../../nios2-elf/lib/mno-hw-mul\libsmallc.a(lib_a-fvwrite_small_dev.o)
 .bss           0x0000b968        0x0 c:/setupquatus/nios2eds/bin/gnu/h-i686-mingw32/bin/../lib/gcc/nios2-elf/4.1.2/../../../../nios2-elf/lib/mno-hw-mul\libsmallc.a(lib_a-impure.o)
 .bss           0x0000b968        0x0 c:/setupquatus/nios2eds/bin/gnu/h-i686-mingw32/bin/../lib/gcc/nios2-elf/4.1.2/../../../../nios2-elf/lib/mno-hw-mul\libsmallc.a(lib_a-writer.o)
 .bss           0x0000b968        0x0 c:/setupquatus/nios2eds/bin/gnu/h-i686-mingw32/bin/../lib/gcc/nios2-elf/4.1.2/../../../../nios2-elf/lib/mno-hw-mul\libsmallc.a(lib_a-int_errno.o)
 .bss           0x0000b968        0x0 c:/setupquatus/nios2eds/bin/gnu/h-i686-mingw32/bin/../lib/gcc/nios2-elf/4.1.2/mno-hw-mul\libgcc.a(lib2-divmod.o)
 .bss           0x0000b968        0x0 c:/setupquatus/nios2eds/bin/gnu/h-i686-mingw32/bin/../lib/gcc/nios2-elf/4.1.2/mno-hw-mul\libgcc.a(lib2-mul.o)
 .bss           0x0000b968        0x0 ../bailab_bsp/\libhal_bsp.a(alt_load.o)
 .bss           0x0000b968        0x0 ../bailab_bsp/\libhal_bsp.a(alt_main.o)
 .bss           0x0000b968        0x0 ../bailab_bsp/\libhal_bsp.a(alt_write.o)
 .bss           0x0000b968        0x0 ../bailab_bsp/\libhal_bsp.a(alt_sys_init.o)
 .bss           0x0000b968        0x0 ../bailab_bsp/\libhal_bsp.a(altera_avalon_jtag_uart_fd.o)
 .bss           0x0000b968        0x0 ../bailab_bsp/\libhal_bsp.a(altera_avalon_jtag_uart_read.o)
 .bss           0x0000b968        0x0 ../bailab_bsp/\libhal_bsp.a(altera_avalon_jtag_uart_write.o)
 .bss           0x0000b968        0x0 ../bailab_bsp/\libhal_bsp.a(alt_close.o)
 .bss           0x0000b968        0x0 ../bailab_bsp/\libhal_bsp.a(alt_dcache_flush_all.o)
 .bss           0x0000b968        0x0 ../bailab_bsp/\libhal_bsp.a(alt_dev.o)
 .bss           0x0000b968        0x0 ../bailab_bsp/\libhal_bsp.a(alt_dev_llist_insert.o)
 .bss           0x0000b968        0x0 ../bailab_bsp/\libhal_bsp.a(alt_do_ctors.o)
 .bss           0x0000b968        0x0 ../bailab_bsp/\libhal_bsp.a(alt_do_dtors.o)
 .bss           0x0000b968        0x0 ../bailab_bsp/\libhal_bsp.a(alt_errno.o)
 .bss           0x0000b968        0x0 ../bailab_bsp/\libhal_bsp.a(alt_icache_flush_all.o)
 .bss           0x0000b968        0x0 ../bailab_bsp/\libhal_bsp.a(alt_io_redirect.o)
 .bss           0x0000b968        0x0 ../bailab_bsp/\libhal_bsp.a(alt_open.o)
 .bss           0x0000b968        0x0 ../bailab_bsp/\libhal_bsp.a(alt_release_fd.o)
 .bss           0x0000b968        0x0 ../bailab_bsp/\libhal_bsp.a(altera_nios2_qsys_irq.o)
 .bss           0x0000b968        0x0 ../bailab_bsp/\libhal_bsp.a(alt_find_dev.o)
 .bss           0x0000b968        0x0 ../bailab_bsp/\libhal_bsp.a(alt_find_file.o)
 .bss           0x0000b968        0x0 ../bailab_bsp/\libhal_bsp.a(alt_get_fd.o)
 .bss           0x0000b968        0x0 c:/setupquatus/nios2eds/bin/gnu/h-i686-mingw32/bin/../lib/gcc/nios2-elf/4.1.2/../../../../nios2-elf/lib/mno-hw-mul\libsmallc.a(lib_a-atexit.o)
 .bss           0x0000b968        0x0 c:/setupquatus/nios2eds/bin/gnu/h-i686-mingw32/bin/../lib/gcc/nios2-elf/4.1.2/../../../../nios2-elf/lib/mno-hw-mul\libsmallc.a(lib_a-exit.o)
 .bss           0x0000b968        0x0 c:/setupquatus/nios2eds/bin/gnu/h-i686-mingw32/bin/../lib/gcc/nios2-elf/4.1.2/../../../../nios2-elf/lib/mno-hw-mul\libsmallc.a(lib_a-memcmp.o)
 .bss           0x0000b968        0x0 c:/setupquatus/nios2eds/bin/gnu/h-i686-mingw32/bin/../lib/gcc/nios2-elf/4.1.2/../../../../nios2-elf/lib/mno-hw-mul\libsmallc.a(lib_a-__atexit.o)
 .bss           0x0000b968        0x0 c:/setupquatus/nios2eds/bin/gnu/h-i686-mingw32/bin/../lib/gcc/nios2-elf/4.1.2/../../../../nios2-elf/lib/mno-hw-mul\libsmallc.a(lib_a-__call_atexit.o)
 .bss           0x0000b968        0x0 ../bailab_bsp/\libhal_bsp.a(alt_exit.o)
 *(COMMON)
 COMMON         0x0000b968       0x8c c:/setupquatus/nios2eds/bin/gnu/h-i686-mingw32/bin/../lib/gcc/nios2-elf/4.1.2/../../../../nios2-elf/lib/mno-hw-mul\libsmallc.a(lib_a-atexit.o)
                0x0000b968                _atexit0
                0x0000b9f4                . = ALIGN (0x4)
                0x0000b9f4                __bss_end = ABSOLUTE (.)

.onchip_memory2_0
                0x0000b9f4        0x0
                0x0000b9f4                PROVIDE (_alt_partition_onchip_memory2_0_start, ABSOLUTE (.))
 *(.onchip_memory2_0. onchip_memory2_0.*)
                0x0000b9f4                . = ALIGN (0x4)
                0x0000b9f4                PROVIDE (_alt_partition_onchip_memory2_0_end, ABSOLUTE (.))
                0x0000b9f4                _end = ABSOLUTE (.)
                0x0000b9f4                end = ABSOLUTE (.)
                0x0000b9f4                __alt_stack_base = ABSOLUTE (.)
                0x0000b9f4                PROVIDE (_alt_partition_onchip_memory2_0_load_addr, LOADADDR (.onchip_memory2_0))

.stab
 *(.stab)

.stabstr
 *(.stabstr)

.stab.excl
 *(.stab.excl)

.stab.exclstr
 *(.stab.exclstr)

.stab.index
 *(.stab.index)

.stab.indexstr
 *(.stab.indexstr)

.comment        0x00000000       0x26
 *(.comment)
 .comment       0x00000000       0x26 obj/default/source.o
                                 0x27 (size before relaxing)
 .comment       0x00000000       0x27 c:/setupquatus/nios2eds/bin/gnu/h-i686-mingw32/bin/../lib/gcc/nios2-elf/4.1.2/../../../../nios2-elf/lib/mno-hw-mul\libsmallc.a(lib_a-printf.o)
 .comment       0x00000000       0x27 c:/setupquatus/nios2eds/bin/gnu/h-i686-mingw32/bin/../lib/gcc/nios2-elf/4.1.2/../../../../nios2-elf/lib/mno-hw-mul\libsmallc.a(lib_a-puts.o)
 .comment       0x00000000       0x27 c:/setupquatus/nios2eds/bin/gnu/h-i686-mingw32/bin/../lib/gcc/nios2-elf/4.1.2/../../../../nios2-elf/lib/mno-hw-mul\libsmallc.a(lib_a-strlen.o)
 .comment       0x00000000       0x27 c:/setupquatus/nios2eds/bin/gnu/h-i686-mingw32/bin/../lib/gcc/nios2-elf/4.1.2/../../../../nios2-elf/lib/mno-hw-mul\libsmallc.a(lib_a-vfprintf.o)
 .comment       0x00000000       0x27 c:/setupquatus/nios2eds/bin/gnu/h-i686-mingw32/bin/../lib/gcc/nios2-elf/4.1.2/../../../../nios2-elf/lib/mno-hw-mul\libsmallc.a(lib_a-fvwrite_small_dev.o)
 .comment       0x00000000       0x27 c:/setupquatus/nios2eds/bin/gnu/h-i686-mingw32/bin/../lib/gcc/nios2-elf/4.1.2/../../../../nios2-elf/lib/mno-hw-mul\libsmallc.a(lib_a-impure.o)
 .comment       0x00000000       0x27 c:/setupquatus/nios2eds/bin/gnu/h-i686-mingw32/bin/../lib/gcc/nios2-elf/4.1.2/../../../../nios2-elf/lib/mno-hw-mul\libsmallc.a(lib_a-writer.o)
 .comment       0x00000000       0x27 c:/setupquatus/nios2eds/bin/gnu/h-i686-mingw32/bin/../lib/gcc/nios2-elf/4.1.2/../../../../nios2-elf/lib/mno-hw-mul\libsmallc.a(lib_a-int_errno.o)
 .comment       0x00000000       0x27 c:/setupquatus/nios2eds/bin/gnu/h-i686-mingw32/bin/../lib/gcc/nios2-elf/4.1.2/mno-hw-mul\libgcc.a(lib2-divmod.o)
 .comment       0x00000000       0x27 c:/setupquatus/nios2eds/bin/gnu/h-i686-mingw32/bin/../lib/gcc/nios2-elf/4.1.2/mno-hw-mul\libgcc.a(lib2-mul.o)
 .comment       0x00000000       0x27 ../bailab_bsp/\libhal_bsp.a(alt_load.o)
 .comment       0x00000000       0x27 ../bailab_bsp/\libhal_bsp.a(alt_main.o)
 .comment       0x00000000       0x27 ../bailab_bsp/\libhal_bsp.a(alt_write.o)
 .comment       0x00000000       0x27 ../bailab_bsp/\libhal_bsp.a(alt_sys_init.o)
 .comment       0x00000000       0x27 ../bailab_bsp/\libhal_bsp.a(altera_avalon_jtag_uart_fd.o)
 .comment       0x00000000       0x27 ../bailab_bsp/\libhal_bsp.a(altera_avalon_jtag_uart_read.o)
 .comment       0x00000000       0x27 ../bailab_bsp/\libhal_bsp.a(altera_avalon_jtag_uart_write.o)
 .comment       0x00000000       0x27 ../bailab_bsp/\libhal_bsp.a(alt_close.o)
 .comment       0x00000000       0x27 ../bailab_bsp/\libhal_bsp.a(alt_dcache_flush_all.o)
 .comment       0x00000000       0x27 ../bailab_bsp/\libhal_bsp.a(alt_dev.o)
 .comment       0x00000000       0x27 ../bailab_bsp/\libhal_bsp.a(alt_dev_llist_insert.o)
 .comment       0x00000000       0x27 ../bailab_bsp/\libhal_bsp.a(alt_do_ctors.o)
 .comment       0x00000000       0x27 ../bailab_bsp/\libhal_bsp.a(alt_do_dtors.o)
 .comment       0x00000000       0x27 ../bailab_bsp/\libhal_bsp.a(alt_errno.o)
 .comment       0x00000000       0x27 ../bailab_bsp/\libhal_bsp.a(alt_icache_flush_all.o)
 .comment       0x00000000       0x27 ../bailab_bsp/\libhal_bsp.a(alt_io_redirect.o)
 .comment       0x00000000       0x27 ../bailab_bsp/\libhal_bsp.a(alt_open.o)
 .comment       0x00000000       0x27 ../bailab_bsp/\libhal_bsp.a(alt_release_fd.o)
 .comment       0x00000000       0x27 ../bailab_bsp/\libhal_bsp.a(altera_nios2_qsys_irq.o)
 .comment       0x00000000       0x27 ../bailab_bsp/\libhal_bsp.a(alt_find_dev.o)
 .comment       0x00000000       0x27 ../bailab_bsp/\libhal_bsp.a(alt_find_file.o)
 .comment       0x00000000       0x27 ../bailab_bsp/\libhal_bsp.a(alt_get_fd.o)
 .comment       0x00000000       0x27 c:/setupquatus/nios2eds/bin/gnu/h-i686-mingw32/bin/../lib/gcc/nios2-elf/4.1.2/../../../../nios2-elf/lib/mno-hw-mul\libsmallc.a(lib_a-atexit.o)
 .comment       0x00000000       0x27 c:/setupquatus/nios2eds/bin/gnu/h-i686-mingw32/bin/../lib/gcc/nios2-elf/4.1.2/../../../../nios2-elf/lib/mno-hw-mul\libsmallc.a(lib_a-exit.o)
 .comment       0x00000000       0x27 c:/setupquatus/nios2eds/bin/gnu/h-i686-mingw32/bin/../lib/gcc/nios2-elf/4.1.2/../../../../nios2-elf/lib/mno-hw-mul\libsmallc.a(lib_a-memcmp.o)
 .comment       0x00000000       0x27 c:/setupquatus/nios2eds/bin/gnu/h-i686-mingw32/bin/../lib/gcc/nios2-elf/4.1.2/../../../../nios2-elf/lib/mno-hw-mul\libsmallc.a(lib_a-__atexit.o)
 .comment       0x00000000       0x27 c:/setupquatus/nios2eds/bin/gnu/h-i686-mingw32/bin/../lib/gcc/nios2-elf/4.1.2/../../../../nios2-elf/lib/mno-hw-mul\libsmallc.a(lib_a-__call_atexit.o)
 .comment       0x00000000       0x27 ../bailab_bsp/\libhal_bsp.a(alt_exit.o)

.debug
 *(.debug)

.line
 *(.line)

.debug_srcinfo
 *(.debug_srcinfo)

.debug_sfnames
 *(.debug_sfnames)

.debug_aranges  0x00000000      0x4a8
 *(.debug_aranges)
 .debug_aranges
                0x00000000       0x28 ../bailab_bsp//obj/HAL/src/crt0.o
 .debug_aranges
                0x00000028       0x20 obj/default/source.o
 .debug_aranges
                0x00000048       0x20 c:/setupquatus/nios2eds/bin/gnu/h-i686-mingw32/bin/../lib/gcc/nios2-elf/4.1.2/../../../../nios2-elf/lib/mno-hw-mul\libsmallc.a(lib_a-printf.o)
 .debug_aranges
                0x00000068       0x20 c:/setupquatus/nios2eds/bin/gnu/h-i686-mingw32/bin/../lib/gcc/nios2-elf/4.1.2/../../../../nios2-elf/lib/mno-hw-mul\libsmallc.a(lib_a-puts.o)
 .debug_aranges
                0x00000088       0x20 c:/setupquatus/nios2eds/bin/gnu/h-i686-mingw32/bin/../lib/gcc/nios2-elf/4.1.2/../../../../nios2-elf/lib/mno-hw-mul\libsmallc.a(lib_a-strlen.o)
 .debug_aranges
                0x000000a8       0x20 c:/setupquatus/nios2eds/bin/gnu/h-i686-mingw32/bin/../lib/gcc/nios2-elf/4.1.2/../../../../nios2-elf/lib/mno-hw-mul\libsmallc.a(lib_a-vfprintf.o)
 .debug_aranges
                0x000000c8       0x20 c:/setupquatus/nios2eds/bin/gnu/h-i686-mingw32/bin/../lib/gcc/nios2-elf/4.1.2/../../../../nios2-elf/lib/mno-hw-mul\libsmallc.a(lib_a-fvwrite_small_dev.o)
 .debug_aranges
                0x000000e8       0x20 c:/setupquatus/nios2eds/bin/gnu/h-i686-mingw32/bin/../lib/gcc/nios2-elf/4.1.2/../../../../nios2-elf/lib/mno-hw-mul\libsmallc.a(lib_a-writer.o)
 .debug_aranges
                0x00000108       0x20 c:/setupquatus/nios2eds/bin/gnu/h-i686-mingw32/bin/../lib/gcc/nios2-elf/4.1.2/mno-hw-mul\libgcc.a(lib2-divmod.o)
 .debug_aranges
                0x00000128       0x20 c:/setupquatus/nios2eds/bin/gnu/h-i686-mingw32/bin/../lib/gcc/nios2-elf/4.1.2/mno-hw-mul\libgcc.a(lib2-mul.o)
 .debug_aranges
                0x00000148       0x20 ../bailab_bsp/\libhal_bsp.a(alt_load.o)
 .debug_aranges
                0x00000168       0x20 ../bailab_bsp/\libhal_bsp.a(alt_main.o)
 .debug_aranges
                0x00000188       0x20 ../bailab_bsp/\libhal_bsp.a(alt_write.o)
 .debug_aranges
                0x000001a8       0x20 ../bailab_bsp/\libhal_bsp.a(alt_sys_init.o)
 .debug_aranges
                0x000001c8       0x20 ../bailab_bsp/\libhal_bsp.a(altera_avalon_jtag_uart_fd.o)
 .debug_aranges
                0x000001e8       0x20 ../bailab_bsp/\libhal_bsp.a(altera_avalon_jtag_uart_read.o)
 .debug_aranges
                0x00000208       0x20 ../bailab_bsp/\libhal_bsp.a(altera_avalon_jtag_uart_write.o)
 .debug_aranges
                0x00000228       0x20 ../bailab_bsp/\libhal_bsp.a(alt_close.o)
 .debug_aranges
                0x00000248       0x20 ../bailab_bsp/\libhal_bsp.a(alt_dcache_flush_all.o)
 .debug_aranges
                0x00000268       0x20 ../bailab_bsp/\libhal_bsp.a(alt_dev.o)
 .debug_aranges
                0x00000288       0x20 ../bailab_bsp/\libhal_bsp.a(alt_dev_llist_insert.o)
 .debug_aranges
                0x000002a8       0x20 ../bailab_bsp/\libhal_bsp.a(alt_do_ctors.o)
 .debug_aranges
                0x000002c8       0x20 ../bailab_bsp/\libhal_bsp.a(alt_do_dtors.o)
 .debug_aranges
                0x000002e8       0x20 ../bailab_bsp/\libhal_bsp.a(alt_icache_flush_all.o)
 .debug_aranges
                0x00000308       0x20 ../bailab_bsp/\libhal_bsp.a(alt_io_redirect.o)
 .debug_aranges
                0x00000328       0x20 ../bailab_bsp/\libhal_bsp.a(alt_open.o)
 .debug_aranges
                0x00000348       0x20 ../bailab_bsp/\libhal_bsp.a(alt_release_fd.o)
 .debug_aranges
                0x00000368       0x20 ../bailab_bsp/\libhal_bsp.a(altera_nios2_qsys_irq.o)
 .debug_aranges
                0x00000388       0x20 ../bailab_bsp/\libhal_bsp.a(alt_find_dev.o)
 .debug_aranges
                0x000003a8       0x20 ../bailab_bsp/\libhal_bsp.a(alt_find_file.o)
 .debug_aranges
                0x000003c8       0x20 ../bailab_bsp/\libhal_bsp.a(alt_get_fd.o)
 .debug_aranges
                0x000003e8       0x20 c:/setupquatus/nios2eds/bin/gnu/h-i686-mingw32/bin/../lib/gcc/nios2-elf/4.1.2/../../../../nios2-elf/lib/mno-hw-mul\libsmallc.a(lib_a-atexit.o)
 .debug_aranges
                0x00000408       0x20 c:/setupquatus/nios2eds/bin/gnu/h-i686-mingw32/bin/../lib/gcc/nios2-elf/4.1.2/../../../../nios2-elf/lib/mno-hw-mul\libsmallc.a(lib_a-exit.o)
 .debug_aranges
                0x00000428       0x20 c:/setupquatus/nios2eds/bin/gnu/h-i686-mingw32/bin/../lib/gcc/nios2-elf/4.1.2/../../../../nios2-elf/lib/mno-hw-mul\libsmallc.a(lib_a-memcmp.o)
 .debug_aranges
                0x00000448       0x20 c:/setupquatus/nios2eds/bin/gnu/h-i686-mingw32/bin/../lib/gcc/nios2-elf/4.1.2/../../../../nios2-elf/lib/mno-hw-mul\libsmallc.a(lib_a-__atexit.o)
 .debug_aranges
                0x00000468       0x20 c:/setupquatus/nios2eds/bin/gnu/h-i686-mingw32/bin/../lib/gcc/nios2-elf/4.1.2/../../../../nios2-elf/lib/mno-hw-mul\libsmallc.a(lib_a-__call_atexit.o)
 .debug_aranges
                0x00000488       0x20 ../bailab_bsp/\libhal_bsp.a(alt_exit.o)

.debug_pubnames
                0x00000000      0x67a
 *(.debug_pubnames)
 .debug_pubnames
                0x00000000       0x1b obj/default/source.o
 .debug_pubnames
                0x0000001b       0x2b c:/setupquatus/nios2eds/bin/gnu/h-i686-mingw32/bin/../lib/gcc/nios2-elf/4.1.2/../../../../nios2-elf/lib/mno-hw-mul\libsmallc.a(lib_a-printf.o)
 .debug_pubnames
                0x00000046       0x27 c:/setupquatus/nios2eds/bin/gnu/h-i686-mingw32/bin/../lib/gcc/nios2-elf/4.1.2/../../../../nios2-elf/lib/mno-hw-mul\libsmallc.a(lib_a-puts.o)
 .debug_pubnames
                0x0000006d       0x1d c:/setupquatus/nios2eds/bin/gnu/h-i686-mingw32/bin/../lib/gcc/nios2-elf/4.1.2/../../../../nios2-elf/lib/mno-hw-mul\libsmallc.a(lib_a-strlen.o)
 .debug_pubnames
                0x0000008a       0x45 c:/setupquatus/nios2eds/bin/gnu/h-i686-mingw32/bin/../lib/gcc/nios2-elf/4.1.2/../../../../nios2-elf/lib/mno-hw-mul\libsmallc.a(lib_a-vfprintf.o)
 .debug_pubnames
                0x000000cf       0x2b c:/setupquatus/nios2eds/bin/gnu/h-i686-mingw32/bin/../lib/gcc/nios2-elf/4.1.2/../../../../nios2-elf/lib/mno-hw-mul\libsmallc.a(lib_a-fvwrite_small_dev.o)
 .debug_pubnames
                0x000000fa       0x39 c:/setupquatus/nios2eds/bin/gnu/h-i686-mingw32/bin/../lib/gcc/nios2-elf/4.1.2/../../../../nios2-elf/lib/mno-hw-mul\libsmallc.a(lib_a-impure.o)
 .debug_pubnames
                0x00000133       0x1f c:/setupquatus/nios2eds/bin/gnu/h-i686-mingw32/bin/../lib/gcc/nios2-elf/4.1.2/../../../../nios2-elf/lib/mno-hw-mul\libsmallc.a(lib_a-writer.o)
 .debug_pubnames
                0x00000152       0x1c c:/setupquatus/nios2eds/bin/gnu/h-i686-mingw32/bin/../lib/gcc/nios2-elf/4.1.2/../../../../nios2-elf/lib/mno-hw-mul\libsmallc.a(lib_a-int_errno.o)
 .debug_pubnames
                0x0000016e       0x48 c:/setupquatus/nios2eds/bin/gnu/h-i686-mingw32/bin/../lib/gcc/nios2-elf/4.1.2/mno-hw-mul\libgcc.a(lib2-divmod.o)
 .debug_pubnames
                0x000001b6       0x1f c:/setupquatus/nios2eds/bin/gnu/h-i686-mingw32/bin/../lib/gcc/nios2-elf/4.1.2/mno-hw-mul\libgcc.a(lib2-mul.o)
 .debug_pubnames
                0x000001d5       0x1f ../bailab_bsp/\libhal_bsp.a(alt_load.o)
 .debug_pubnames
                0x000001f4       0x46 ../bailab_bsp/\libhal_bsp.a(alt_main.o)
 .debug_pubnames
                0x0000023a       0x1c ../bailab_bsp/\libhal_bsp.a(alt_write.o)
 .debug_pubnames
                0x00000256       0x34 ../bailab_bsp/\libhal_bsp.a(alt_sys_init.o)
 .debug_pubnames
                0x0000028a       0x5b ../bailab_bsp/\libhal_bsp.a(altera_avalon_jtag_uart_fd.o)
 .debug_pubnames
                0x000002e5       0x33 ../bailab_bsp/\libhal_bsp.a(altera_avalon_jtag_uart_read.o)
 .debug_pubnames
                0x00000318       0x34 ../bailab_bsp/\libhal_bsp.a(altera_avalon_jtag_uart_write.o)
 .debug_pubnames
                0x0000034c       0x1c ../bailab_bsp/\libhal_bsp.a(alt_close.o)
 .debug_pubnames
                0x00000368       0x2b ../bailab_bsp/\libhal_bsp.a(alt_dcache_flush_all.o)
 .debug_pubnames
                0x00000393       0x63 ../bailab_bsp/\libhal_bsp.a(alt_dev.o)
 .debug_pubnames
                0x000003f6       0x2b ../bailab_bsp/\libhal_bsp.a(alt_dev_llist_insert.o)
 .debug_pubnames
                0x00000421       0x20 ../bailab_bsp/\libhal_bsp.a(alt_do_ctors.o)
 .debug_pubnames
                0x00000441       0x20 ../bailab_bsp/\libhal_bsp.a(alt_do_dtors.o)
 .debug_pubnames
                0x00000461       0x20 ../bailab_bsp/\libhal_bsp.a(alt_errno.o)
 .debug_pubnames
                0x00000481       0x2b ../bailab_bsp/\libhal_bsp.a(alt_icache_flush_all.o)
 .debug_pubnames
                0x000004ac       0x26 ../bailab_bsp/\libhal_bsp.a(alt_io_redirect.o)
 .debug_pubnames
                0x000004d2       0x1b ../bailab_bsp/\libhal_bsp.a(alt_open.o)
 .debug_pubnames
                0x000004ed       0x25 ../bailab_bsp/\libhal_bsp.a(alt_release_fd.o)
 .debug_pubnames
                0x00000512       0x31 ../bailab_bsp/\libhal_bsp.a(altera_nios2_qsys_irq.o)
 .debug_pubnames
                0x00000543       0x23 ../bailab_bsp/\libhal_bsp.a(alt_find_dev.o)
 .debug_pubnames
                0x00000566       0x24 ../bailab_bsp/\libhal_bsp.a(alt_find_file.o)
 .debug_pubnames
                0x0000058a       0x21 ../bailab_bsp/\libhal_bsp.a(alt_get_fd.o)
 .debug_pubnames
                0x000005ab       0x2a c:/setupquatus/nios2eds/bin/gnu/h-i686-mingw32/bin/../lib/gcc/nios2-elf/4.1.2/../../../../nios2-elf/lib/mno-hw-mul\libsmallc.a(lib_a-atexit.o)
 .debug_pubnames
                0x000005d5       0x1b c:/setupquatus/nios2eds/bin/gnu/h-i686-mingw32/bin/../lib/gcc/nios2-elf/4.1.2/../../../../nios2-elf/lib/mno-hw-mul\libsmallc.a(lib_a-exit.o)
 .debug_pubnames
                0x000005f0       0x1d c:/setupquatus/nios2eds/bin/gnu/h-i686-mingw32/bin/../lib/gcc/nios2-elf/4.1.2/../../../../nios2-elf/lib/mno-hw-mul\libsmallc.a(lib_a-memcmp.o)
 .debug_pubnames
                0x0000060d       0x2a c:/setupquatus/nios2eds/bin/gnu/h-i686-mingw32/bin/../lib/gcc/nios2-elf/4.1.2/../../../../nios2-elf/lib/mno-hw-mul\libsmallc.a(lib_a-__atexit.o)
 .debug_pubnames
                0x00000637       0x27 c:/setupquatus/nios2eds/bin/gnu/h-i686-mingw32/bin/../lib/gcc/nios2-elf/4.1.2/../../../../nios2-elf/lib/mno-hw-mul\libsmallc.a(lib_a-__call_atexit.o)
 .debug_pubnames
                0x0000065e       0x1c ../bailab_bsp/\libhal_bsp.a(alt_exit.o)

.debug_info     0x00000000     0x8e1f
 *(.debug_info .gnu.linkonce.wi.*)
 .debug_info    0x00000000       0x5c ../bailab_bsp//obj/HAL/src/crt0.o
 .debug_info    0x0000005c      0x1f5 obj/default/source.o
 .debug_info    0x00000251      0x6c8 c:/setupquatus/nios2eds/bin/gnu/h-i686-mingw32/bin/../lib/gcc/nios2-elf/4.1.2/../../../../nios2-elf/lib/mno-hw-mul\libsmallc.a(lib_a-printf.o)
 .debug_info    0x00000919      0x685 c:/setupquatus/nios2eds/bin/gnu/h-i686-mingw32/bin/../lib/gcc/nios2-elf/4.1.2/../../../../nios2-elf/lib/mno-hw-mul\libsmallc.a(lib_a-puts.o)
 .debug_info    0x00000f9e       0xc2 c:/setupquatus/nios2eds/bin/gnu/h-i686-mingw32/bin/../lib/gcc/nios2-elf/4.1.2/../../../../nios2-elf/lib/mno-hw-mul\libsmallc.a(lib_a-strlen.o)
 .debug_info    0x00001060      0x9b6 c:/setupquatus/nios2eds/bin/gnu/h-i686-mingw32/bin/../lib/gcc/nios2-elf/4.1.2/../../../../nios2-elf/lib/mno-hw-mul\libsmallc.a(lib_a-vfprintf.o)
 .debug_info    0x00001a16      0x68e c:/setupquatus/nios2eds/bin/gnu/h-i686-mingw32/bin/../lib/gcc/nios2-elf/4.1.2/../../../../nios2-elf/lib/mno-hw-mul\libsmallc.a(lib_a-fvwrite_small_dev.o)
 .debug_info    0x000020a4      0x636 c:/setupquatus/nios2eds/bin/gnu/h-i686-mingw32/bin/../lib/gcc/nios2-elf/4.1.2/../../../../nios2-elf/lib/mno-hw-mul\libsmallc.a(lib_a-impure.o)
 .debug_info    0x000026da      0x68c c:/setupquatus/nios2eds/bin/gnu/h-i686-mingw32/bin/../lib/gcc/nios2-elf/4.1.2/../../../../nios2-elf/lib/mno-hw-mul\libsmallc.a(lib_a-writer.o)
 .debug_info    0x00002d66       0x8c c:/setupquatus/nios2eds/bin/gnu/h-i686-mingw32/bin/../lib/gcc/nios2-elf/4.1.2/../../../../nios2-elf/lib/mno-hw-mul\libsmallc.a(lib_a-int_errno.o)
 .debug_info    0x00002df2      0x21c c:/setupquatus/nios2eds/bin/gnu/h-i686-mingw32/bin/../lib/gcc/nios2-elf/4.1.2/mno-hw-mul\libgcc.a(lib2-divmod.o)
 .debug_info    0x0000300e       0xf3 c:/setupquatus/nios2eds/bin/gnu/h-i686-mingw32/bin/../lib/gcc/nios2-elf/4.1.2/mno-hw-mul\libgcc.a(lib2-mul.o)
 .debug_info    0x00003101      0x26e ../bailab_bsp/\libhal_bsp.a(alt_load.o)
 .debug_info    0x0000336f      0x206 ../bailab_bsp/\libhal_bsp.a(alt_main.o)
 .debug_info    0x00003575      0x674 ../bailab_bsp/\libhal_bsp.a(alt_write.o)
 .debug_info    0x00003be9      0x55a ../bailab_bsp/\libhal_bsp.a(alt_sys_init.o)
 .debug_info    0x00004143      0x59a ../bailab_bsp/\libhal_bsp.a(altera_avalon_jtag_uart_fd.o)
 .debug_info    0x000046dd      0x2ea ../bailab_bsp/\libhal_bsp.a(altera_avalon_jtag_uart_read.o)
 .debug_info    0x000049c7      0x2c7 ../bailab_bsp/\libhal_bsp.a(altera_avalon_jtag_uart_write.o)
 .debug_info    0x00004c8e      0x448 ../bailab_bsp/\libhal_bsp.a(alt_close.o)
 .debug_info    0x000050d6      0x13d ../bailab_bsp/\libhal_bsp.a(alt_dcache_flush_all.o)
 .debug_info    0x00005213      0x660 ../bailab_bsp/\libhal_bsp.a(alt_dev.o)
 .debug_info    0x00005873      0x298 ../bailab_bsp/\libhal_bsp.a(alt_dev_llist_insert.o)
 .debug_info    0x00005b0b       0xf0 ../bailab_bsp/\libhal_bsp.a(alt_do_ctors.o)
 .debug_info    0x00005bfb       0xef ../bailab_bsp/\libhal_bsp.a(alt_do_dtors.o)
 .debug_info    0x00005cea      0x145 ../bailab_bsp/\libhal_bsp.a(alt_errno.o)
 .debug_info    0x00005e2f      0x13d ../bailab_bsp/\libhal_bsp.a(alt_icache_flush_all.o)
 .debug_info    0x00005f6c      0x676 ../bailab_bsp/\libhal_bsp.a(alt_io_redirect.o)
 .debug_info    0x000065e2      0x506 ../bailab_bsp/\libhal_bsp.a(alt_open.o)
 .debug_info    0x00006ae8      0x3d3 ../bailab_bsp/\libhal_bsp.a(alt_release_fd.o)
 .debug_info    0x00006ebb      0x144 ../bailab_bsp/\libhal_bsp.a(altera_nios2_qsys_irq.o)
 .debug_info    0x00006fff      0x3f9 ../bailab_bsp/\libhal_bsp.a(alt_find_dev.o)
 .debug_info    0x000073f8      0x400 ../bailab_bsp/\libhal_bsp.a(alt_find_file.o)
 .debug_info    0x000077f8      0x441 ../bailab_bsp/\libhal_bsp.a(alt_get_fd.o)
 .debug_info    0x00007c39      0x186 c:/setupquatus/nios2eds/bin/gnu/h-i686-mingw32/bin/../lib/gcc/nios2-elf/4.1.2/../../../../nios2-elf/lib/mno-hw-mul\libsmallc.a(lib_a-atexit.o)
 .debug_info    0x00007dbf       0x9f c:/setupquatus/nios2eds/bin/gnu/h-i686-mingw32/bin/../lib/gcc/nios2-elf/4.1.2/../../../../nios2-elf/lib/mno-hw-mul\libsmallc.a(lib_a-exit.o)
 .debug_info    0x00007e5e       0xef c:/setupquatus/nios2eds/bin/gnu/h-i686-mingw32/bin/../lib/gcc/nios2-elf/4.1.2/../../../../nios2-elf/lib/mno-hw-mul\libsmallc.a(lib_a-memcmp.o)
 .debug_info    0x00007f4d      0x68f c:/setupquatus/nios2eds/bin/gnu/h-i686-mingw32/bin/../lib/gcc/nios2-elf/4.1.2/../../../../nios2-elf/lib/mno-hw-mul\libsmallc.a(lib_a-__atexit.o)
 .debug_info    0x000085dc      0x6d5 c:/setupquatus/nios2eds/bin/gnu/h-i686-mingw32/bin/../lib/gcc/nios2-elf/4.1.2/../../../../nios2-elf/lib/mno-hw-mul\libsmallc.a(lib_a-__call_atexit.o)
 .debug_info    0x00008cb1      0x16e ../bailab_bsp/\libhal_bsp.a(alt_exit.o)

.debug_abbrev   0x00000000     0x211f
 *(.debug_abbrev)
 .debug_abbrev  0x00000000       0x12 ../bailab_bsp//obj/HAL/src/crt0.o
 .debug_abbrev  0x00000012       0x6f obj/default/source.o
 .debug_abbrev  0x00000081      0x179 c:/setupquatus/nios2eds/bin/gnu/h-i686-mingw32/bin/../lib/gcc/nios2-elf/4.1.2/../../../../nios2-elf/lib/mno-hw-mul\libsmallc.a(lib_a-printf.o)
 .debug_abbrev  0x000001fa      0x180 c:/setupquatus/nios2eds/bin/gnu/h-i686-mingw32/bin/../lib/gcc/nios2-elf/4.1.2/../../../../nios2-elf/lib/mno-hw-mul\libsmallc.a(lib_a-puts.o)
 .debug_abbrev  0x0000037a       0x7a c:/setupquatus/nios2eds/bin/gnu/h-i686-mingw32/bin/../lib/gcc/nios2-elf/4.1.2/../../../../nios2-elf/lib/mno-hw-mul\libsmallc.a(lib_a-strlen.o)
 .debug_abbrev  0x000003f4      0x263 c:/setupquatus/nios2eds/bin/gnu/h-i686-mingw32/bin/../lib/gcc/nios2-elf/4.1.2/../../../../nios2-elf/lib/mno-hw-mul\libsmallc.a(lib_a-vfprintf.o)
 .debug_abbrev  0x00000657      0x179 c:/setupquatus/nios2eds/bin/gnu/h-i686-mingw32/bin/../lib/gcc/nios2-elf/4.1.2/../../../../nios2-elf/lib/mno-hw-mul\libsmallc.a(lib_a-fvwrite_small_dev.o)
 .debug_abbrev  0x000007d0      0x13f c:/setupquatus/nios2eds/bin/gnu/h-i686-mingw32/bin/../lib/gcc/nios2-elf/4.1.2/../../../../nios2-elf/lib/mno-hw-mul\libsmallc.a(lib_a-impure.o)
 .debug_abbrev  0x0000090f      0x16c c:/setupquatus/nios2eds/bin/gnu/h-i686-mingw32/bin/../lib/gcc/nios2-elf/4.1.2/../../../../nios2-elf/lib/mno-hw-mul\libsmallc.a(lib_a-writer.o)
 .debug_abbrev  0x00000a7b       0x3b c:/setupquatus/nios2eds/bin/gnu/h-i686-mingw32/bin/../lib/gcc/nios2-elf/4.1.2/../../../../nios2-elf/lib/mno-hw-mul\libsmallc.a(lib_a-int_errno.o)
 .debug_abbrev  0x00000ab6       0xe0 c:/setupquatus/nios2eds/bin/gnu/h-i686-mingw32/bin/../lib/gcc/nios2-elf/4.1.2/mno-hw-mul\libgcc.a(lib2-divmod.o)
 .debug_abbrev  0x00000b96       0x7b c:/setupquatus/nios2eds/bin/gnu/h-i686-mingw32/bin/../lib/gcc/nios2-elf/4.1.2/mno-hw-mul\libgcc.a(lib2-mul.o)
 .debug_abbrev  0x00000c11       0x88 ../bailab_bsp/\libhal_bsp.a(alt_load.o)
 .debug_abbrev  0x00000c99       0xb7 ../bailab_bsp/\libhal_bsp.a(alt_main.o)
 .debug_abbrev  0x00000d50      0x100 ../bailab_bsp/\libhal_bsp.a(alt_write.o)
 .debug_abbrev  0x00000e50      0x121 ../bailab_bsp/\libhal_bsp.a(alt_sys_init.o)
 .debug_abbrev  0x00000f71       0xcb ../bailab_bsp/\libhal_bsp.a(altera_avalon_jtag_uart_fd.o)
 .debug_abbrev  0x0000103c       0xb6 ../bailab_bsp/\libhal_bsp.a(altera_avalon_jtag_uart_read.o)
 .debug_abbrev  0x000010f2       0xb4 ../bailab_bsp/\libhal_bsp.a(altera_avalon_jtag_uart_write.o)
 .debug_abbrev  0x000011a6       0xfb ../bailab_bsp/\libhal_bsp.a(alt_close.o)
 .debug_abbrev  0x000012a1       0x3f ../bailab_bsp/\libhal_bsp.a(alt_dcache_flush_all.o)
 .debug_abbrev  0x000012e0       0xc7 ../bailab_bsp/\libhal_bsp.a(alt_dev.o)
 .debug_abbrev  0x000013a7       0xf6 ../bailab_bsp/\libhal_bsp.a(alt_dev_llist_insert.o)
 .debug_abbrev  0x0000149d       0x76 ../bailab_bsp/\libhal_bsp.a(alt_do_ctors.o)
 .debug_abbrev  0x00001513       0x76 ../bailab_bsp/\libhal_bsp.a(alt_do_dtors.o)
 .debug_abbrev  0x00001589       0x5e ../bailab_bsp/\libhal_bsp.a(alt_errno.o)
 .debug_abbrev  0x000015e7       0x3f ../bailab_bsp/\libhal_bsp.a(alt_icache_flush_all.o)
 .debug_abbrev  0x00001626       0xf0 ../bailab_bsp/\libhal_bsp.a(alt_io_redirect.o)
 .debug_abbrev  0x00001716      0x112 ../bailab_bsp/\libhal_bsp.a(alt_open.o)
 .debug_abbrev  0x00001828       0xc1 ../bailab_bsp/\libhal_bsp.a(alt_release_fd.o)
 .debug_abbrev  0x000018e9       0x3f ../bailab_bsp/\libhal_bsp.a(altera_nios2_qsys_irq.o)
 .debug_abbrev  0x00001928       0xcf ../bailab_bsp/\libhal_bsp.a(alt_find_dev.o)
 .debug_abbrev  0x000019f7       0xcf ../bailab_bsp/\libhal_bsp.a(alt_find_file.o)
 .debug_abbrev  0x00001ac6       0xfb ../bailab_bsp/\libhal_bsp.a(alt_get_fd.o)
 .debug_abbrev  0x00001bc1       0xc6 c:/setupquatus/nios2eds/bin/gnu/h-i686-mingw32/bin/../lib/gcc/nios2-elf/4.1.2/../../../../nios2-elf/lib/mno-hw-mul\libsmallc.a(lib_a-atexit.o)
 .debug_abbrev  0x00001c87       0x4e c:/setupquatus/nios2eds/bin/gnu/h-i686-mingw32/bin/../lib/gcc/nios2-elf/4.1.2/../../../../nios2-elf/lib/mno-hw-mul\libsmallc.a(lib_a-exit.o)
 .debug_abbrev  0x00001cd5       0x7c c:/setupquatus/nios2eds/bin/gnu/h-i686-mingw32/bin/../lib/gcc/nios2-elf/4.1.2/../../../../nios2-elf/lib/mno-hw-mul\libsmallc.a(lib_a-memcmp.o)
 .debug_abbrev  0x00001d51      0x196 c:/setupquatus/nios2eds/bin/gnu/h-i686-mingw32/bin/../lib/gcc/nios2-elf/4.1.2/../../../../nios2-elf/lib/mno-hw-mul\libsmallc.a(lib_a-__atexit.o)
 .debug_abbrev  0x00001ee7      0x1c6 c:/setupquatus/nios2eds/bin/gnu/h-i686-mingw32/bin/../lib/gcc/nios2-elf/4.1.2/../../../../nios2-elf/lib/mno-hw-mul\libsmallc.a(lib_a-__call_atexit.o)
 .debug_abbrev  0x000020ad       0x72 ../bailab_bsp/\libhal_bsp.a(alt_exit.o)

.debug_line     0x00000000     0x61ae
 *(.debug_line)
 .debug_line    0x00000000       0x66 ../bailab_bsp//obj/HAL/src/crt0.o
 .debug_line    0x00000066      0x7cf obj/default/source.o
 .debug_line    0x00000835      0x2be c:/setupquatus/nios2eds/bin/gnu/h-i686-mingw32/bin/../lib/gcc/nios2-elf/4.1.2/../../../../nios2-elf/lib/mno-hw-mul\libsmallc.a(lib_a-printf.o)
 .debug_line    0x00000af3      0x2b2 c:/setupquatus/nios2eds/bin/gnu/h-i686-mingw32/bin/../lib/gcc/nios2-elf/4.1.2/../../../../nios2-elf/lib/mno-hw-mul\libsmallc.a(lib_a-puts.o)
 .debug_line    0x00000da5      0x250 c:/setupquatus/nios2eds/bin/gnu/h-i686-mingw32/bin/../lib/gcc/nios2-elf/4.1.2/../../../../nios2-elf/lib/mno-hw-mul\libsmallc.a(lib_a-strlen.o)
 .debug_line    0x00000ff5      0x666 c:/setupquatus/nios2eds/bin/gnu/h-i686-mingw32/bin/../lib/gcc/nios2-elf/4.1.2/../../../../nios2-elf/lib/mno-hw-mul\libsmallc.a(lib_a-vfprintf.o)
 .debug_line    0x0000165b      0x2a9 c:/setupquatus/nios2eds/bin/gnu/h-i686-mingw32/bin/../lib/gcc/nios2-elf/4.1.2/../../../../nios2-elf/lib/mno-hw-mul\libsmallc.a(lib_a-fvwrite_small_dev.o)
 .debug_line    0x00001904      0x230 c:/setupquatus/nios2eds/bin/gnu/h-i686-mingw32/bin/../lib/gcc/nios2-elf/4.1.2/../../../../nios2-elf/lib/mno-hw-mul\libsmallc.a(lib_a-impure.o)
 .debug_line    0x00001b34      0x29d c:/setupquatus/nios2eds/bin/gnu/h-i686-mingw32/bin/../lib/gcc/nios2-elf/4.1.2/../../../../nios2-elf/lib/mno-hw-mul\libsmallc.a(lib_a-writer.o)
 .debug_line    0x00001dd1      0x1e2 c:/setupquatus/nios2eds/bin/gnu/h-i686-mingw32/bin/../lib/gcc/nios2-elf/4.1.2/../../../../nios2-elf/lib/mno-hw-mul\libsmallc.a(lib_a-int_errno.o)
 .debug_line    0x00001fb3      0x24f c:/setupquatus/nios2eds/bin/gnu/h-i686-mingw32/bin/../lib/gcc/nios2-elf/4.1.2/mno-hw-mul\libgcc.a(lib2-divmod.o)
 .debug_line    0x00002202      0x11a c:/setupquatus/nios2eds/bin/gnu/h-i686-mingw32/bin/../lib/gcc/nios2-elf/4.1.2/mno-hw-mul\libgcc.a(lib2-mul.o)
 .debug_line    0x0000231c      0x211 ../bailab_bsp/\libhal_bsp.a(alt_load.o)
 .debug_line    0x0000252d      0x2c4 ../bailab_bsp/\libhal_bsp.a(alt_main.o)
 .debug_line    0x000027f1      0x2c3 ../bailab_bsp/\libhal_bsp.a(alt_write.o)
 .debug_line    0x00002ab4      0x2a0 ../bailab_bsp/\libhal_bsp.a(alt_sys_init.o)
 .debug_line    0x00002d54      0x1d4 ../bailab_bsp/\libhal_bsp.a(altera_avalon_jtag_uart_fd.o)
 .debug_line    0x00002f28      0x33d ../bailab_bsp/\libhal_bsp.a(altera_avalon_jtag_uart_read.o)
 .debug_line    0x00003265      0x2fe ../bailab_bsp/\libhal_bsp.a(altera_avalon_jtag_uart_write.o)
 .debug_line    0x00003563      0x293 ../bailab_bsp/\libhal_bsp.a(alt_close.o)
 .debug_line    0x000037f6      0x1af ../bailab_bsp/\libhal_bsp.a(alt_dcache_flush_all.o)
 .debug_line    0x000039a5      0x24e ../bailab_bsp/\libhal_bsp.a(alt_dev.o)
 .debug_line    0x00003bf3      0x254 ../bailab_bsp/\libhal_bsp.a(alt_dev_llist_insert.o)
 .debug_line    0x00003e47       0x83 ../bailab_bsp/\libhal_bsp.a(alt_do_ctors.o)
 .debug_line    0x00003eca       0x83 ../bailab_bsp/\libhal_bsp.a(alt_do_dtors.o)
 .debug_line    0x00003f4d      0x1a4 ../bailab_bsp/\libhal_bsp.a(alt_errno.o)
 .debug_line    0x000040f1      0x1af ../bailab_bsp/\libhal_bsp.a(alt_icache_flush_all.o)
 .debug_line    0x000042a0      0x2ae ../bailab_bsp/\libhal_bsp.a(alt_io_redirect.o)
 .debug_line    0x0000454e      0x2f9 ../bailab_bsp/\libhal_bsp.a(alt_open.o)
 .debug_line    0x00004847       0xed ../bailab_bsp/\libhal_bsp.a(alt_release_fd.o)
 .debug_line    0x00004934      0x1c8 ../bailab_bsp/\libhal_bsp.a(altera_nios2_qsys_irq.o)
 .debug_line    0x00004afc      0x265 ../bailab_bsp/\libhal_bsp.a(alt_find_dev.o)
 .debug_line    0x00004d61      0x276 ../bailab_bsp/\libhal_bsp.a(alt_find_file.o)
 .debug_line    0x00004fd7      0x291 ../bailab_bsp/\libhal_bsp.a(alt_get_fd.o)
 .debug_line    0x00005268      0x203 c:/setupquatus/nios2eds/bin/gnu/h-i686-mingw32/bin/../lib/gcc/nios2-elf/4.1.2/../../../../nios2-elf/lib/mno-hw-mul\libsmallc.a(lib_a-atexit.o)
 .debug_line    0x0000546b      0x223 c:/setupquatus/nios2eds/bin/gnu/h-i686-mingw32/bin/../lib/gcc/nios2-elf/4.1.2/../../../../nios2-elf/lib/mno-hw-mul\libsmallc.a(lib_a-exit.o)
 .debug_line    0x0000568e      0x270 c:/setupquatus/nios2eds/bin/gnu/h-i686-mingw32/bin/../lib/gcc/nios2-elf/4.1.2/../../../../nios2-elf/lib/mno-hw-mul\libsmallc.a(lib_a-memcmp.o)
 .debug_line    0x000058fe      0x350 c:/setupquatus/nios2eds/bin/gnu/h-i686-mingw32/bin/../lib/gcc/nios2-elf/4.1.2/../../../../nios2-elf/lib/mno-hw-mul\libsmallc.a(lib_a-__atexit.o)
 .debug_line    0x00005c4e      0x360 c:/setupquatus/nios2eds/bin/gnu/h-i686-mingw32/bin/../lib/gcc/nios2-elf/4.1.2/../../../../nios2-elf/lib/mno-hw-mul\libsmallc.a(lib_a-__call_atexit.o)
 .debug_line    0x00005fae      0x200 ../bailab_bsp/\libhal_bsp.a(alt_exit.o)

.debug_frame    0x00000000      0x814
 *(.debug_frame)
 .debug_frame   0x00000000       0x30 obj/default/source.o
 .debug_frame   0x00000030       0x40 c:/setupquatus/nios2eds/bin/gnu/h-i686-mingw32/bin/../lib/gcc/nios2-elf/4.1.2/../../../../nios2-elf/lib/mno-hw-mul\libsmallc.a(lib_a-printf.o)
 .debug_frame   0x00000070       0x3c c:/setupquatus/nios2eds/bin/gnu/h-i686-mingw32/bin/../lib/gcc/nios2-elf/4.1.2/../../../../nios2-elf/lib/mno-hw-mul\libsmallc.a(lib_a-puts.o)
 .debug_frame   0x000000ac       0x20 c:/setupquatus/nios2eds/bin/gnu/h-i686-mingw32/bin/../lib/gcc/nios2-elf/4.1.2/../../../../nios2-elf/lib/mno-hw-mul\libsmallc.a(lib_a-strlen.o)
 .debug_frame   0x000000cc       0x64 c:/setupquatus/nios2eds/bin/gnu/h-i686-mingw32/bin/../lib/gcc/nios2-elf/4.1.2/../../../../nios2-elf/lib/mno-hw-mul\libsmallc.a(lib_a-vfprintf.o)
 .debug_frame   0x00000130       0x30 c:/setupquatus/nios2eds/bin/gnu/h-i686-mingw32/bin/../lib/gcc/nios2-elf/4.1.2/../../../../nios2-elf/lib/mno-hw-mul\libsmallc.a(lib_a-fvwrite_small_dev.o)
 .debug_frame   0x00000160       0x2c c:/setupquatus/nios2eds/bin/gnu/h-i686-mingw32/bin/../lib/gcc/nios2-elf/4.1.2/../../../../nios2-elf/lib/mno-hw-mul\libsmallc.a(lib_a-writer.o)
 .debug_frame   0x0000018c       0x70 c:/setupquatus/nios2eds/bin/gnu/h-i686-mingw32/bin/../lib/gcc/nios2-elf/4.1.2/mno-hw-mul\libgcc.a(lib2-divmod.o)
 .debug_frame   0x000001fc       0x20 c:/setupquatus/nios2eds/bin/gnu/h-i686-mingw32/bin/../lib/gcc/nios2-elf/4.1.2/mno-hw-mul\libgcc.a(lib2-mul.o)
 .debug_frame   0x0000021c       0x48 ../bailab_bsp/\libhal_bsp.a(alt_load.o)
 .debug_frame   0x00000264       0x2c ../bailab_bsp/\libhal_bsp.a(alt_main.o)
 .debug_frame   0x00000290       0x48 ../bailab_bsp/\libhal_bsp.a(alt_write.o)
 .debug_frame   0x000002d8       0x64 ../bailab_bsp/\libhal_bsp.a(alt_sys_init.o)
 .debug_frame   0x0000033c       0x48 ../bailab_bsp/\libhal_bsp.a(altera_avalon_jtag_uart_fd.o)
 .debug_frame   0x00000384       0x2c ../bailab_bsp/\libhal_bsp.a(altera_avalon_jtag_uart_read.o)
 .debug_frame   0x000003b0       0x2c ../bailab_bsp/\libhal_bsp.a(altera_avalon_jtag_uart_write.o)
 .debug_frame   0x000003dc       0x48 ../bailab_bsp/\libhal_bsp.a(alt_close.o)
 .debug_frame   0x00000424       0x2c ../bailab_bsp/\libhal_bsp.a(alt_dcache_flush_all.o)
 .debug_frame   0x00000450       0x2c ../bailab_bsp/\libhal_bsp.a(alt_dev.o)
 .debug_frame   0x0000047c       0x48 ../bailab_bsp/\libhal_bsp.a(alt_dev_llist_insert.o)
 .debug_frame   0x000004c4       0x2c ../bailab_bsp/\libhal_bsp.a(alt_do_ctors.o)
 .debug_frame   0x000004f0       0x2c ../bailab_bsp/\libhal_bsp.a(alt_do_dtors.o)
 .debug_frame   0x0000051c       0x2c ../bailab_bsp/\libhal_bsp.a(alt_icache_flush_all.o)
 .debug_frame   0x00000548       0x4c ../bailab_bsp/\libhal_bsp.a(alt_io_redirect.o)
 .debug_frame   0x00000594       0x68 ../bailab_bsp/\libhal_bsp.a(alt_open.o)
 .debug_frame   0x000005fc       0x30 ../bailab_bsp/\libhal_bsp.a(alt_release_fd.o)
 .debug_frame   0x0000062c       0x2c ../bailab_bsp/\libhal_bsp.a(altera_nios2_qsys_irq.o)
 .debug_frame   0x00000658       0x2c ../bailab_bsp/\libhal_bsp.a(alt_find_dev.o)
 .debug_frame   0x00000684       0x2c ../bailab_bsp/\libhal_bsp.a(alt_find_file.o)
 .debug_frame   0x000006b0       0x30 ../bailab_bsp/\libhal_bsp.a(alt_get_fd.o)
 .debug_frame   0x000006e0       0x20 c:/setupquatus/nios2eds/bin/gnu/h-i686-mingw32/bin/../lib/gcc/nios2-elf/4.1.2/../../../../nios2-elf/lib/mno-hw-mul\libsmallc.a(lib_a-atexit.o)
 .debug_frame   0x00000700       0x2c c:/setupquatus/nios2eds/bin/gnu/h-i686-mingw32/bin/../lib/gcc/nios2-elf/4.1.2/../../../../nios2-elf/lib/mno-hw-mul\libsmallc.a(lib_a-exit.o)
 .debug_frame   0x0000072c       0x20 c:/setupquatus/nios2eds/bin/gnu/h-i686-mingw32/bin/../lib/gcc/nios2-elf/4.1.2/../../../../nios2-elf/lib/mno-hw-mul\libsmallc.a(lib_a-memcmp.o)
 .debug_frame   0x0000074c       0x34 c:/setupquatus/nios2eds/bin/gnu/h-i686-mingw32/bin/../lib/gcc/nios2-elf/4.1.2/../../../../nios2-elf/lib/mno-hw-mul\libsmallc.a(lib_a-__atexit.o)
 .debug_frame   0x00000780       0x4c c:/setupquatus/nios2eds/bin/gnu/h-i686-mingw32/bin/../lib/gcc/nios2-elf/4.1.2/../../../../nios2-elf/lib/mno-hw-mul\libsmallc.a(lib_a-__call_atexit.o)
 .debug_frame   0x000007cc       0x48 ../bailab_bsp/\libhal_bsp.a(alt_exit.o)

.debug_str      0x00000000      0xd76
 *(.debug_str)
 .debug_str     0x00000000       0x12 obj/default/source.o
 .debug_str     0x00000012      0x406 c:/setupquatus/nios2eds/bin/gnu/h-i686-mingw32/bin/../lib/gcc/nios2-elf/4.1.2/../../../../nios2-elf/lib/mno-hw-mul\libsmallc.a(lib_a-printf.o)
                                0x466 (size before relaxing)
 .debug_str     0x00000418       0x48 c:/setupquatus/nios2eds/bin/gnu/h-i686-mingw32/bin/../lib/gcc/nios2-elf/4.1.2/../../../../nios2-elf/lib/mno-hw-mul\libsmallc.a(lib_a-puts.o)
                                0x450 (size before relaxing)
 .debug_str     0x00000460       0xe2 c:/setupquatus/nios2eds/bin/gnu/h-i686-mingw32/bin/../lib/gcc/nios2-elf/4.1.2/../../../../nios2-elf/lib/mno-hw-mul\libsmallc.a(lib_a-strlen.o)
                                0x184 (size before relaxing)
 .debug_str     0x00000542      0x168 c:/setupquatus/nios2eds/bin/gnu/h-i686-mingw32/bin/../lib/gcc/nios2-elf/4.1.2/../../../../nios2-elf/lib/mno-hw-mul\libsmallc.a(lib_a-vfprintf.o)
                                0x5af (size before relaxing)
 .debug_str     0x000006aa       0x70 c:/setupquatus/nios2eds/bin/gnu/h-i686-mingw32/bin/../lib/gcc/nios2-elf/4.1.2/../../../../nios2-elf/lib/mno-hw-mul\libsmallc.a(lib_a-fvwrite_small_dev.o)
                                0x46a (size before relaxing)
 .debug_str     0x0000071a       0xf8 c:/setupquatus/nios2eds/bin/gnu/h-i686-mingw32/bin/../lib/gcc/nios2-elf/4.1.2/../../../../nios2-elf/lib/mno-hw-mul\libsmallc.a(lib_a-impure.o)
                                0x45d (size before relaxing)
 .debug_str     0x00000812       0x4f c:/setupquatus/nios2eds/bin/gnu/h-i686-mingw32/bin/../lib/gcc/nios2-elf/4.1.2/../../../../nios2-elf/lib/mno-hw-mul\libsmallc.a(lib_a-writer.o)
                                0x451 (size before relaxing)
 .debug_str     0x00000861       0x40 c:/setupquatus/nios2eds/bin/gnu/h-i686-mingw32/bin/../lib/gcc/nios2-elf/4.1.2/../../../../nios2-elf/lib/mno-hw-mul\libsmallc.a(lib_a-int_errno.o)
                                0x177 (size before relaxing)
 .debug_str     0x000008a1      0x10b c:/setupquatus/nios2eds/bin/gnu/h-i686-mingw32/bin/../lib/gcc/nios2-elf/4.1.2/mno-hw-mul\libgcc.a(lib2-divmod.o)
                                0x1b4 (size before relaxing)
 .debug_str     0x000009ac       0x37 c:/setupquatus/nios2eds/bin/gnu/h-i686-mingw32/bin/../lib/gcc/nios2-elf/4.1.2/mno-hw-mul\libgcc.a(lib2-mul.o)
                                0x175 (size before relaxing)
 .debug_str     0x000009e3       0x12 ../bailab_bsp/\libhal_bsp.a(alt_load.o)
 .debug_str     0x000009f5       0x12 ../bailab_bsp/\libhal_bsp.a(alt_main.o)
 .debug_str     0x00000a07       0x12 ../bailab_bsp/\libhal_bsp.a(alt_write.o)
 .debug_str     0x00000a19       0x12 ../bailab_bsp/\libhal_bsp.a(alt_sys_init.o)
 .debug_str     0x00000a2b       0x12 ../bailab_bsp/\libhal_bsp.a(altera_avalon_jtag_uart_read.o)
 .debug_str     0x00000a3d       0x12 ../bailab_bsp/\libhal_bsp.a(altera_avalon_jtag_uart_write.o)
 .debug_str     0x00000a4f       0x12 ../bailab_bsp/\libhal_bsp.a(alt_close.o)
 .debug_str     0x00000a61       0x12 ../bailab_bsp/\libhal_bsp.a(alt_dcache_flush_all.o)
 .debug_str     0x00000a73       0x12 ../bailab_bsp/\libhal_bsp.a(alt_dev.o)
 .debug_str     0x00000a85       0x12 ../bailab_bsp/\libhal_bsp.a(alt_dev_llist_insert.o)
 .debug_str     0x00000a97       0x12 ../bailab_bsp/\libhal_bsp.a(alt_errno.o)
 .debug_str     0x00000aa9       0x12 ../bailab_bsp/\libhal_bsp.a(alt_icache_flush_all.o)
 .debug_str     0x00000abb       0x12 ../bailab_bsp/\libhal_bsp.a(alt_io_redirect.o)
 .debug_str     0x00000acd       0x12 ../bailab_bsp/\libhal_bsp.a(alt_open.o)
 .debug_str     0x00000adf       0x12 ../bailab_bsp/\libhal_bsp.a(altera_nios2_qsys_irq.o)
 .debug_str     0x00000af1       0x12 ../bailab_bsp/\libhal_bsp.a(alt_find_dev.o)
 .debug_str     0x00000b03       0x12 ../bailab_bsp/\libhal_bsp.a(alt_find_file.o)
 .debug_str     0x00000b15       0x12 ../bailab_bsp/\libhal_bsp.a(alt_get_fd.o)
 .debug_str     0x00000b27       0xdb c:/setupquatus/nios2eds/bin/gnu/h-i686-mingw32/bin/../lib/gcc/nios2-elf/4.1.2/../../../../nios2-elf/lib/mno-hw-mul\libsmallc.a(lib_a-atexit.o)
                                0x1e5 (size before relaxing)
 .debug_str     0x00000c02       0x41 c:/setupquatus/nios2eds/bin/gnu/h-i686-mingw32/bin/../lib/gcc/nios2-elf/4.1.2/../../../../nios2-elf/lib/mno-hw-mul\libsmallc.a(lib_a-exit.o)
                                0x178 (size before relaxing)
 .debug_str     0x00000c43       0x45 c:/setupquatus/nios2eds/bin/gnu/h-i686-mingw32/bin/../lib/gcc/nios2-elf/4.1.2/../../../../nios2-elf/lib/mno-hw-mul\libsmallc.a(lib_a-memcmp.o)
                                0x17e (size before relaxing)
 .debug_str     0x00000c88       0x54 c:/setupquatus/nios2eds/bin/gnu/h-i686-mingw32/bin/../lib/gcc/nios2-elf/4.1.2/../../../../nios2-elf/lib/mno-hw-mul\libsmallc.a(lib_a-__atexit.o)
                                0x467 (size before relaxing)
 .debug_str     0x00000cdc       0x7e c:/setupquatus/nios2eds/bin/gnu/h-i686-mingw32/bin/../lib/gcc/nios2-elf/4.1.2/../../../../nios2-elf/lib/mno-hw-mul\libsmallc.a(lib_a-__call_atexit.o)
                                0x491 (size before relaxing)
 .debug_str     0x00000d5a       0x1c ../bailab_bsp/\libhal_bsp.a(alt_exit.o)

.debug_loc      0x00000000     0x1763
 *(.debug_loc)
 .debug_loc     0x00000000       0x2c obj/default/source.o
 .debug_loc     0x0000002c       0x8d c:/setupquatus/nios2eds/bin/gnu/h-i686-mingw32/bin/../lib/gcc/nios2-elf/4.1.2/../../../../nios2-elf/lib/mno-hw-mul\libsmallc.a(lib_a-printf.o)
 .debug_loc     0x000000b9       0xa2 c:/setupquatus/nios2eds/bin/gnu/h-i686-mingw32/bin/../lib/gcc/nios2-elf/4.1.2/../../../../nios2-elf/lib/mno-hw-mul\libsmallc.a(lib_a-puts.o)
 .debug_loc     0x0000015b       0x1e c:/setupquatus/nios2eds/bin/gnu/h-i686-mingw32/bin/../lib/gcc/nios2-elf/4.1.2/../../../../nios2-elf/lib/mno-hw-mul\libsmallc.a(lib_a-strlen.o)
 .debug_loc     0x00000179      0x878 c:/setupquatus/nios2eds/bin/gnu/h-i686-mingw32/bin/../lib/gcc/nios2-elf/4.1.2/../../../../nios2-elf/lib/mno-hw-mul\libsmallc.a(lib_a-vfprintf.o)
 .debug_loc     0x000009f1      0x162 c:/setupquatus/nios2eds/bin/gnu/h-i686-mingw32/bin/../lib/gcc/nios2-elf/4.1.2/../../../../nios2-elf/lib/mno-hw-mul\libsmallc.a(lib_a-fvwrite_small_dev.o)
 .debug_loc     0x00000b53       0x97 c:/setupquatus/nios2eds/bin/gnu/h-i686-mingw32/bin/../lib/gcc/nios2-elf/4.1.2/../../../../nios2-elf/lib/mno-hw-mul\libsmallc.a(lib_a-writer.o)
 .debug_loc     0x00000bea      0x1d2 c:/setupquatus/nios2eds/bin/gnu/h-i686-mingw32/bin/../lib/gcc/nios2-elf/4.1.2/mno-hw-mul\libgcc.a(lib2-divmod.o)
 .debug_loc     0x00000dbc       0x4f c:/setupquatus/nios2eds/bin/gnu/h-i686-mingw32/bin/../lib/gcc/nios2-elf/4.1.2/mno-hw-mul\libgcc.a(lib2-mul.o)
 .debug_loc     0x00000e0b       0x56 ../bailab_bsp/\libhal_bsp.a(alt_load.o)
 .debug_loc     0x00000e61       0x2b ../bailab_bsp/\libhal_bsp.a(alt_main.o)
 .debug_loc     0x00000e8c       0x56 ../bailab_bsp/\libhal_bsp.a(alt_write.o)
 .debug_loc     0x00000ee2       0x81 ../bailab_bsp/\libhal_bsp.a(alt_sys_init.o)
 .debug_loc     0x00000f63       0x56 ../bailab_bsp/\libhal_bsp.a(altera_avalon_jtag_uart_fd.o)
 .debug_loc     0x00000fb9       0x2b ../bailab_bsp/\libhal_bsp.a(altera_avalon_jtag_uart_read.o)
 .debug_loc     0x00000fe4       0x2b ../bailab_bsp/\libhal_bsp.a(altera_avalon_jtag_uart_write.o)
 .debug_loc     0x0000100f       0x56 ../bailab_bsp/\libhal_bsp.a(alt_close.o)
 .debug_loc     0x00001065       0x2b ../bailab_bsp/\libhal_bsp.a(alt_dcache_flush_all.o)
 .debug_loc     0x00001090       0x2b ../bailab_bsp/\libhal_bsp.a(alt_dev.o)
 .debug_loc     0x000010bb       0x56 ../bailab_bsp/\libhal_bsp.a(alt_dev_llist_insert.o)
 .debug_loc     0x00001111       0x2b ../bailab_bsp/\libhal_bsp.a(alt_do_ctors.o)
 .debug_loc     0x0000113c       0x2b ../bailab_bsp/\libhal_bsp.a(alt_do_dtors.o)
 .debug_loc     0x00001167       0x2b ../bailab_bsp/\libhal_bsp.a(alt_icache_flush_all.o)
 .debug_loc     0x00001192       0x56 ../bailab_bsp/\libhal_bsp.a(alt_io_redirect.o)
 .debug_loc     0x000011e8       0x81 ../bailab_bsp/\libhal_bsp.a(alt_open.o)
 .debug_loc     0x00001269       0x2b ../bailab_bsp/\libhal_bsp.a(alt_release_fd.o)
 .debug_loc     0x00001294       0x2b ../bailab_bsp/\libhal_bsp.a(altera_nios2_qsys_irq.o)
 .debug_loc     0x000012bf       0x2b ../bailab_bsp/\libhal_bsp.a(alt_find_dev.o)
 .debug_loc     0x000012ea       0x2b ../bailab_bsp/\libhal_bsp.a(alt_find_file.o)
 .debug_loc     0x00001315       0x2b ../bailab_bsp/\libhal_bsp.a(alt_get_fd.o)
 .debug_loc     0x00001340       0x1e c:/setupquatus/nios2eds/bin/gnu/h-i686-mingw32/bin/../lib/gcc/nios2-elf/4.1.2/../../../../nios2-elf/lib/mno-hw-mul\libsmallc.a(lib_a-atexit.o)
 .debug_loc     0x0000135e       0x3d c:/setupquatus/nios2eds/bin/gnu/h-i686-mingw32/bin/../lib/gcc/nios2-elf/4.1.2/../../../../nios2-elf/lib/mno-hw-mul\libsmallc.a(lib_a-exit.o)
 .debug_loc     0x0000139b       0x70 c:/setupquatus/nios2eds/bin/gnu/h-i686-mingw32/bin/../lib/gcc/nios2-elf/4.1.2/../../../../nios2-elf/lib/mno-hw-mul\libsmallc.a(lib_a-memcmp.o)
 .debug_loc     0x0000140b      0x141 c:/setupquatus/nios2eds/bin/gnu/h-i686-mingw32/bin/../lib/gcc/nios2-elf/4.1.2/../../../../nios2-elf/lib/mno-hw-mul\libsmallc.a(lib_a-__atexit.o)
 .debug_loc     0x0000154c      0x1c1 c:/setupquatus/nios2eds/bin/gnu/h-i686-mingw32/bin/../lib/gcc/nios2-elf/4.1.2/../../../../nios2-elf/lib/mno-hw-mul\libsmallc.a(lib_a-__call_atexit.o)
 .debug_loc     0x0000170d       0x56 ../bailab_bsp/\libhal_bsp.a(alt_exit.o)

.debug_macinfo
 *(.debug_macinfo)

.debug_weaknames
 *(.debug_weaknames)

.debug_funcnames
 *(.debug_funcnames)

.debug_typenames
 *(.debug_typenames)

.debug_varnames
 *(.debug_varnames)

.debug_alt_sim_info
                0x00000000       0x10
 *(.debug_alt_sim_info)
 .debug_alt_sim_info
                0x00000000       0x10 ../bailab_bsp//obj/HAL/src/crt0.o
                0x00010000                __alt_data_end = 0x10000
                0x00010000                PROVIDE (__alt_stack_pointer, __alt_data_end)
                0x0000b9f4                PROVIDE (__alt_stack_limit, __alt_stack_base)
                0x0000b9f4                PROVIDE (__alt_heap_start, end)
                0x00010000                PROVIDE (__alt_heap_limit, 0x10000)
OUTPUT(bailab.elf elf32-littlenios2)

.debug_ranges   0x00000000      0x178
 .debug_ranges  0x00000000       0x20 ../bailab_bsp//obj/HAL/src/crt0.o
 .debug_ranges  0x00000020      0x140 c:/setupquatus/nios2eds/bin/gnu/h-i686-mingw32/bin/../lib/gcc/nios2-elf/4.1.2/../../../../nios2-elf/lib/mno-hw-mul\libsmallc.a(lib_a-vfprintf.o)
 .debug_ranges  0x00000160       0x18 c:/setupquatus/nios2eds/bin/gnu/h-i686-mingw32/bin/../lib/gcc/nios2-elf/4.1.2/../../../../nios2-elf/lib/mno-hw-mul\libsmallc.a(lib_a-__call_atexit.o)
