Archive member included because of file (symbol)

c:/altera/13.0sp1/nios2eds/bin/gnu/h-i686-mingw32/bin/../lib/gcc/nios2-elf/4.1.2/../../../../nios2-elf/lib/mno-hw-mul\libsmallc.a(lib_a-printf.o)
                              obj/default/source.o (printf)
c:/altera/13.0sp1/nios2eds/bin/gnu/h-i686-mingw32/bin/../lib/gcc/nios2-elf/4.1.2/../../../../nios2-elf/lib/mno-hw-mul\libsmallc.a(lib_a-putchar.o)
                              obj/default/source.o (putchar)
c:/altera/13.0sp1/nios2eds/bin/gnu/h-i686-mingw32/bin/../lib/gcc/nios2-elf/4.1.2/../../../../nios2-elf/lib/mno-hw-mul\libsmallc.a(lib_a-puts.o)
                              obj/default/source.o (puts)
c:/altera/13.0sp1/nios2eds/bin/gnu/h-i686-mingw32/bin/../lib/gcc/nios2-elf/4.1.2/../../../../nios2-elf/lib/mno-hw-mul\libsmallc.a(lib_a-strlen.o)
                              c:/altera/13.0sp1/nios2eds/bin/gnu/h-i686-mingw32/bin/../lib/gcc/nios2-elf/4.1.2/../../../../nios2-elf/lib/mno-hw-mul\libsmallc.a(lib_a-puts.o) (strlen)
c:/altera/13.0sp1/nios2eds/bin/gnu/h-i686-mingw32/bin/../lib/gcc/nios2-elf/4.1.2/../../../../nios2-elf/lib/mno-hw-mul\libsmallc.a(lib_a-vfprintf.o)
                              c:/altera/13.0sp1/nios2eds/bin/gnu/h-i686-mingw32/bin/../lib/gcc/nios2-elf/4.1.2/../../../../nios2-elf/lib/mno-hw-mul\libsmallc.a(lib_a-printf.o) (___vfprintf_internal_r)
c:/altera/13.0sp1/nios2eds/bin/gnu/h-i686-mingw32/bin/../lib/gcc/nios2-elf/4.1.2/../../../../nios2-elf/lib/mno-hw-mul\libsmallc.a(lib_a-fvwrite_small_dev.o)
                              c:/altera/13.0sp1/nios2eds/bin/gnu/h-i686-mingw32/bin/../lib/gcc/nios2-elf/4.1.2/../../../../nios2-elf/lib/mno-hw-mul\libsmallc.a(lib_a-printf.o) (__sfvwrite_small_dev)
c:/altera/13.0sp1/nios2eds/bin/gnu/h-i686-mingw32/bin/../lib/gcc/nios2-elf/4.1.2/../../../../nios2-elf/lib/mno-hw-mul\libsmallc.a(lib_a-impure.o)
                              c:/altera/13.0sp1/nios2eds/bin/gnu/h-i686-mingw32/bin/../lib/gcc/nios2-elf/4.1.2/../../../../nios2-elf/lib/mno-hw-mul\libsmallc.a(lib_a-printf.o) (_impure_ptr)
c:/altera/13.0sp1/nios2eds/bin/gnu/h-i686-mingw32/bin/../lib/gcc/nios2-elf/4.1.2/../../../../nios2-elf/lib/mno-hw-mul\libsmallc.a(lib_a-putc.o)
                              c:/altera/13.0sp1/nios2eds/bin/gnu/h-i686-mingw32/bin/../lib/gcc/nios2-elf/4.1.2/../../../../nios2-elf/lib/mno-hw-mul\libsmallc.a(lib_a-putchar.o) (_putc_r)
c:/altera/13.0sp1/nios2eds/bin/gnu/h-i686-mingw32/bin/../lib/gcc/nios2-elf/4.1.2/../../../../nios2-elf/lib/mno-hw-mul\libsmallc.a(lib_a-writer.o)
                              c:/altera/13.0sp1/nios2eds/bin/gnu/h-i686-mingw32/bin/../lib/gcc/nios2-elf/4.1.2/../../../../nios2-elf/lib/mno-hw-mul\libsmallc.a(lib_a-fvwrite_small_dev.o) (_write_r)
c:/altera/13.0sp1/nios2eds/bin/gnu/h-i686-mingw32/bin/../lib/gcc/nios2-elf/4.1.2/../../../../nios2-elf/lib/mno-hw-mul\libsmallc.a(lib_a-int_errno.o)
                              c:/altera/13.0sp1/nios2eds/bin/gnu/h-i686-mingw32/bin/../lib/gcc/nios2-elf/4.1.2/../../../../nios2-elf/lib/mno-hw-mul\libsmallc.a(lib_a-writer.o) (errno)
c:/altera/13.0sp1/nios2eds/bin/gnu/h-i686-mingw32/bin/../lib/gcc/nios2-elf/4.1.2/mno-hw-mul\libgcc.a(lib2-divmod.o)
                              c:/altera/13.0sp1/nios2eds/bin/gnu/h-i686-mingw32/bin/../lib/gcc/nios2-elf/4.1.2/../../../../nios2-elf/lib/mno-hw-mul\libsmallc.a(lib_a-vfprintf.o) (__udivsi3)
c:/altera/13.0sp1/nios2eds/bin/gnu/h-i686-mingw32/bin/../lib/gcc/nios2-elf/4.1.2/mno-hw-mul\libgcc.a(lib2-mul.o)
                              c:/altera/13.0sp1/nios2eds/bin/gnu/h-i686-mingw32/bin/../lib/gcc/nios2-elf/4.1.2/../../../../nios2-elf/lib/mno-hw-mul\libsmallc.a(lib_a-vfprintf.o) (__mulsi3)
../SoC_Project_bsp/\libhal_bsp.a(alt_load.o)
                              ../SoC_Project_bsp//obj/HAL/src/crt0.o (alt_load)
../SoC_Project_bsp/\libhal_bsp.a(alt_main.o)
                              ../SoC_Project_bsp//obj/HAL/src/crt0.o (alt_main)
../SoC_Project_bsp/\libhal_bsp.a(alt_write.o)
                              c:/altera/13.0sp1/nios2eds/bin/gnu/h-i686-mingw32/bin/../lib/gcc/nios2-elf/4.1.2/../../../../nios2-elf/lib/mno-hw-mul\libsmallc.a(lib_a-writer.o) (write)
../SoC_Project_bsp/\libhal_bsp.a(alt_sys_init.o)
                              ../SoC_Project_bsp/\libhal_bsp.a(alt_main.o) (alt_irq_init)
../SoC_Project_bsp/\libhal_bsp.a(altera_avalon_jtag_uart_fd.o)
                              ../SoC_Project_bsp/\libhal_bsp.a(alt_sys_init.o) (altera_avalon_jtag_uart_read_fd)
../SoC_Project_bsp/\libhal_bsp.a(altera_avalon_jtag_uart_read.o)
                              ../SoC_Project_bsp/\libhal_bsp.a(altera_avalon_jtag_uart_fd.o) (altera_avalon_jtag_uart_read)
../SoC_Project_bsp/\libhal_bsp.a(altera_avalon_jtag_uart_write.o)
                              ../SoC_Project_bsp/\libhal_bsp.a(altera_avalon_jtag_uart_fd.o) (altera_avalon_jtag_uart_write)
../SoC_Project_bsp/\libhal_bsp.a(alt_close.o)
                              ../SoC_Project_bsp/\libhal_bsp.a(alt_main.o) (close)
../SoC_Project_bsp/\libhal_bsp.a(alt_dcache_flush_all.o)
                              ../SoC_Project_bsp/\libhal_bsp.a(alt_load.o) (alt_dcache_flush_all)
../SoC_Project_bsp/\libhal_bsp.a(alt_dev.o)
                              ../SoC_Project_bsp/\libhal_bsp.a(alt_sys_init.o) (alt_dev_list)
../SoC_Project_bsp/\libhal_bsp.a(alt_dev_llist_insert.o)
                              ../SoC_Project_bsp/\libhal_bsp.a(alt_sys_init.o) (alt_dev_llist_insert)
../SoC_Project_bsp/\libhal_bsp.a(alt_do_ctors.o)
                              ../SoC_Project_bsp/\libhal_bsp.a(alt_main.o) (_do_ctors)
../SoC_Project_bsp/\libhal_bsp.a(alt_do_dtors.o)
                              ../SoC_Project_bsp/\libhal_bsp.a(alt_main.o) (_do_dtors)
../SoC_Project_bsp/\libhal_bsp.a(alt_errno.o)
                              ../SoC_Project_bsp/\libhal_bsp.a(alt_write.o) (alt_errno)
../SoC_Project_bsp/\libhal_bsp.a(alt_icache_flush_all.o)
                              ../SoC_Project_bsp/\libhal_bsp.a(alt_load.o) (alt_icache_flush_all)
../SoC_Project_bsp/\libhal_bsp.a(alt_io_redirect.o)
                              ../SoC_Project_bsp/\libhal_bsp.a(alt_main.o) (alt_io_redirect)
../SoC_Project_bsp/\libhal_bsp.a(alt_open.o)
                              ../SoC_Project_bsp/\libhal_bsp.a(alt_io_redirect.o) (open)
../SoC_Project_bsp/\libhal_bsp.a(alt_release_fd.o)
                              ../SoC_Project_bsp/\libhal_bsp.a(alt_close.o) (alt_release_fd)
../SoC_Project_bsp/\libhal_bsp.a(altera_nios2_qsys_irq.o)
                              ../SoC_Project_bsp/\libhal_bsp.a(alt_sys_init.o) (altera_nios2_qsys_irq_init)
../SoC_Project_bsp/\libhal_bsp.a(alt_find_dev.o)
                              ../SoC_Project_bsp/\libhal_bsp.a(alt_open.o) (alt_find_dev)
../SoC_Project_bsp/\libhal_bsp.a(alt_find_file.o)
                              ../SoC_Project_bsp/\libhal_bsp.a(alt_open.o) (alt_find_file)
../SoC_Project_bsp/\libhal_bsp.a(alt_get_fd.o)
                              ../SoC_Project_bsp/\libhal_bsp.a(alt_open.o) (alt_get_fd)
c:/altera/13.0sp1/nios2eds/bin/gnu/h-i686-mingw32/bin/../lib/gcc/nios2-elf/4.1.2/../../../../nios2-elf/lib/mno-hw-mul\libsmallc.a(lib_a-atexit.o)
                              ../SoC_Project_bsp/\libhal_bsp.a(alt_main.o) (atexit)
c:/altera/13.0sp1/nios2eds/bin/gnu/h-i686-mingw32/bin/../lib/gcc/nios2-elf/4.1.2/../../../../nios2-elf/lib/mno-hw-mul\libsmallc.a(lib_a-exit.o)
                              ../SoC_Project_bsp/\libhal_bsp.a(alt_main.o) (exit)
c:/altera/13.0sp1/nios2eds/bin/gnu/h-i686-mingw32/bin/../lib/gcc/nios2-elf/4.1.2/../../../../nios2-elf/lib/mno-hw-mul\libsmallc.a(lib_a-memcmp.o)
                              ../SoC_Project_bsp/\libhal_bsp.a(alt_find_dev.o) (memcmp)
c:/altera/13.0sp1/nios2eds/bin/gnu/h-i686-mingw32/bin/../lib/gcc/nios2-elf/4.1.2/../../../../nios2-elf/lib/mno-hw-mul\libsmallc.a(lib_a-__atexit.o)
                              c:/altera/13.0sp1/nios2eds/bin/gnu/h-i686-mingw32/bin/../lib/gcc/nios2-elf/4.1.2/../../../../nios2-elf/lib/mno-hw-mul\libsmallc.a(lib_a-atexit.o) (__register_exitproc)
c:/altera/13.0sp1/nios2eds/bin/gnu/h-i686-mingw32/bin/../lib/gcc/nios2-elf/4.1.2/../../../../nios2-elf/lib/mno-hw-mul\libsmallc.a(lib_a-__call_atexit.o)
                              c:/altera/13.0sp1/nios2eds/bin/gnu/h-i686-mingw32/bin/../lib/gcc/nios2-elf/4.1.2/../../../../nios2-elf/lib/mno-hw-mul\libsmallc.a(lib_a-exit.o) (__call_exitprocs)
../SoC_Project_bsp/\libhal_bsp.a(alt_exit.o)
                              c:/altera/13.0sp1/nios2eds/bin/gnu/h-i686-mingw32/bin/../lib/gcc/nios2-elf/4.1.2/../../../../nios2-elf/lib/mno-hw-mul\libsmallc.a(lib_a-exit.o) (_exit)

Allocating common symbols
Common symbol       size              file

errno               0x4               c:/altera/13.0sp1/nios2eds/bin/gnu/h-i686-mingw32/bin/../lib/gcc/nios2-elf/4.1.2/../../../../nios2-elf/lib/mno-hw-mul\libsmallc.a(lib_a-int_errno.o)
_atexit0            0x8c              c:/altera/13.0sp1/nios2eds/bin/gnu/h-i686-mingw32/bin/../lib/gcc/nios2-elf/4.1.2/../../../../nios2-elf/lib/mno-hw-mul\libsmallc.a(lib_a-atexit.o)

Memory Configuration

Name             Origin             Length             Attributes
reset            0x00008000         0x00000020
onchip_memory2_0 0x00008020         0x00007fe0
*default*        0x00000000         0xffffffff

Linker script and memory map

LOAD ../SoC_Project_bsp//obj/HAL/src/crt0.o
LOAD obj/default/source.o
LOAD c:/altera/13.0sp1/nios2eds/bin/gnu/h-i686-mingw32/bin/../lib/gcc/nios2-elf/4.1.2/../../../../nios2-elf/lib/mno-hw-mul\libstdc++.a
LOAD c:/altera/13.0sp1/nios2eds/bin/gnu/h-i686-mingw32/bin/../lib/gcc/nios2-elf/4.1.2/../../../../nios2-elf/lib/mno-hw-mul\libm.a
LOAD c:/altera/13.0sp1/nios2eds/bin/gnu/h-i686-mingw32/bin/../lib/gcc/nios2-elf/4.1.2/mno-hw-mul\libgcc.a
START GROUP
LOAD c:/altera/13.0sp1/nios2eds/bin/gnu/h-i686-mingw32/bin/../lib/gcc/nios2-elf/4.1.2/../../../../nios2-elf/lib/mno-hw-mul\libsmallc.a
LOAD c:/altera/13.0sp1/nios2eds/bin/gnu/h-i686-mingw32/bin/../lib/gcc/nios2-elf/4.1.2/mno-hw-mul\libgcc.a
LOAD ../SoC_Project_bsp/\libhal_bsp.a
END GROUP
LOAD c:/altera/13.0sp1/nios2eds/bin/gnu/h-i686-mingw32/bin/../lib/gcc/nios2-elf/4.1.2/mno-hw-mul\libgcc.a
                0x00008000                __alt_mem_onchip_memory2_0 = 0x8000

.entry          0x00008000       0x20
 *(.entry)
 .entry         0x00008000       0x20 ../SoC_Project_bsp//obj/HAL/src/crt0.o
                0x00008000                __reset

.exceptions     0x00008020        0x0
                0x00008020                PROVIDE (__ram_exceptions_start, ABSOLUTE (.))
                0x00008020                . = ALIGN (0x20)
 *(.irq)
 *(.exceptions.entry.label)
 *(.exceptions.entry.user)
 *(.exceptions.entry)
 *(.exceptions.irqtest.user)
 *(.exceptions.irqtest)
 *(.exceptions.irqhandler.user)
 *(.exceptions.irqhandler)
 *(.exceptions.irqreturn.user)
 *(.exceptions.irqreturn)
 *(.exceptions.notirq.label)
 *(.exceptions.notirq.user)
 *(.exceptions.notirq)
 *(.exceptions.soft.user)
 *(.exceptions.soft)
 *(.exceptions.unknown.user)
 *(.exceptions.unknown)
 *(.exceptions.exit.label)
 *(.exceptions.exit.user)
 *(.exceptions.exit)
 *(.exceptions)
                0x00008020                PROVIDE (__ram_exceptions_end, ABSOLUTE (.))
                0x00008020                PROVIDE (__flash_exceptions_start, LOADADDR (.exceptions))

.text           0x00008020     0x2918
                0x00008020                PROVIDE (stext, ABSOLUTE (.))
 *(.interp)
 *(.hash)
 *(.dynsym)
 *(.dynstr)
 *(.gnu.version)
 *(.gnu.version_d)
 *(.gnu.version_r)
 *(.rel.init)
 *(.rela.init)
 *(.rel.text .rel.text.* .rel.gnu.linkonce.t.*)
 *(.rela.text .rela.text.* .rela.gnu.linkonce.t.*)
 *(.rel.fini)
 *(.rela.fini)
 *(.rel.rodata .rel.rodata.* .rel.gnu.linkonce.r.*)
 *(.rela.rodata .rela.rodata.* .rela.gnu.linkonce.r.*)
 *(.rel.data .rel.data.* .rel.gnu.linkonce.d.*)
 *(.rela.data .rela.data.* .rela.gnu.linkonce.d.*)
 *(.rel.tdata .rel.tdata.* .rel.gnu.linkonce.td.*)
 *(.rela.tdata .rela.tdata.* .rela.gnu.linkonce.td.*)
 *(.rel.tbss .rel.tbss.* .rel.gnu.linkonce.tb.*)
 *(.rela.tbss .rela.tbss.* .rela.gnu.linkonce.tb.*)
 *(.rel.ctors)
 *(.rela.ctors)
 *(.rel.dtors)
 *(.rela.dtors)
 *(.rel.got)
 *(.rela.got)
 *(.rel.sdata .rel.sdata.* .rel.gnu.linkonce.s.*)
 *(.rela.sdata .rela.sdata.* .rela.gnu.linkonce.s.*)
 *(.rel.sbss .rel.sbss.* .rel.gnu.linkonce.sb.*)
 *(.rela.sbss .rela.sbss.* .rela.gnu.linkonce.sb.*)
 *(.rel.sdata2 .rel.sdata2.* .rel.gnu.linkonce.s2.*)
 *(.rela.sdata2 .rela.sdata2.* .rela.gnu.linkonce.s2.*)
 *(.rel.sbss2 .rel.sbss2.* .rel.gnu.linkonce.sb2.*)
 *(.rela.sbss2 .rela.sbss2.* .rela.gnu.linkonce.sb2.*)
 *(.rel.bss .rel.bss.* .rel.gnu.linkonce.b.*)
 *(.rela.bss .rela.bss.* .rela.gnu.linkonce.b.*)
 *(.rel.plt)
 *(.rela.plt)
 *(.rel.dyn)
 *(.init)
 *(.plt)
 *(.text .stub .text.* .gnu.linkonce.t.*)
 .text          0x00008020       0x3c ../SoC_Project_bsp//obj/HAL/src/crt0.o
                0x00008020                _start
 .text          0x0000805c      0x7c0 obj/default/source.o
                0x0000805c                main
 .text          0x0000881c       0x98 c:/altera/13.0sp1/nios2eds/bin/gnu/h-i686-mingw32/bin/../lib/gcc/nios2-elf/4.1.2/../../../../nios2-elf/lib/mno-hw-mul\libsmallc.a(lib_a-printf.o)
                0x0000881c                printf
                0x00008870                _printf_r
 .text          0x000088b4       0x24 c:/altera/13.0sp1/nios2eds/bin/gnu/h-i686-mingw32/bin/../lib/gcc/nios2-elf/4.1.2/../../../../nios2-elf/lib/mno-hw-mul\libsmallc.a(lib_a-putchar.o)
                0x000088b4                putchar
                0x000088d0                _putchar_r
 .text          0x000088d8       0xa4 c:/altera/13.0sp1/nios2eds/bin/gnu/h-i686-mingw32/bin/../lib/gcc/nios2-elf/4.1.2/../../../../nios2-elf/lib/mno-hw-mul\libsmallc.a(lib_a-puts.o)
                0x000088d8                _puts_r
                0x00008968                puts
 .text          0x0000897c       0x20 c:/altera/13.0sp1/nios2eds/bin/gnu/h-i686-mingw32/bin/../lib/gcc/nios2-elf/4.1.2/../../../../nios2-elf/lib/mno-hw-mul\libsmallc.a(lib_a-strlen.o)
                0x0000897c                strlen
 .text          0x0000899c      0x740 c:/altera/13.0sp1/nios2eds/bin/gnu/h-i686-mingw32/bin/../lib/gcc/nios2-elf/4.1.2/../../../../nios2-elf/lib/mno-hw-mul\libsmallc.a(lib_a-vfprintf.o)
                0x00008a1c                ___vfprintf_internal_r
                0x000090b8                __vfprintf_internal
 .text          0x000090dc       0xbc c:/altera/13.0sp1/nios2eds/bin/gnu/h-i686-mingw32/bin/../lib/gcc/nios2-elf/4.1.2/../../../../nios2-elf/lib/mno-hw-mul\libsmallc.a(lib_a-fvwrite_small_dev.o)
                0x000090dc                __sfvwrite_small_dev
 .text          0x00009198        0x0 c:/altera/13.0sp1/nios2eds/bin/gnu/h-i686-mingw32/bin/../lib/gcc/nios2-elf/4.1.2/../../../../nios2-elf/lib/mno-hw-mul\libsmallc.a(lib_a-impure.o)
 .text          0x00009198       0xe4 c:/altera/13.0sp1/nios2eds/bin/gnu/h-i686-mingw32/bin/../lib/gcc/nios2-elf/4.1.2/../../../../nios2-elf/lib/mno-hw-mul\libsmallc.a(lib_a-putc.o)
                0x00009198                putc
                0x00009208                _putc_r
 .text          0x0000927c       0x78 c:/altera/13.0sp1/nios2eds/bin/gnu/h-i686-mingw32/bin/../lib/gcc/nios2-elf/4.1.2/../../../../nios2-elf/lib/mno-hw-mul\libsmallc.a(lib_a-writer.o)
                0x0000927c                _write_r
 .text          0x000092f4        0x0 c:/altera/13.0sp1/nios2eds/bin/gnu/h-i686-mingw32/bin/../lib/gcc/nios2-elf/4.1.2/../../../../nios2-elf/lib/mno-hw-mul\libsmallc.a(lib_a-int_errno.o)
 .text          0x000092f4      0x14c c:/altera/13.0sp1/nios2eds/bin/gnu/h-i686-mingw32/bin/../lib/gcc/nios2-elf/4.1.2/mno-hw-mul\libgcc.a(lib2-divmod.o)
                0x00009370                __divsi3
                0x000093d0                __modsi3
                0x00009430                __udivsi3
                0x00009438                __umodsi3
 .text          0x00009440       0x38 c:/altera/13.0sp1/nios2eds/bin/gnu/h-i686-mingw32/bin/../lib/gcc/nios2-elf/4.1.2/mno-hw-mul\libgcc.a(lib2-mul.o)
                0x00009440                __mulsi3
 .text          0x00009478       0xec ../SoC_Project_bsp/\libhal_bsp.a(alt_load.o)
                0x00009478                alt_load
 .text          0x00009564       0x6c ../SoC_Project_bsp/\libhal_bsp.a(alt_main.o)
                0x00009564                alt_main
 .text          0x000095d0      0x184 ../SoC_Project_bsp/\libhal_bsp.a(alt_write.o)
                0x000095d0                write
 .text          0x00009754       0x9c ../SoC_Project_bsp/\libhal_bsp.a(alt_sys_init.o)
                0x00009754                alt_irq_init
                0x00009788                alt_sys_init
 .text          0x000097f0       0xb0 ../SoC_Project_bsp/\libhal_bsp.a(altera_avalon_jtag_uart_fd.o)
                0x000097f0                altera_avalon_jtag_uart_read_fd
                0x00009848                altera_avalon_jtag_uart_write_fd
 .text          0x000098a0      0x104 ../SoC_Project_bsp/\libhal_bsp.a(altera_avalon_jtag_uart_read.o)
                0x000098a0                altera_avalon_jtag_uart_read
 .text          0x000099a4       0xa4 ../SoC_Project_bsp/\libhal_bsp.a(altera_avalon_jtag_uart_write.o)
                0x000099a4                altera_avalon_jtag_uart_write
 .text          0x00009a48      0x160 ../SoC_Project_bsp/\libhal_bsp.a(alt_close.o)
                0x00009a48                close
 .text          0x00009ba8       0x1c ../SoC_Project_bsp/\libhal_bsp.a(alt_dcache_flush_all.o)
                0x00009ba8                alt_dcache_flush_all
 .text          0x00009bc4       0x2c ../SoC_Project_bsp/\libhal_bsp.a(alt_dev.o)
 .text          0x00009bf0      0x114 ../SoC_Project_bsp/\libhal_bsp.a(alt_dev_llist_insert.o)
                0x00009bf0                alt_dev_llist_insert
 .text          0x00009d04       0x64 ../SoC_Project_bsp/\libhal_bsp.a(alt_do_ctors.o)
                0x00009d04                _do_ctors
 .text          0x00009d68       0x64 ../SoC_Project_bsp/\libhal_bsp.a(alt_do_dtors.o)
                0x00009d68                _do_dtors
 .text          0x00009dcc        0x0 ../SoC_Project_bsp/\libhal_bsp.a(alt_errno.o)
 .text          0x00009dcc       0x1c ../SoC_Project_bsp/\libhal_bsp.a(alt_icache_flush_all.o)
                0x00009dcc                alt_icache_flush_all
 .text          0x00009de8      0x150 ../SoC_Project_bsp/\libhal_bsp.a(alt_io_redirect.o)
                0x00009ec0                alt_io_redirect
 .text          0x00009f38      0x2e4 ../SoC_Project_bsp/\libhal_bsp.a(alt_open.o)
                0x0000a030                open
 .text          0x0000a21c       0x78 ../SoC_Project_bsp/\libhal_bsp.a(alt_release_fd.o)
                0x0000a21c                alt_release_fd
 .text          0x0000a294       0x20 ../SoC_Project_bsp/\libhal_bsp.a(altera_nios2_qsys_irq.o)
                0x0000a294                altera_nios2_qsys_irq_init
 .text          0x0000a2b4       0x94 ../SoC_Project_bsp/\libhal_bsp.a(alt_find_dev.o)
                0x0000a2b4                alt_find_dev
 .text          0x0000a348      0x120 ../SoC_Project_bsp/\libhal_bsp.a(alt_find_file.o)
                0x0000a348                alt_find_file
 .text          0x0000a468       0xd0 ../SoC_Project_bsp/\libhal_bsp.a(alt_get_fd.o)
                0x0000a468                alt_get_fd
 .text          0x0000a538       0x14 c:/altera/13.0sp1/nios2eds/bin/gnu/h-i686-mingw32/bin/../lib/gcc/nios2-elf/4.1.2/../../../../nios2-elf/lib/mno-hw-mul\libsmallc.a(lib_a-atexit.o)
                0x0000a538                atexit
 .text          0x0000a54c       0x20 c:/altera/13.0sp1/nios2eds/bin/gnu/h-i686-mingw32/bin/../lib/gcc/nios2-elf/4.1.2/../../../../nios2-elf/lib/mno-hw-mul\libsmallc.a(lib_a-exit.o)
                0x0000a54c                exit
 .text          0x0000a56c       0x3c c:/altera/13.0sp1/nios2eds/bin/gnu/h-i686-mingw32/bin/../lib/gcc/nios2-elf/4.1.2/../../../../nios2-elf/lib/mno-hw-mul\libsmallc.a(lib_a-memcmp.o)
                0x0000a56c                memcmp
 .text          0x0000a5a8      0x16c c:/altera/13.0sp1/nios2eds/bin/gnu/h-i686-mingw32/bin/../lib/gcc/nios2-elf/4.1.2/../../../../nios2-elf/lib/mno-hw-mul\libsmallc.a(lib_a-__atexit.o)
                0x0000a5a8                __register_exitproc
 .text          0x0000a714      0x1c0 c:/altera/13.0sp1/nios2eds/bin/gnu/h-i686-mingw32/bin/../lib/gcc/nios2-elf/4.1.2/../../../../nios2-elf/lib/mno-hw-mul\libsmallc.a(lib_a-__call_atexit.o)
                0x0000a718                __call_exitprocs
 .text          0x0000a8d4       0x60 ../SoC_Project_bsp/\libhal_bsp.a(alt_exit.o)
                0x0000a914                _exit
 *(.gnu.warning.*)
 *(.fini)
                0x0000a934                PROVIDE (__etext, ABSOLUTE (.))
                0x0000a934                PROVIDE (_etext, ABSOLUTE (.))
                0x0000a934                PROVIDE (etext, ABSOLUTE (.))
 *(.eh_frame_hdr)
                0x0000a934                . = ALIGN (0x4)
                0x0000a934                PROVIDE (__preinit_array_start, ABSOLUTE (.))
 *(.preinit_array)
                0x0000a934                PROVIDE (__preinit_array_end, ABSOLUTE (.))
                0x0000a934                PROVIDE (__init_array_start, ABSOLUTE (.))
 *(.init_array)
                0x0000a934                PROVIDE (__init_array_end, ABSOLUTE (.))
                0x0000a934                PROVIDE (__fini_array_start, ABSOLUTE (.))
 *(.fini_array)
                0x0000a934                PROVIDE (__fini_array_end, ABSOLUTE (.))
 *(.eh_frame)
 *(.gcc_except_table)
 *(.dynamic)
                0x0000a934                PROVIDE (__CTOR_LIST__, ABSOLUTE (.))
 *(.ctors)
 *(SORT(.ctors.*))
 .ctors.65535   0x0000a934        0x4 c:/altera/13.0sp1/nios2eds/bin/gnu/h-i686-mingw32/bin/../lib/gcc/nios2-elf/4.1.2/../../../../nios2-elf/lib/mno-hw-mul\libsmallc.a(lib_a-__call_atexit.o)
                0x0000a938                PROVIDE (__CTOR_END__, ABSOLUTE (.))
                0x0000a938                PROVIDE (__DTOR_LIST__, ABSOLUTE (.))
 *(.dtors)
 *(SORT(.dtors.*))
                0x0000a938                PROVIDE (__DTOR_END__, ABSOLUTE (.))
 *(.jcr)
                0x0000a938                . = ALIGN (0x4)

.rodata         0x0000a938       0xa8
                0x0000a938                PROVIDE (__ram_rodata_start, ABSOLUTE (.))
                0x0000a938                . = ALIGN (0x4)
 *(.rodata .rodata.* .gnu.linkonce.r.*)
 .rodata        0x0000a938       0x70 obj/default/source.o
 .rodata.str1.4
                0x0000a9a8        0x4 c:/altera/13.0sp1/nios2eds/bin/gnu/h-i686-mingw32/bin/../lib/gcc/nios2-elf/4.1.2/../../../../nios2-elf/lib/mno-hw-mul\libsmallc.a(lib_a-puts.o)
 .rodata        0x0000a9ac       0x14 ../SoC_Project_bsp/\libhal_bsp.a(alt_main.o)
 .rodata        0x0000a9c0       0x14 ../SoC_Project_bsp/\libhal_bsp.a(alt_sys_init.o)
 .rodata        0x0000a9d4        0xc ../SoC_Project_bsp/\libhal_bsp.a(alt_dev.o)
 *(.rodata1)
                0x0000a9e0                . = ALIGN (0x4)
                0x0000a9e0                PROVIDE (__ram_rodata_end, ABSOLUTE (.))
                0x0000a938                PROVIDE (__flash_rodata_start, LOADADDR (.rodata))

.rwdata         0x0000a9e0      0x2d4 load address 0x0000acb4
                0x0000a9e0                PROVIDE (__ram_rwdata_start, ABSOLUTE (.))
                0x0000a9e0                . = ALIGN (0x4)
 *(.got.plt)
 *(.got)
 *(.data1)
 *(.data .data.* .gnu.linkonce.d.*)
 .data          0x0000a9e0        0x0 ../SoC_Project_bsp//obj/HAL/src/crt0.o
 .data          0x0000a9e0        0x0 obj/default/source.o
 .data          0x0000a9e0        0x0 c:/altera/13.0sp1/nios2eds/bin/gnu/h-i686-mingw32/bin/../lib/gcc/nios2-elf/4.1.2/../../../../nios2-elf/lib/mno-hw-mul\libsmallc.a(lib_a-printf.o)
 .data          0x0000a9e0        0x0 c:/altera/13.0sp1/nios2eds/bin/gnu/h-i686-mingw32/bin/../lib/gcc/nios2-elf/4.1.2/../../../../nios2-elf/lib/mno-hw-mul\libsmallc.a(lib_a-putchar.o)
 .data          0x0000a9e0        0x0 c:/altera/13.0sp1/nios2eds/bin/gnu/h-i686-mingw32/bin/../lib/gcc/nios2-elf/4.1.2/../../../../nios2-elf/lib/mno-hw-mul\libsmallc.a(lib_a-puts.o)
 .data          0x0000a9e0        0x0 c:/altera/13.0sp1/nios2eds/bin/gnu/h-i686-mingw32/bin/../lib/gcc/nios2-elf/4.1.2/../../../../nios2-elf/lib/mno-hw-mul\libsmallc.a(lib_a-strlen.o)
 .data          0x0000a9e0        0x0 c:/altera/13.0sp1/nios2eds/bin/gnu/h-i686-mingw32/bin/../lib/gcc/nios2-elf/4.1.2/../../../../nios2-elf/lib/mno-hw-mul\libsmallc.a(lib_a-vfprintf.o)
 .data          0x0000a9e0        0x0 c:/altera/13.0sp1/nios2eds/bin/gnu/h-i686-mingw32/bin/../lib/gcc/nios2-elf/4.1.2/../../../../nios2-elf/lib/mno-hw-mul\libsmallc.a(lib_a-fvwrite_small_dev.o)
 .data          0x0000a9e0       0xe0 c:/altera/13.0sp1/nios2eds/bin/gnu/h-i686-mingw32/bin/../lib/gcc/nios2-elf/4.1.2/../../../../nios2-elf/lib/mno-hw-mul\libsmallc.a(lib_a-impure.o)
 .data          0x0000aac0        0x0 c:/altera/13.0sp1/nios2eds/bin/gnu/h-i686-mingw32/bin/../lib/gcc/nios2-elf/4.1.2/../../../../nios2-elf/lib/mno-hw-mul\libsmallc.a(lib_a-putc.o)
 .data          0x0000aac0        0x0 c:/altera/13.0sp1/nios2eds/bin/gnu/h-i686-mingw32/bin/../lib/gcc/nios2-elf/4.1.2/../../../../nios2-elf/lib/mno-hw-mul\libsmallc.a(lib_a-writer.o)
 .data          0x0000aac0        0x0 c:/altera/13.0sp1/nios2eds/bin/gnu/h-i686-mingw32/bin/../lib/gcc/nios2-elf/4.1.2/../../../../nios2-elf/lib/mno-hw-mul\libsmallc.a(lib_a-int_errno.o)
 .data          0x0000aac0        0x0 c:/altera/13.0sp1/nios2eds/bin/gnu/h-i686-mingw32/bin/../lib/gcc/nios2-elf/4.1.2/mno-hw-mul\libgcc.a(lib2-divmod.o)
 .data          0x0000aac0        0x0 c:/altera/13.0sp1/nios2eds/bin/gnu/h-i686-mingw32/bin/../lib/gcc/nios2-elf/4.1.2/mno-hw-mul\libgcc.a(lib2-mul.o)
 .data          0x0000aac0        0x0 ../SoC_Project_bsp/\libhal_bsp.a(alt_load.o)
 .data          0x0000aac0        0x0 ../SoC_Project_bsp/\libhal_bsp.a(alt_main.o)
 .data          0x0000aac0        0x0 ../SoC_Project_bsp/\libhal_bsp.a(alt_write.o)
 .data          0x0000aac0       0x2c ../SoC_Project_bsp/\libhal_bsp.a(alt_sys_init.o)
 .data          0x0000aaec        0x0 ../SoC_Project_bsp/\libhal_bsp.a(altera_avalon_jtag_uart_fd.o)
 .data          0x0000aaec        0x0 ../SoC_Project_bsp/\libhal_bsp.a(altera_avalon_jtag_uart_read.o)
 .data          0x0000aaec        0x0 ../SoC_Project_bsp/\libhal_bsp.a(altera_avalon_jtag_uart_write.o)
 .data          0x0000aaec        0x0 ../SoC_Project_bsp/\libhal_bsp.a(alt_close.o)
 .data          0x0000aaec        0x0 ../SoC_Project_bsp/\libhal_bsp.a(alt_dcache_flush_all.o)
 .data          0x0000aaec      0x1a8 ../SoC_Project_bsp/\libhal_bsp.a(alt_dev.o)
                0x0000aaec                alt_dev_null
                0x0000ab14                alt_fd_list
 .data          0x0000ac94        0x0 ../SoC_Project_bsp/\libhal_bsp.a(alt_dev_llist_insert.o)
 .data          0x0000ac94        0x0 ../SoC_Project_bsp/\libhal_bsp.a(alt_do_ctors.o)
 .data          0x0000ac94        0x0 ../SoC_Project_bsp/\libhal_bsp.a(alt_do_dtors.o)
 .data          0x0000ac94        0x0 ../SoC_Project_bsp/\libhal_bsp.a(alt_errno.o)
 .data          0x0000ac94        0x0 ../SoC_Project_bsp/\libhal_bsp.a(alt_icache_flush_all.o)
 .data          0x0000ac94        0x0 ../SoC_Project_bsp/\libhal_bsp.a(alt_io_redirect.o)
 .data          0x0000ac94        0x0 ../SoC_Project_bsp/\libhal_bsp.a(alt_open.o)
 .data          0x0000ac94        0x0 ../SoC_Project_bsp/\libhal_bsp.a(alt_release_fd.o)
 .data          0x0000ac94        0x0 ../SoC_Project_bsp/\libhal_bsp.a(altera_nios2_qsys_irq.o)
 .data          0x0000ac94        0x0 ../SoC_Project_bsp/\libhal_bsp.a(alt_find_dev.o)
 .data          0x0000ac94        0x0 ../SoC_Project_bsp/\libhal_bsp.a(alt_find_file.o)
 .data          0x0000ac94        0x0 ../SoC_Project_bsp/\libhal_bsp.a(alt_get_fd.o)
 .data          0x0000ac94        0x0 c:/altera/13.0sp1/nios2eds/bin/gnu/h-i686-mingw32/bin/../lib/gcc/nios2-elf/4.1.2/../../../../nios2-elf/lib/mno-hw-mul\libsmallc.a(lib_a-atexit.o)
 .data          0x0000ac94        0x0 c:/altera/13.0sp1/nios2eds/bin/gnu/h-i686-mingw32/bin/../lib/gcc/nios2-elf/4.1.2/../../../../nios2-elf/lib/mno-hw-mul\libsmallc.a(lib_a-exit.o)
 .data          0x0000ac94        0x0 c:/altera/13.0sp1/nios2eds/bin/gnu/h-i686-mingw32/bin/../lib/gcc/nios2-elf/4.1.2/../../../../nios2-elf/lib/mno-hw-mul\libsmallc.a(lib_a-memcmp.o)
 .data          0x0000ac94        0x0 c:/altera/13.0sp1/nios2eds/bin/gnu/h-i686-mingw32/bin/../lib/gcc/nios2-elf/4.1.2/../../../../nios2-elf/lib/mno-hw-mul\libsmallc.a(lib_a-__atexit.o)
 .data          0x0000ac94        0x0 c:/altera/13.0sp1/nios2eds/bin/gnu/h-i686-mingw32/bin/../lib/gcc/nios2-elf/4.1.2/../../../../nios2-elf/lib/mno-hw-mul\libsmallc.a(lib_a-__call_atexit.o)
 .data          0x0000ac94        0x0 ../SoC_Project_bsp/\libhal_bsp.a(alt_exit.o)
                0x00012c94                _gp = ABSOLUTE ((. + 0x8000))
                0x00012c94                PROVIDE (gp, _gp)
 *(.rwdata .rwdata.*)
 *(.sdata .sdata.* .gnu.linkonce.s.*)
 .sdata         0x0000ac94        0x8 c:/altera/13.0sp1/nios2eds/bin/gnu/h-i686-mingw32/bin/../lib/gcc/nios2-elf/4.1.2/../../../../nios2-elf/lib/mno-hw-mul\libsmallc.a(lib_a-impure.o)
                0x0000ac94                _impure_ptr
                0x0000ac98                _global_impure_ptr
 .sdata         0x0000ac9c       0x14 ../SoC_Project_bsp/\libhal_bsp.a(alt_dev.o)
                0x0000ac9c                alt_fs_list
                0x0000aca4                alt_dev_list
                0x0000acac                alt_max_fd
 .sdata         0x0000acb0        0x4 ../SoC_Project_bsp/\libhal_bsp.a(alt_errno.o)
                0x0000acb0                alt_errno
 *(.sdata2 .sdata2.* .gnu.linkonce.s2.*)
                0x0000acb4                . = ALIGN (0x4)
                0x0000acb4                _edata = ABSOLUTE (.)
                0x0000acb4                PROVIDE (edata, ABSOLUTE (.))
                0x0000acb4                PROVIDE (__ram_rwdata_end, ABSOLUTE (.))
                0x0000acb4                PROVIDE (__flash_rwdata_start, LOADADDR (.rwdata))

.bss            0x0000af88       0x9c
                0x0000af88                __bss_start = ABSOLUTE (.)
                0x0000af88                PROVIDE (__sbss_start, ABSOLUTE (.))
                0x0000af88                PROVIDE (___sbss_start, ABSOLUTE (.))
 *(.dynsbss)
 *(.sbss .sbss.* .gnu.linkonce.sb.*)
 .sbss          0x0000af88        0x4 c:/altera/13.0sp1/nios2eds/bin/gnu/h-i686-mingw32/bin/../lib/gcc/nios2-elf/4.1.2/../../../../nios2-elf/lib/mno-hw-mul\libsmallc.a(lib_a-int_errno.o)
                0x0000af88                errno
 .sbss          0x0000af8c        0xc ../SoC_Project_bsp/\libhal_bsp.a(alt_main.o)
                0x0000af8c                alt_argc
                0x0000af90                alt_argv
                0x0000af94                alt_envp
 *(.sbss2 .sbss2.* .gnu.linkonce.sb2.*)
 *(.scommon)
                0x0000af98                PROVIDE (__sbss_end, ABSOLUTE (.))
                0x0000af98                PROVIDE (___sbss_end, ABSOLUTE (.))
 *(.dynbss)
 *(.bss .bss.* .gnu.linkonce.b.*)
 .bss           0x0000af98        0x0 ../SoC_Project_bsp//obj/HAL/src/crt0.o
 .bss           0x0000af98        0x0 obj/default/source.o
 .bss           0x0000af98        0x0 c:/altera/13.0sp1/nios2eds/bin/gnu/h-i686-mingw32/bin/../lib/gcc/nios2-elf/4.1.2/../../../../nios2-elf/lib/mno-hw-mul\libsmallc.a(lib_a-printf.o)
 .bss           0x0000af98        0x0 c:/altera/13.0sp1/nios2eds/bin/gnu/h-i686-mingw32/bin/../lib/gcc/nios2-elf/4.1.2/../../../../nios2-elf/lib/mno-hw-mul\libsmallc.a(lib_a-putchar.o)
 .bss           0x0000af98        0x0 c:/altera/13.0sp1/nios2eds/bin/gnu/h-i686-mingw32/bin/../lib/gcc/nios2-elf/4.1.2/../../../../nios2-elf/lib/mno-hw-mul\libsmallc.a(lib_a-puts.o)
 .bss           0x0000af98        0x0 c:/altera/13.0sp1/nios2eds/bin/gnu/h-i686-mingw32/bin/../lib/gcc/nios2-elf/4.1.2/../../../../nios2-elf/lib/mno-hw-mul\libsmallc.a(lib_a-strlen.o)
 .bss           0x0000af98        0x0 c:/altera/13.0sp1/nios2eds/bin/gnu/h-i686-mingw32/bin/../lib/gcc/nios2-elf/4.1.2/../../../../nios2-elf/lib/mno-hw-mul\libsmallc.a(lib_a-vfprintf.o)
 .bss           0x0000af98        0x0 c:/altera/13.0sp1/nios2eds/bin/gnu/h-i686-mingw32/bin/../lib/gcc/nios2-elf/4.1.2/../../../../nios2-elf/lib/mno-hw-mul\libsmallc.a(lib_a-fvwrite_small_dev.o)
 .bss           0x0000af98        0x0 c:/altera/13.0sp1/nios2eds/bin/gnu/h-i686-mingw32/bin/../lib/gcc/nios2-elf/4.1.2/../../../../nios2-elf/lib/mno-hw-mul\libsmallc.a(lib_a-impure.o)
 .bss           0x0000af98        0x0 c:/altera/13.0sp1/nios2eds/bin/gnu/h-i686-mingw32/bin/../lib/gcc/nios2-elf/4.1.2/../../../../nios2-elf/lib/mno-hw-mul\libsmallc.a(lib_a-putc.o)
 .bss           0x0000af98        0x0 c:/altera/13.0sp1/nios2eds/bin/gnu/h-i686-mingw32/bin/../lib/gcc/nios2-elf/4.1.2/../../../../nios2-elf/lib/mno-hw-mul\libsmallc.a(lib_a-writer.o)
 .bss           0x0000af98        0x0 c:/altera/13.0sp1/nios2eds/bin/gnu/h-i686-mingw32/bin/../lib/gcc/nios2-elf/4.1.2/../../../../nios2-elf/lib/mno-hw-mul\libsmallc.a(lib_a-int_errno.o)
 .bss           0x0000af98        0x0 c:/altera/13.0sp1/nios2eds/bin/gnu/h-i686-mingw32/bin/../lib/gcc/nios2-elf/4.1.2/mno-hw-mul\libgcc.a(lib2-divmod.o)
 .bss           0x0000af98        0x0 c:/altera/13.0sp1/nios2eds/bin/gnu/h-i686-mingw32/bin/../lib/gcc/nios2-elf/4.1.2/mno-hw-mul\libgcc.a(lib2-mul.o)
 .bss           0x0000af98        0x0 ../SoC_Project_bsp/\libhal_bsp.a(alt_load.o)
 .bss           0x0000af98        0x0 ../SoC_Project_bsp/\libhal_bsp.a(alt_main.o)
 .bss           0x0000af98        0x0 ../SoC_Project_bsp/\libhal_bsp.a(alt_write.o)
 .bss           0x0000af98        0x0 ../SoC_Project_bsp/\libhal_bsp.a(alt_sys_init.o)
 .bss           0x0000af98        0x0 ../SoC_Project_bsp/\libhal_bsp.a(altera_avalon_jtag_uart_fd.o)
 .bss           0x0000af98        0x0 ../SoC_Project_bsp/\libhal_bsp.a(altera_avalon_jtag_uart_read.o)
 .bss           0x0000af98        0x0 ../SoC_Project_bsp/\libhal_bsp.a(altera_avalon_jtag_uart_write.o)
 .bss           0x0000af98        0x0 ../SoC_Project_bsp/\libhal_bsp.a(alt_close.o)
 .bss           0x0000af98        0x0 ../SoC_Project_bsp/\libhal_bsp.a(alt_dcache_flush_all.o)
 .bss           0x0000af98        0x0 ../SoC_Project_bsp/\libhal_bsp.a(alt_dev.o)
 .bss           0x0000af98        0x0 ../SoC_Project_bsp/\libhal_bsp.a(alt_dev_llist_insert.o)
 .bss           0x0000af98        0x0 ../SoC_Project_bsp/\libhal_bsp.a(alt_do_ctors.o)
 .bss           0x0000af98        0x0 ../SoC_Project_bsp/\libhal_bsp.a(alt_do_dtors.o)
 .bss           0x0000af98        0x0 ../SoC_Project_bsp/\libhal_bsp.a(alt_errno.o)
 .bss           0x0000af98        0x0 ../SoC_Project_bsp/\libhal_bsp.a(alt_icache_flush_all.o)
 .bss           0x0000af98        0x0 ../SoC_Project_bsp/\libhal_bsp.a(alt_io_redirect.o)
 .bss           0x0000af98        0x0 ../SoC_Project_bsp/\libhal_bsp.a(alt_open.o)
 .bss           0x0000af98        0x0 ../SoC_Project_bsp/\libhal_bsp.a(alt_release_fd.o)
 .bss           0x0000af98        0x0 ../SoC_Project_bsp/\libhal_bsp.a(altera_nios2_qsys_irq.o)
 .bss           0x0000af98        0x0 ../SoC_Project_bsp/\libhal_bsp.a(alt_find_dev.o)
 .bss           0x0000af98        0x0 ../SoC_Project_bsp/\libhal_bsp.a(alt_find_file.o)
 .bss           0x0000af98        0x0 ../SoC_Project_bsp/\libhal_bsp.a(alt_get_fd.o)
 .bss           0x0000af98        0x0 c:/altera/13.0sp1/nios2eds/bin/gnu/h-i686-mingw32/bin/../lib/gcc/nios2-elf/4.1.2/../../../../nios2-elf/lib/mno-hw-mul\libsmallc.a(lib_a-atexit.o)
 .bss           0x0000af98        0x0 c:/altera/13.0sp1/nios2eds/bin/gnu/h-i686-mingw32/bin/../lib/gcc/nios2-elf/4.1.2/../../../../nios2-elf/lib/mno-hw-mul\libsmallc.a(lib_a-exit.o)
 .bss           0x0000af98        0x0 c:/altera/13.0sp1/nios2eds/bin/gnu/h-i686-mingw32/bin/../lib/gcc/nios2-elf/4.1.2/../../../../nios2-elf/lib/mno-hw-mul\libsmallc.a(lib_a-memcmp.o)
 .bss           0x0000af98        0x0 c:/altera/13.0sp1/nios2eds/bin/gnu/h-i686-mingw32/bin/../lib/gcc/nios2-elf/4.1.2/../../../../nios2-elf/lib/mno-hw-mul\libsmallc.a(lib_a-__atexit.o)
 .bss           0x0000af98        0x0 c:/altera/13.0sp1/nios2eds/bin/gnu/h-i686-mingw32/bin/../lib/gcc/nios2-elf/4.1.2/../../../../nios2-elf/lib/mno-hw-mul\libsmallc.a(lib_a-__call_atexit.o)
 .bss           0x0000af98        0x0 ../SoC_Project_bsp/\libhal_bsp.a(alt_exit.o)
 *(COMMON)
 COMMON         0x0000af98       0x8c c:/altera/13.0sp1/nios2eds/bin/gnu/h-i686-mingw32/bin/../lib/gcc/nios2-elf/4.1.2/../../../../nios2-elf/lib/mno-hw-mul\libsmallc.a(lib_a-atexit.o)
                0x0000af98                _atexit0
                0x0000b024                . = ALIGN (0x4)
                0x0000b024                __bss_end = ABSOLUTE (.)

.onchip_memory2_0
                0x0000b024        0x0
                0x0000b024                PROVIDE (_alt_partition_onchip_memory2_0_start, ABSOLUTE (.))
 *(.onchip_memory2_0. onchip_memory2_0.*)
                0x0000b024                . = ALIGN (0x4)
                0x0000b024                PROVIDE (_alt_partition_onchip_memory2_0_end, ABSOLUTE (.))
                0x0000b024                _end = ABSOLUTE (.)
                0x0000b024                end = ABSOLUTE (.)
                0x0000b024                __alt_stack_base = ABSOLUTE (.)
                0x0000b024                PROVIDE (_alt_partition_onchip_memory2_0_load_addr, LOADADDR (.onchip_memory2_0))

.stab
 *(.stab)

.stabstr
 *(.stabstr)

.stab.excl
 *(.stab.excl)

.stab.exclstr
 *(.stab.exclstr)

.stab.index
 *(.stab.index)

.stab.indexstr
 *(.stab.indexstr)

.comment        0x00000000       0x26
 *(.comment)
 .comment       0x00000000       0x26 obj/default/source.o
                                 0x27 (size before relaxing)
 .comment       0x00000000       0x27 c:/altera/13.0sp1/nios2eds/bin/gnu/h-i686-mingw32/bin/../lib/gcc/nios2-elf/4.1.2/../../../../nios2-elf/lib/mno-hw-mul\libsmallc.a(lib_a-printf.o)
 .comment       0x00000000       0x27 c:/altera/13.0sp1/nios2eds/bin/gnu/h-i686-mingw32/bin/../lib/gcc/nios2-elf/4.1.2/../../../../nios2-elf/lib/mno-hw-mul\libsmallc.a(lib_a-putchar.o)
 .comment       0x00000000       0x27 c:/altera/13.0sp1/nios2eds/bin/gnu/h-i686-mingw32/bin/../lib/gcc/nios2-elf/4.1.2/../../../../nios2-elf/lib/mno-hw-mul\libsmallc.a(lib_a-puts.o)
 .comment       0x00000000       0x27 c:/altera/13.0sp1/nios2eds/bin/gnu/h-i686-mingw32/bin/../lib/gcc/nios2-elf/4.1.2/../../../../nios2-elf/lib/mno-hw-mul\libsmallc.a(lib_a-strlen.o)
 .comment       0x00000000       0x27 c:/altera/13.0sp1/nios2eds/bin/gnu/h-i686-mingw32/bin/../lib/gcc/nios2-elf/4.1.2/../../../../nios2-elf/lib/mno-hw-mul\libsmallc.a(lib_a-vfprintf.o)
 .comment       0x00000000       0x27 c:/altera/13.0sp1/nios2eds/bin/gnu/h-i686-mingw32/bin/../lib/gcc/nios2-elf/4.1.2/../../../../nios2-elf/lib/mno-hw-mul\libsmallc.a(lib_a-fvwrite_small_dev.o)
 .comment       0x00000000       0x27 c:/altera/13.0sp1/nios2eds/bin/gnu/h-i686-mingw32/bin/../lib/gcc/nios2-elf/4.1.2/../../../../nios2-elf/lib/mno-hw-mul\libsmallc.a(lib_a-impure.o)
 .comment       0x00000000       0x27 c:/altera/13.0sp1/nios2eds/bin/gnu/h-i686-mingw32/bin/../lib/gcc/nios2-elf/4.1.2/../../../../nios2-elf/lib/mno-hw-mul\libsmallc.a(lib_a-putc.o)
 .comment       0x00000000       0x27 c:/altera/13.0sp1/nios2eds/bin/gnu/h-i686-mingw32/bin/../lib/gcc/nios2-elf/4.1.2/../../../../nios2-elf/lib/mno-hw-mul\libsmallc.a(lib_a-writer.o)
 .comment       0x00000000       0x27 c:/altera/13.0sp1/nios2eds/bin/gnu/h-i686-mingw32/bin/../lib/gcc/nios2-elf/4.1.2/../../../../nios2-elf/lib/mno-hw-mul\libsmallc.a(lib_a-int_errno.o)
 .comment       0x00000000       0x27 c:/altera/13.0sp1/nios2eds/bin/gnu/h-i686-mingw32/bin/../lib/gcc/nios2-elf/4.1.2/mno-hw-mul\libgcc.a(lib2-divmod.o)
 .comment       0x00000000       0x27 c:/altera/13.0sp1/nios2eds/bin/gnu/h-i686-mingw32/bin/../lib/gcc/nios2-elf/4.1.2/mno-hw-mul\libgcc.a(lib2-mul.o)
 .comment       0x00000000       0x27 ../SoC_Project_bsp/\libhal_bsp.a(alt_load.o)
 .comment       0x00000000       0x27 ../SoC_Project_bsp/\libhal_bsp.a(alt_main.o)
 .comment       0x00000000       0x27 ../SoC_Project_bsp/\libhal_bsp.a(alt_write.o)
 .comment       0x00000000       0x27 ../SoC_Project_bsp/\libhal_bsp.a(alt_sys_init.o)
 .comment       0x00000000       0x27 ../SoC_Project_bsp/\libhal_bsp.a(altera_avalon_jtag_uart_fd.o)
 .comment       0x00000000       0x27 ../SoC_Project_bsp/\libhal_bsp.a(altera_avalon_jtag_uart_read.o)
 .comment       0x00000000       0x27 ../SoC_Project_bsp/\libhal_bsp.a(altera_avalon_jtag_uart_write.o)
 .comment       0x00000000       0x27 ../SoC_Project_bsp/\libhal_bsp.a(alt_close.o)
 .comment       0x00000000       0x27 ../SoC_Project_bsp/\libhal_bsp.a(alt_dcache_flush_all.o)
 .comment       0x00000000       0x27 ../SoC_Project_bsp/\libhal_bsp.a(alt_dev.o)
 .comment       0x00000000       0x27 ../SoC_Project_bsp/\libhal_bsp.a(alt_dev_llist_insert.o)
 .comment       0x00000000       0x27 ../SoC_Project_bsp/\libhal_bsp.a(alt_do_ctors.o)
 .comment       0x00000000       0x27 ../SoC_Project_bsp/\libhal_bsp.a(alt_do_dtors.o)
 .comment       0x00000000       0x27 ../SoC_Project_bsp/\libhal_bsp.a(alt_errno.o)
 .comment       0x00000000       0x27 ../SoC_Project_bsp/\libhal_bsp.a(alt_icache_flush_all.o)
 .comment       0x00000000       0x27 ../SoC_Project_bsp/\libhal_bsp.a(alt_io_redirect.o)
 .comment       0x00000000       0x27 ../SoC_Project_bsp/\libhal_bsp.a(alt_open.o)
 .comment       0x00000000       0x27 ../SoC_Project_bsp/\libhal_bsp.a(alt_release_fd.o)
 .comment       0x00000000       0x27 ../SoC_Project_bsp/\libhal_bsp.a(altera_nios2_qsys_irq.o)
 .comment       0x00000000       0x27 ../SoC_Project_bsp/\libhal_bsp.a(alt_find_dev.o)
 .comment       0x00000000       0x27 ../SoC_Project_bsp/\libhal_bsp.a(alt_find_file.o)
 .comment       0x00000000       0x27 ../SoC_Project_bsp/\libhal_bsp.a(alt_get_fd.o)
 .comment       0x00000000       0x27 c:/altera/13.0sp1/nios2eds/bin/gnu/h-i686-mingw32/bin/../lib/gcc/nios2-elf/4.1.2/../../../../nios2-elf/lib/mno-hw-mul\libsmallc.a(lib_a-atexit.o)
 .comment       0x00000000       0x27 c:/altera/13.0sp1/nios2eds/bin/gnu/h-i686-mingw32/bin/../lib/gcc/nios2-elf/4.1.2/../../../../nios2-elf/lib/mno-hw-mul\libsmallc.a(lib_a-exit.o)
 .comment       0x00000000       0x27 c:/altera/13.0sp1/nios2eds/bin/gnu/h-i686-mingw32/bin/../lib/gcc/nios2-elf/4.1.2/../../../../nios2-elf/lib/mno-hw-mul\libsmallc.a(lib_a-memcmp.o)
 .comment       0x00000000       0x27 c:/altera/13.0sp1/nios2eds/bin/gnu/h-i686-mingw32/bin/../lib/gcc/nios2-elf/4.1.2/../../../../nios2-elf/lib/mno-hw-mul\libsmallc.a(lib_a-__atexit.o)
 .comment       0x00000000       0x27 c:/altera/13.0sp1/nios2eds/bin/gnu/h-i686-mingw32/bin/../lib/gcc/nios2-elf/4.1.2/../../../../nios2-elf/lib/mno-hw-mul\libsmallc.a(lib_a-__call_atexit.o)
 .comment       0x00000000       0x27 ../SoC_Project_bsp/\libhal_bsp.a(alt_exit.o)

.debug
 *(.debug)

.line
 *(.line)

.debug_srcinfo
 *(.debug_srcinfo)

.debug_sfnames
 *(.debug_sfnames)

.debug_aranges  0x00000000      0x4e8
 *(.debug_aranges)
 .debug_aranges
                0x00000000       0x28 ../SoC_Project_bsp//obj/HAL/src/crt0.o
 .debug_aranges
                0x00000028       0x20 obj/default/source.o
 .debug_aranges
                0x00000048       0x20 c:/altera/13.0sp1/nios2eds/bin/gnu/h-i686-mingw32/bin/../lib/gcc/nios2-elf/4.1.2/../../../../nios2-elf/lib/mno-hw-mul\libsmallc.a(lib_a-printf.o)
 .debug_aranges
                0x00000068       0x20 c:/altera/13.0sp1/nios2eds/bin/gnu/h-i686-mingw32/bin/../lib/gcc/nios2-elf/4.1.2/../../../../nios2-elf/lib/mno-hw-mul\libsmallc.a(lib_a-putchar.o)
 .debug_aranges
                0x00000088       0x20 c:/altera/13.0sp1/nios2eds/bin/gnu/h-i686-mingw32/bin/../lib/gcc/nios2-elf/4.1.2/../../../../nios2-elf/lib/mno-hw-mul\libsmallc.a(lib_a-puts.o)
 .debug_aranges
                0x000000a8       0x20 c:/altera/13.0sp1/nios2eds/bin/gnu/h-i686-mingw32/bin/../lib/gcc/nios2-elf/4.1.2/../../../../nios2-elf/lib/mno-hw-mul\libsmallc.a(lib_a-strlen.o)
 .debug_aranges
                0x000000c8       0x20 c:/altera/13.0sp1/nios2eds/bin/gnu/h-i686-mingw32/bin/../lib/gcc/nios2-elf/4.1.2/../../../../nios2-elf/lib/mno-hw-mul\libsmallc.a(lib_a-vfprintf.o)
 .debug_aranges
                0x000000e8       0x20 c:/altera/13.0sp1/nios2eds/bin/gnu/h-i686-mingw32/bin/../lib/gcc/nios2-elf/4.1.2/../../../../nios2-elf/lib/mno-hw-mul\libsmallc.a(lib_a-fvwrite_small_dev.o)
 .debug_aranges
                0x00000108       0x20 c:/altera/13.0sp1/nios2eds/bin/gnu/h-i686-mingw32/bin/../lib/gcc/nios2-elf/4.1.2/../../../../nios2-elf/lib/mno-hw-mul\libsmallc.a(lib_a-putc.o)
 .debug_aranges
                0x00000128       0x20 c:/altera/13.0sp1/nios2eds/bin/gnu/h-i686-mingw32/bin/../lib/gcc/nios2-elf/4.1.2/../../../../nios2-elf/lib/mno-hw-mul\libsmallc.a(lib_a-writer.o)
 .debug_aranges
                0x00000148       0x20 c:/altera/13.0sp1/nios2eds/bin/gnu/h-i686-mingw32/bin/../lib/gcc/nios2-elf/4.1.2/mno-hw-mul\libgcc.a(lib2-divmod.o)
 .debug_aranges
                0x00000168       0x20 c:/altera/13.0sp1/nios2eds/bin/gnu/h-i686-mingw32/bin/../lib/gcc/nios2-elf/4.1.2/mno-hw-mul\libgcc.a(lib2-mul.o)
 .debug_aranges
                0x00000188       0x20 ../SoC_Project_bsp/\libhal_bsp.a(alt_load.o)
 .debug_aranges
                0x000001a8       0x20 ../SoC_Project_bsp/\libhal_bsp.a(alt_main.o)
 .debug_aranges
                0x000001c8       0x20 ../SoC_Project_bsp/\libhal_bsp.a(alt_write.o)
 .debug_aranges
                0x000001e8       0x20 ../SoC_Project_bsp/\libhal_bsp.a(alt_sys_init.o)
 .debug_aranges
                0x00000208       0x20 ../SoC_Project_bsp/\libhal_bsp.a(altera_avalon_jtag_uart_fd.o)
 .debug_aranges
                0x00000228       0x20 ../SoC_Project_bsp/\libhal_bsp.a(altera_avalon_jtag_uart_read.o)
 .debug_aranges
                0x00000248       0x20 ../SoC_Project_bsp/\libhal_bsp.a(altera_avalon_jtag_uart_write.o)
 .debug_aranges
                0x00000268       0x20 ../SoC_Project_bsp/\libhal_bsp.a(alt_close.o)
 .debug_aranges
                0x00000288       0x20 ../SoC_Project_bsp/\libhal_bsp.a(alt_dcache_flush_all.o)
 .debug_aranges
                0x000002a8       0x20 ../SoC_Project_bsp/\libhal_bsp.a(alt_dev.o)
 .debug_aranges
                0x000002c8       0x20 ../SoC_Project_bsp/\libhal_bsp.a(alt_dev_llist_insert.o)
 .debug_aranges
                0x000002e8       0x20 ../SoC_Project_bsp/\libhal_bsp.a(alt_do_ctors.o)
 .debug_aranges
                0x00000308       0x20 ../SoC_Project_bsp/\libhal_bsp.a(alt_do_dtors.o)
 .debug_aranges
                0x00000328       0x20 ../SoC_Project_bsp/\libhal_bsp.a(alt_icache_flush_all.o)
 .debug_aranges
                0x00000348       0x20 ../SoC_Project_bsp/\libhal_bsp.a(alt_io_redirect.o)
 .debug_aranges
                0x00000368       0x20 ../SoC_Project_bsp/\libhal_bsp.a(alt_open.o)
 .debug_aranges
                0x00000388       0x20 ../SoC_Project_bsp/\libhal_bsp.a(alt_release_fd.o)
 .debug_aranges
                0x000003a8       0x20 ../SoC_Project_bsp/\libhal_bsp.a(altera_nios2_qsys_irq.o)
 .debug_aranges
                0x000003c8       0x20 ../SoC_Project_bsp/\libhal_bsp.a(alt_find_dev.o)
 .debug_aranges
                0x000003e8       0x20 ../SoC_Project_bsp/\libhal_bsp.a(alt_find_file.o)
 .debug_aranges
                0x00000408       0x20 ../SoC_Project_bsp/\libhal_bsp.a(alt_get_fd.o)
 .debug_aranges
                0x00000428       0x20 c:/altera/13.0sp1/nios2eds/bin/gnu/h-i686-mingw32/bin/../lib/gcc/nios2-elf/4.1.2/../../../../nios2-elf/lib/mno-hw-mul\libsmallc.a(lib_a-atexit.o)
 .debug_aranges
                0x00000448       0x20 c:/altera/13.0sp1/nios2eds/bin/gnu/h-i686-mingw32/bin/../lib/gcc/nios2-elf/4.1.2/../../../../nios2-elf/lib/mno-hw-mul\libsmallc.a(lib_a-exit.o)
 .debug_aranges
                0x00000468       0x20 c:/altera/13.0sp1/nios2eds/bin/gnu/h-i686-mingw32/bin/../lib/gcc/nios2-elf/4.1.2/../../../../nios2-elf/lib/mno-hw-mul\libsmallc.a(lib_a-memcmp.o)
 .debug_aranges
                0x00000488       0x20 c:/altera/13.0sp1/nios2eds/bin/gnu/h-i686-mingw32/bin/../lib/gcc/nios2-elf/4.1.2/../../../../nios2-elf/lib/mno-hw-mul\libsmallc.a(lib_a-__atexit.o)
 .debug_aranges
                0x000004a8       0x20 c:/altera/13.0sp1/nios2eds/bin/gnu/h-i686-mingw32/bin/../lib/gcc/nios2-elf/4.1.2/../../../../nios2-elf/lib/mno-hw-mul\libsmallc.a(lib_a-__call_atexit.o)
 .debug_aranges
                0x000004c8       0x20 ../SoC_Project_bsp/\libhal_bsp.a(alt_exit.o)

.debug_pubnames
                0x00000000      0x6ce
 *(.debug_pubnames)
 .debug_pubnames
                0x00000000       0x1b obj/default/source.o
 .debug_pubnames
                0x0000001b       0x2b c:/altera/13.0sp1/nios2eds/bin/gnu/h-i686-mingw32/bin/../lib/gcc/nios2-elf/4.1.2/../../../../nios2-elf/lib/mno-hw-mul\libsmallc.a(lib_a-printf.o)
 .debug_pubnames
                0x00000046       0x2d c:/altera/13.0sp1/nios2eds/bin/gnu/h-i686-mingw32/bin/../lib/gcc/nios2-elf/4.1.2/../../../../nios2-elf/lib/mno-hw-mul\libsmallc.a(lib_a-putchar.o)
 .debug_pubnames
                0x00000073       0x27 c:/altera/13.0sp1/nios2eds/bin/gnu/h-i686-mingw32/bin/../lib/gcc/nios2-elf/4.1.2/../../../../nios2-elf/lib/mno-hw-mul\libsmallc.a(lib_a-puts.o)
 .debug_pubnames
                0x0000009a       0x1d c:/altera/13.0sp1/nios2eds/bin/gnu/h-i686-mingw32/bin/../lib/gcc/nios2-elf/4.1.2/../../../../nios2-elf/lib/mno-hw-mul\libsmallc.a(lib_a-strlen.o)
 .debug_pubnames
                0x000000b7       0x45 c:/altera/13.0sp1/nios2eds/bin/gnu/h-i686-mingw32/bin/../lib/gcc/nios2-elf/4.1.2/../../../../nios2-elf/lib/mno-hw-mul\libsmallc.a(lib_a-vfprintf.o)
 .debug_pubnames
                0x000000fc       0x2b c:/altera/13.0sp1/nios2eds/bin/gnu/h-i686-mingw32/bin/../lib/gcc/nios2-elf/4.1.2/../../../../nios2-elf/lib/mno-hw-mul\libsmallc.a(lib_a-fvwrite_small_dev.o)
 .debug_pubnames
                0x00000127       0x39 c:/altera/13.0sp1/nios2eds/bin/gnu/h-i686-mingw32/bin/../lib/gcc/nios2-elf/4.1.2/../../../../nios2-elf/lib/mno-hw-mul\libsmallc.a(lib_a-impure.o)
 .debug_pubnames
                0x00000160       0x27 c:/altera/13.0sp1/nios2eds/bin/gnu/h-i686-mingw32/bin/../lib/gcc/nios2-elf/4.1.2/../../../../nios2-elf/lib/mno-hw-mul\libsmallc.a(lib_a-putc.o)
 .debug_pubnames
                0x00000187       0x1f c:/altera/13.0sp1/nios2eds/bin/gnu/h-i686-mingw32/bin/../lib/gcc/nios2-elf/4.1.2/../../../../nios2-elf/lib/mno-hw-mul\libsmallc.a(lib_a-writer.o)
 .debug_pubnames
                0x000001a6       0x1c c:/altera/13.0sp1/nios2eds/bin/gnu/h-i686-mingw32/bin/../lib/gcc/nios2-elf/4.1.2/../../../../nios2-elf/lib/mno-hw-mul\libsmallc.a(lib_a-int_errno.o)
 .debug_pubnames
                0x000001c2       0x48 c:/altera/13.0sp1/nios2eds/bin/gnu/h-i686-mingw32/bin/../lib/gcc/nios2-elf/4.1.2/mno-hw-mul\libgcc.a(lib2-divmod.o)
 .debug_pubnames
                0x0000020a       0x1f c:/altera/13.0sp1/nios2eds/bin/gnu/h-i686-mingw32/bin/../lib/gcc/nios2-elf/4.1.2/mno-hw-mul\libgcc.a(lib2-mul.o)
 .debug_pubnames
                0x00000229       0x1f ../SoC_Project_bsp/\libhal_bsp.a(alt_load.o)
 .debug_pubnames
                0x00000248       0x46 ../SoC_Project_bsp/\libhal_bsp.a(alt_main.o)
 .debug_pubnames
                0x0000028e       0x1c ../SoC_Project_bsp/\libhal_bsp.a(alt_write.o)
 .debug_pubnames
                0x000002aa       0x34 ../SoC_Project_bsp/\libhal_bsp.a(alt_sys_init.o)
 .debug_pubnames
                0x000002de       0x5b ../SoC_Project_bsp/\libhal_bsp.a(altera_avalon_jtag_uart_fd.o)
 .debug_pubnames
                0x00000339       0x33 ../SoC_Project_bsp/\libhal_bsp.a(altera_avalon_jtag_uart_read.o)
 .debug_pubnames
                0x0000036c       0x34 ../SoC_Project_bsp/\libhal_bsp.a(altera_avalon_jtag_uart_write.o)
 .debug_pubnames
                0x000003a0       0x1c ../SoC_Project_bsp/\libhal_bsp.a(alt_close.o)
 .debug_pubnames
                0x000003bc       0x2b ../SoC_Project_bsp/\libhal_bsp.a(alt_dcache_flush_all.o)
 .debug_pubnames
                0x000003e7       0x63 ../SoC_Project_bsp/\libhal_bsp.a(alt_dev.o)
 .debug_pubnames
                0x0000044a       0x2b ../SoC_Project_bsp/\libhal_bsp.a(alt_dev_llist_insert.o)
 .debug_pubnames
                0x00000475       0x20 ../SoC_Project_bsp/\libhal_bsp.a(alt_do_ctors.o)
 .debug_pubnames
                0x00000495       0x20 ../SoC_Project_bsp/\libhal_bsp.a(alt_do_dtors.o)
 .debug_pubnames
                0x000004b5       0x20 ../SoC_Project_bsp/\libhal_bsp.a(alt_errno.o)
 .debug_pubnames
                0x000004d5       0x2b ../SoC_Project_bsp/\libhal_bsp.a(alt_icache_flush_all.o)
 .debug_pubnames
                0x00000500       0x26 ../SoC_Project_bsp/\libhal_bsp.a(alt_io_redirect.o)
 .debug_pubnames
                0x00000526       0x1b ../SoC_Project_bsp/\libhal_bsp.a(alt_open.o)
 .debug_pubnames
                0x00000541       0x25 ../SoC_Project_bsp/\libhal_bsp.a(alt_release_fd.o)
 .debug_pubnames
                0x00000566       0x31 ../SoC_Project_bsp/\libhal_bsp.a(altera_nios2_qsys_irq.o)
 .debug_pubnames
                0x00000597       0x23 ../SoC_Project_bsp/\libhal_bsp.a(alt_find_dev.o)
 .debug_pubnames
                0x000005ba       0x24 ../SoC_Project_bsp/\libhal_bsp.a(alt_find_file.o)
 .debug_pubnames
                0x000005de       0x21 ../SoC_Project_bsp/\libhal_bsp.a(alt_get_fd.o)
 .debug_pubnames
                0x000005ff       0x2a c:/altera/13.0sp1/nios2eds/bin/gnu/h-i686-mingw32/bin/../lib/gcc/nios2-elf/4.1.2/../../../../nios2-elf/lib/mno-hw-mul\libsmallc.a(lib_a-atexit.o)
 .debug_pubnames
                0x00000629       0x1b c:/altera/13.0sp1/nios2eds/bin/gnu/h-i686-mingw32/bin/../lib/gcc/nios2-elf/4.1.2/../../../../nios2-elf/lib/mno-hw-mul\libsmallc.a(lib_a-exit.o)
 .debug_pubnames
                0x00000644       0x1d c:/altera/13.0sp1/nios2eds/bin/gnu/h-i686-mingw32/bin/../lib/gcc/nios2-elf/4.1.2/../../../../nios2-elf/lib/mno-hw-mul\libsmallc.a(lib_a-memcmp.o)
 .debug_pubnames
                0x00000661       0x2a c:/altera/13.0sp1/nios2eds/bin/gnu/h-i686-mingw32/bin/../lib/gcc/nios2-elf/4.1.2/../../../../nios2-elf/lib/mno-hw-mul\libsmallc.a(lib_a-__atexit.o)
 .debug_pubnames
                0x0000068b       0x27 c:/altera/13.0sp1/nios2eds/bin/gnu/h-i686-mingw32/bin/../lib/gcc/nios2-elf/4.1.2/../../../../nios2-elf/lib/mno-hw-mul\libsmallc.a(lib_a-__call_atexit.o)
 .debug_pubnames
                0x000006b2       0x1c ../SoC_Project_bsp/\libhal_bsp.a(alt_exit.o)

.debug_info     0x00000000     0x9bfd
 *(.debug_info .gnu.linkonce.wi.*)
 .debug_info    0x00000000       0x65 ../SoC_Project_bsp//obj/HAL/src/crt0.o
 .debug_info    0x00000065      0x1d8 obj/default/source.o
 .debug_info    0x0000023d      0x6c8 c:/altera/13.0sp1/nios2eds/bin/gnu/h-i686-mingw32/bin/../lib/gcc/nios2-elf/4.1.2/../../../../nios2-elf/lib/mno-hw-mul\libsmallc.a(lib_a-printf.o)
 .debug_info    0x00000905      0x66b c:/altera/13.0sp1/nios2eds/bin/gnu/h-i686-mingw32/bin/../lib/gcc/nios2-elf/4.1.2/../../../../nios2-elf/lib/mno-hw-mul\libsmallc.a(lib_a-putchar.o)
 .debug_info    0x00000f70      0x685 c:/altera/13.0sp1/nios2eds/bin/gnu/h-i686-mingw32/bin/../lib/gcc/nios2-elf/4.1.2/../../../../nios2-elf/lib/mno-hw-mul\libsmallc.a(lib_a-puts.o)
 .debug_info    0x000015f5       0xc2 c:/altera/13.0sp1/nios2eds/bin/gnu/h-i686-mingw32/bin/../lib/gcc/nios2-elf/4.1.2/../../../../nios2-elf/lib/mno-hw-mul\libsmallc.a(lib_a-strlen.o)
 .debug_info    0x000016b7      0x9b6 c:/altera/13.0sp1/nios2eds/bin/gnu/h-i686-mingw32/bin/../lib/gcc/nios2-elf/4.1.2/../../../../nios2-elf/lib/mno-hw-mul\libsmallc.a(lib_a-vfprintf.o)
 .debug_info    0x0000206d      0x68e c:/altera/13.0sp1/nios2eds/bin/gnu/h-i686-mingw32/bin/../lib/gcc/nios2-elf/4.1.2/../../../../nios2-elf/lib/mno-hw-mul\libsmallc.a(lib_a-fvwrite_small_dev.o)
 .debug_info    0x000026fb      0x636 c:/altera/13.0sp1/nios2eds/bin/gnu/h-i686-mingw32/bin/../lib/gcc/nios2-elf/4.1.2/../../../../nios2-elf/lib/mno-hw-mul\libsmallc.a(lib_a-impure.o)
 .debug_info    0x00002d31      0x6b8 c:/altera/13.0sp1/nios2eds/bin/gnu/h-i686-mingw32/bin/../lib/gcc/nios2-elf/4.1.2/../../../../nios2-elf/lib/mno-hw-mul\libsmallc.a(lib_a-putc.o)
 .debug_info    0x000033e9      0x68c c:/altera/13.0sp1/nios2eds/bin/gnu/h-i686-mingw32/bin/../lib/gcc/nios2-elf/4.1.2/../../../../nios2-elf/lib/mno-hw-mul\libsmallc.a(lib_a-writer.o)
 .debug_info    0x00003a75       0x8c c:/altera/13.0sp1/nios2eds/bin/gnu/h-i686-mingw32/bin/../lib/gcc/nios2-elf/4.1.2/../../../../nios2-elf/lib/mno-hw-mul\libsmallc.a(lib_a-int_errno.o)
 .debug_info    0x00003b01      0x21c c:/altera/13.0sp1/nios2eds/bin/gnu/h-i686-mingw32/bin/../lib/gcc/nios2-elf/4.1.2/mno-hw-mul\libgcc.a(lib2-divmod.o)
 .debug_info    0x00003d1d       0xf3 c:/altera/13.0sp1/nios2eds/bin/gnu/h-i686-mingw32/bin/../lib/gcc/nios2-elf/4.1.2/mno-hw-mul\libgcc.a(lib2-mul.o)
 .debug_info    0x00003e10      0x277 ../SoC_Project_bsp/\libhal_bsp.a(alt_load.o)
 .debug_info    0x00004087      0x20f ../SoC_Project_bsp/\libhal_bsp.a(alt_main.o)
 .debug_info    0x00004296      0x67d ../SoC_Project_bsp/\libhal_bsp.a(alt_write.o)
 .debug_info    0x00004913      0x563 ../SoC_Project_bsp/\libhal_bsp.a(alt_sys_init.o)
 .debug_info    0x00004e76      0x5a3 ../SoC_Project_bsp/\libhal_bsp.a(altera_avalon_jtag_uart_fd.o)
 .debug_info    0x00005419      0x2f3 ../SoC_Project_bsp/\libhal_bsp.a(altera_avalon_jtag_uart_read.o)
 .debug_info    0x0000570c      0x2d0 ../SoC_Project_bsp/\libhal_bsp.a(altera_avalon_jtag_uart_write.o)
 .debug_info    0x000059dc      0x451 ../SoC_Project_bsp/\libhal_bsp.a(alt_close.o)
 .debug_info    0x00005e2d      0x146 ../SoC_Project_bsp/\libhal_bsp.a(alt_dcache_flush_all.o)
 .debug_info    0x00005f73      0x669 ../SoC_Project_bsp/\libhal_bsp.a(alt_dev.o)
 .debug_info    0x000065dc      0x2a1 ../SoC_Project_bsp/\libhal_bsp.a(alt_dev_llist_insert.o)
 .debug_info    0x0000687d       0xf9 ../SoC_Project_bsp/\libhal_bsp.a(alt_do_ctors.o)
 .debug_info    0x00006976       0xf8 ../SoC_Project_bsp/\libhal_bsp.a(alt_do_dtors.o)
 .debug_info    0x00006a6e      0x14e ../SoC_Project_bsp/\libhal_bsp.a(alt_errno.o)
 .debug_info    0x00006bbc      0x146 ../SoC_Project_bsp/\libhal_bsp.a(alt_icache_flush_all.o)
 .debug_info    0x00006d02      0x67f ../SoC_Project_bsp/\libhal_bsp.a(alt_io_redirect.o)
 .debug_info    0x00007381      0x50f ../SoC_Project_bsp/\libhal_bsp.a(alt_open.o)
 .debug_info    0x00007890      0x3dc ../SoC_Project_bsp/\libhal_bsp.a(alt_release_fd.o)
 .debug_info    0x00007c6c      0x14d ../SoC_Project_bsp/\libhal_bsp.a(altera_nios2_qsys_irq.o)
 .debug_info    0x00007db9      0x402 ../SoC_Project_bsp/\libhal_bsp.a(alt_find_dev.o)
 .debug_info    0x000081bb      0x409 ../SoC_Project_bsp/\libhal_bsp.a(alt_find_file.o)
 .debug_info    0x000085c4      0x44a ../SoC_Project_bsp/\libhal_bsp.a(alt_get_fd.o)
 .debug_info    0x00008a0e      0x186 c:/altera/13.0sp1/nios2eds/bin/gnu/h-i686-mingw32/bin/../lib/gcc/nios2-elf/4.1.2/../../../../nios2-elf/lib/mno-hw-mul\libsmallc.a(lib_a-atexit.o)
 .debug_info    0x00008b94       0x9f c:/altera/13.0sp1/nios2eds/bin/gnu/h-i686-mingw32/bin/../lib/gcc/nios2-elf/4.1.2/../../../../nios2-elf/lib/mno-hw-mul\libsmallc.a(lib_a-exit.o)
 .debug_info    0x00008c33       0xef c:/altera/13.0sp1/nios2eds/bin/gnu/h-i686-mingw32/bin/../lib/gcc/nios2-elf/4.1.2/../../../../nios2-elf/lib/mno-hw-mul\libsmallc.a(lib_a-memcmp.o)
 .debug_info    0x00008d22      0x68f c:/altera/13.0sp1/nios2eds/bin/gnu/h-i686-mingw32/bin/../lib/gcc/nios2-elf/4.1.2/../../../../nios2-elf/lib/mno-hw-mul\libsmallc.a(lib_a-__atexit.o)
 .debug_info    0x000093b1      0x6d5 c:/altera/13.0sp1/nios2eds/bin/gnu/h-i686-mingw32/bin/../lib/gcc/nios2-elf/4.1.2/../../../../nios2-elf/lib/mno-hw-mul\libsmallc.a(lib_a-__call_atexit.o)
 .debug_info    0x00009a86      0x177 ../SoC_Project_bsp/\libhal_bsp.a(alt_exit.o)

.debug_abbrev   0x00000000     0x23de
 *(.debug_abbrev)
 .debug_abbrev  0x00000000       0x12 ../SoC_Project_bsp//obj/HAL/src/crt0.o
 .debug_abbrev  0x00000012       0x6f obj/default/source.o
 .debug_abbrev  0x00000081      0x179 c:/altera/13.0sp1/nios2eds/bin/gnu/h-i686-mingw32/bin/../lib/gcc/nios2-elf/4.1.2/../../../../nios2-elf/lib/mno-hw-mul\libsmallc.a(lib_a-printf.o)
 .debug_abbrev  0x000001fa      0x158 c:/altera/13.0sp1/nios2eds/bin/gnu/h-i686-mingw32/bin/../lib/gcc/nios2-elf/4.1.2/../../../../nios2-elf/lib/mno-hw-mul\libsmallc.a(lib_a-putchar.o)
 .debug_abbrev  0x00000352      0x180 c:/altera/13.0sp1/nios2eds/bin/gnu/h-i686-mingw32/bin/../lib/gcc/nios2-elf/4.1.2/../../../../nios2-elf/lib/mno-hw-mul\libsmallc.a(lib_a-puts.o)
 .debug_abbrev  0x000004d2       0x7a c:/altera/13.0sp1/nios2eds/bin/gnu/h-i686-mingw32/bin/../lib/gcc/nios2-elf/4.1.2/../../../../nios2-elf/lib/mno-hw-mul\libsmallc.a(lib_a-strlen.o)
 .debug_abbrev  0x0000054c      0x263 c:/altera/13.0sp1/nios2eds/bin/gnu/h-i686-mingw32/bin/../lib/gcc/nios2-elf/4.1.2/../../../../nios2-elf/lib/mno-hw-mul\libsmallc.a(lib_a-vfprintf.o)
 .debug_abbrev  0x000007af      0x179 c:/altera/13.0sp1/nios2eds/bin/gnu/h-i686-mingw32/bin/../lib/gcc/nios2-elf/4.1.2/../../../../nios2-elf/lib/mno-hw-mul\libsmallc.a(lib_a-fvwrite_small_dev.o)
 .debug_abbrev  0x00000928      0x13f c:/altera/13.0sp1/nios2eds/bin/gnu/h-i686-mingw32/bin/../lib/gcc/nios2-elf/4.1.2/../../../../nios2-elf/lib/mno-hw-mul\libsmallc.a(lib_a-impure.o)
 .debug_abbrev  0x00000a67      0x167 c:/altera/13.0sp1/nios2eds/bin/gnu/h-i686-mingw32/bin/../lib/gcc/nios2-elf/4.1.2/../../../../nios2-elf/lib/mno-hw-mul\libsmallc.a(lib_a-putc.o)
 .debug_abbrev  0x00000bce      0x16c c:/altera/13.0sp1/nios2eds/bin/gnu/h-i686-mingw32/bin/../lib/gcc/nios2-elf/4.1.2/../../../../nios2-elf/lib/mno-hw-mul\libsmallc.a(lib_a-writer.o)
 .debug_abbrev  0x00000d3a       0x3b c:/altera/13.0sp1/nios2eds/bin/gnu/h-i686-mingw32/bin/../lib/gcc/nios2-elf/4.1.2/../../../../nios2-elf/lib/mno-hw-mul\libsmallc.a(lib_a-int_errno.o)
 .debug_abbrev  0x00000d75       0xe0 c:/altera/13.0sp1/nios2eds/bin/gnu/h-i686-mingw32/bin/../lib/gcc/nios2-elf/4.1.2/mno-hw-mul\libgcc.a(lib2-divmod.o)
 .debug_abbrev  0x00000e55       0x7b c:/altera/13.0sp1/nios2eds/bin/gnu/h-i686-mingw32/bin/../lib/gcc/nios2-elf/4.1.2/mno-hw-mul\libgcc.a(lib2-mul.o)
 .debug_abbrev  0x00000ed0       0x88 ../SoC_Project_bsp/\libhal_bsp.a(alt_load.o)
 .debug_abbrev  0x00000f58       0xb7 ../SoC_Project_bsp/\libhal_bsp.a(alt_main.o)
 .debug_abbrev  0x0000100f      0x100 ../SoC_Project_bsp/\libhal_bsp.a(alt_write.o)
 .debug_abbrev  0x0000110f      0x121 ../SoC_Project_bsp/\libhal_bsp.a(alt_sys_init.o)
 .debug_abbrev  0x00001230       0xcb ../SoC_Project_bsp/\libhal_bsp.a(altera_avalon_jtag_uart_fd.o)
 .debug_abbrev  0x000012fb       0xb6 ../SoC_Project_bsp/\libhal_bsp.a(altera_avalon_jtag_uart_read.o)
 .debug_abbrev  0x000013b1       0xb4 ../SoC_Project_bsp/\libhal_bsp.a(altera_avalon_jtag_uart_write.o)
 .debug_abbrev  0x00001465       0xfb ../SoC_Project_bsp/\libhal_bsp.a(alt_close.o)
 .debug_abbrev  0x00001560       0x3f ../SoC_Project_bsp/\libhal_bsp.a(alt_dcache_flush_all.o)
 .debug_abbrev  0x0000159f       0xc7 ../SoC_Project_bsp/\libhal_bsp.a(alt_dev.o)
 .debug_abbrev  0x00001666       0xf6 ../SoC_Project_bsp/\libhal_bsp.a(alt_dev_llist_insert.o)
 .debug_abbrev  0x0000175c       0x76 ../SoC_Project_bsp/\libhal_bsp.a(alt_do_ctors.o)
 .debug_abbrev  0x000017d2       0x76 ../SoC_Project_bsp/\libhal_bsp.a(alt_do_dtors.o)
 .debug_abbrev  0x00001848       0x5e ../SoC_Project_bsp/\libhal_bsp.a(alt_errno.o)
 .debug_abbrev  0x000018a6       0x3f ../SoC_Project_bsp/\libhal_bsp.a(alt_icache_flush_all.o)
 .debug_abbrev  0x000018e5       0xf0 ../SoC_Project_bsp/\libhal_bsp.a(alt_io_redirect.o)
 .debug_abbrev  0x000019d5      0x112 ../SoC_Project_bsp/\libhal_bsp.a(alt_open.o)
 .debug_abbrev  0x00001ae7       0xc1 ../SoC_Project_bsp/\libhal_bsp.a(alt_release_fd.o)
 .debug_abbrev  0x00001ba8       0x3f ../SoC_Project_bsp/\libhal_bsp.a(altera_nios2_qsys_irq.o)
 .debug_abbrev  0x00001be7       0xcf ../SoC_Project_bsp/\libhal_bsp.a(alt_find_dev.o)
 .debug_abbrev  0x00001cb6       0xcf ../SoC_Project_bsp/\libhal_bsp.a(alt_find_file.o)
 .debug_abbrev  0x00001d85       0xfb ../SoC_Project_bsp/\libhal_bsp.a(alt_get_fd.o)
 .debug_abbrev  0x00001e80       0xc6 c:/altera/13.0sp1/nios2eds/bin/gnu/h-i686-mingw32/bin/../lib/gcc/nios2-elf/4.1.2/../../../../nios2-elf/lib/mno-hw-mul\libsmallc.a(lib_a-atexit.o)
 .debug_abbrev  0x00001f46       0x4e c:/altera/13.0sp1/nios2eds/bin/gnu/h-i686-mingw32/bin/../lib/gcc/nios2-elf/4.1.2/../../../../nios2-elf/lib/mno-hw-mul\libsmallc.a(lib_a-exit.o)
 .debug_abbrev  0x00001f94       0x7c c:/altera/13.0sp1/nios2eds/bin/gnu/h-i686-mingw32/bin/../lib/gcc/nios2-elf/4.1.2/../../../../nios2-elf/lib/mno-hw-mul\libsmallc.a(lib_a-memcmp.o)
 .debug_abbrev  0x00002010      0x196 c:/altera/13.0sp1/nios2eds/bin/gnu/h-i686-mingw32/bin/../lib/gcc/nios2-elf/4.1.2/../../../../nios2-elf/lib/mno-hw-mul\libsmallc.a(lib_a-__atexit.o)
 .debug_abbrev  0x000021a6      0x1c6 c:/altera/13.0sp1/nios2eds/bin/gnu/h-i686-mingw32/bin/../lib/gcc/nios2-elf/4.1.2/../../../../nios2-elf/lib/mno-hw-mul\libsmallc.a(lib_a-__call_atexit.o)
 .debug_abbrev  0x0000236c       0x72 ../SoC_Project_bsp/\libhal_bsp.a(alt_exit.o)

.debug_line     0x00000000     0x6367
 *(.debug_line)
 .debug_line    0x00000000       0x66 ../SoC_Project_bsp//obj/HAL/src/crt0.o
 .debug_line    0x00000066      0x3da obj/default/source.o
 .debug_line    0x00000440      0x2be c:/altera/13.0sp1/nios2eds/bin/gnu/h-i686-mingw32/bin/../lib/gcc/nios2-elf/4.1.2/../../../../nios2-elf/lib/mno-hw-mul\libsmallc.a(lib_a-printf.o)
 .debug_line    0x000006fe      0x267 c:/altera/13.0sp1/nios2eds/bin/gnu/h-i686-mingw32/bin/../lib/gcc/nios2-elf/4.1.2/../../../../nios2-elf/lib/mno-hw-mul\libsmallc.a(lib_a-putchar.o)
 .debug_line    0x00000965      0x2b2 c:/altera/13.0sp1/nios2eds/bin/gnu/h-i686-mingw32/bin/../lib/gcc/nios2-elf/4.1.2/../../../../nios2-elf/lib/mno-hw-mul\libsmallc.a(lib_a-puts.o)
 .debug_line    0x00000c17      0x250 c:/altera/13.0sp1/nios2eds/bin/gnu/h-i686-mingw32/bin/../lib/gcc/nios2-elf/4.1.2/../../../../nios2-elf/lib/mno-hw-mul\libsmallc.a(lib_a-strlen.o)
 .debug_line    0x00000e67      0x666 c:/altera/13.0sp1/nios2eds/bin/gnu/h-i686-mingw32/bin/../lib/gcc/nios2-elf/4.1.2/../../../../nios2-elf/lib/mno-hw-mul\libsmallc.a(lib_a-vfprintf.o)
 .debug_line    0x000014cd      0x2a9 c:/altera/13.0sp1/nios2eds/bin/gnu/h-i686-mingw32/bin/../lib/gcc/nios2-elf/4.1.2/../../../../nios2-elf/lib/mno-hw-mul\libsmallc.a(lib_a-fvwrite_small_dev.o)
 .debug_line    0x00001776      0x230 c:/altera/13.0sp1/nios2eds/bin/gnu/h-i686-mingw32/bin/../lib/gcc/nios2-elf/4.1.2/../../../../nios2-elf/lib/mno-hw-mul\libsmallc.a(lib_a-impure.o)
 .debug_line    0x000019a6      0x2d2 c:/altera/13.0sp1/nios2eds/bin/gnu/h-i686-mingw32/bin/../lib/gcc/nios2-elf/4.1.2/../../../../nios2-elf/lib/mno-hw-mul\libsmallc.a(lib_a-putc.o)
 .debug_line    0x00001c78      0x29d c:/altera/13.0sp1/nios2eds/bin/gnu/h-i686-mingw32/bin/../lib/gcc/nios2-elf/4.1.2/../../../../nios2-elf/lib/mno-hw-mul\libsmallc.a(lib_a-writer.o)
 .debug_line    0x00001f15      0x1e2 c:/altera/13.0sp1/nios2eds/bin/gnu/h-i686-mingw32/bin/../lib/gcc/nios2-elf/4.1.2/../../../../nios2-elf/lib/mno-hw-mul\libsmallc.a(lib_a-int_errno.o)
 .debug_line    0x000020f7      0x24f c:/altera/13.0sp1/nios2eds/bin/gnu/h-i686-mingw32/bin/../lib/gcc/nios2-elf/4.1.2/mno-hw-mul\libgcc.a(lib2-divmod.o)
 .debug_line    0x00002346      0x11a c:/altera/13.0sp1/nios2eds/bin/gnu/h-i686-mingw32/bin/../lib/gcc/nios2-elf/4.1.2/mno-hw-mul\libgcc.a(lib2-mul.o)
 .debug_line    0x00002460      0x217 ../SoC_Project_bsp/\libhal_bsp.a(alt_load.o)
 .debug_line    0x00002677      0x2ca ../SoC_Project_bsp/\libhal_bsp.a(alt_main.o)
 .debug_line    0x00002941      0x2c9 ../SoC_Project_bsp/\libhal_bsp.a(alt_write.o)
 .debug_line    0x00002c0a      0x2a6 ../SoC_Project_bsp/\libhal_bsp.a(alt_sys_init.o)
 .debug_line    0x00002eb0      0x1d7 ../SoC_Project_bsp/\libhal_bsp.a(altera_avalon_jtag_uart_fd.o)
 .debug_line    0x00003087      0x343 ../SoC_Project_bsp/\libhal_bsp.a(altera_avalon_jtag_uart_read.o)
 .debug_line    0x000033ca      0x304 ../SoC_Project_bsp/\libhal_bsp.a(altera_avalon_jtag_uart_write.o)
 .debug_line    0x000036ce      0x299 ../SoC_Project_bsp/\libhal_bsp.a(alt_close.o)
 .debug_line    0x00003967      0x1b5 ../SoC_Project_bsp/\libhal_bsp.a(alt_dcache_flush_all.o)
 .debug_line    0x00003b1c      0x254 ../SoC_Project_bsp/\libhal_bsp.a(alt_dev.o)
 .debug_line    0x00003d70      0x25a ../SoC_Project_bsp/\libhal_bsp.a(alt_dev_llist_insert.o)
 .debug_line    0x00003fca       0x83 ../SoC_Project_bsp/\libhal_bsp.a(alt_do_ctors.o)
 .debug_line    0x0000404d       0x83 ../SoC_Project_bsp/\libhal_bsp.a(alt_do_dtors.o)
 .debug_line    0x000040d0      0x1aa ../SoC_Project_bsp/\libhal_bsp.a(alt_errno.o)
 .debug_line    0x0000427a      0x1b5 ../SoC_Project_bsp/\libhal_bsp.a(alt_icache_flush_all.o)
 .debug_line    0x0000442f      0x2b4 ../SoC_Project_bsp/\libhal_bsp.a(alt_io_redirect.o)
 .debug_line    0x000046e3      0x2ff ../SoC_Project_bsp/\libhal_bsp.a(alt_open.o)
 .debug_line    0x000049e2       0xed ../SoC_Project_bsp/\libhal_bsp.a(alt_release_fd.o)
 .debug_line    0x00004acf      0x1ce ../SoC_Project_bsp/\libhal_bsp.a(altera_nios2_qsys_irq.o)
 .debug_line    0x00004c9d      0x26b ../SoC_Project_bsp/\libhal_bsp.a(alt_find_dev.o)
 .debug_line    0x00004f08      0x27c ../SoC_Project_bsp/\libhal_bsp.a(alt_find_file.o)
 .debug_line    0x00005184      0x297 ../SoC_Project_bsp/\libhal_bsp.a(alt_get_fd.o)
 .debug_line    0x0000541b      0x203 c:/altera/13.0sp1/nios2eds/bin/gnu/h-i686-mingw32/bin/../lib/gcc/nios2-elf/4.1.2/../../../../nios2-elf/lib/mno-hw-mul\libsmallc.a(lib_a-atexit.o)
 .debug_line    0x0000561e      0x223 c:/altera/13.0sp1/nios2eds/bin/gnu/h-i686-mingw32/bin/../lib/gcc/nios2-elf/4.1.2/../../../../nios2-elf/lib/mno-hw-mul\libsmallc.a(lib_a-exit.o)
 .debug_line    0x00005841      0x270 c:/altera/13.0sp1/nios2eds/bin/gnu/h-i686-mingw32/bin/../lib/gcc/nios2-elf/4.1.2/../../../../nios2-elf/lib/mno-hw-mul\libsmallc.a(lib_a-memcmp.o)
 .debug_line    0x00005ab1      0x350 c:/altera/13.0sp1/nios2eds/bin/gnu/h-i686-mingw32/bin/../lib/gcc/nios2-elf/4.1.2/../../../../nios2-elf/lib/mno-hw-mul\libsmallc.a(lib_a-__atexit.o)
 .debug_line    0x00005e01      0x360 c:/altera/13.0sp1/nios2eds/bin/gnu/h-i686-mingw32/bin/../lib/gcc/nios2-elf/4.1.2/../../../../nios2-elf/lib/mno-hw-mul\libsmallc.a(lib_a-__call_atexit.o)
 .debug_line    0x00006161      0x206 ../SoC_Project_bsp/\libhal_bsp.a(alt_exit.o)

.debug_frame    0x00000000      0x88c
 *(.debug_frame)
 .debug_frame   0x00000000       0x30 obj/default/source.o
 .debug_frame   0x00000030       0x40 c:/altera/13.0sp1/nios2eds/bin/gnu/h-i686-mingw32/bin/../lib/gcc/nios2-elf/4.1.2/../../../../nios2-elf/lib/mno-hw-mul\libsmallc.a(lib_a-printf.o)
 .debug_frame   0x00000070       0x30 c:/altera/13.0sp1/nios2eds/bin/gnu/h-i686-mingw32/bin/../lib/gcc/nios2-elf/4.1.2/../../../../nios2-elf/lib/mno-hw-mul\libsmallc.a(lib_a-putchar.o)
 .debug_frame   0x000000a0       0x3c c:/altera/13.0sp1/nios2eds/bin/gnu/h-i686-mingw32/bin/../lib/gcc/nios2-elf/4.1.2/../../../../nios2-elf/lib/mno-hw-mul\libsmallc.a(lib_a-puts.o)
 .debug_frame   0x000000dc       0x20 c:/altera/13.0sp1/nios2eds/bin/gnu/h-i686-mingw32/bin/../lib/gcc/nios2-elf/4.1.2/../../../../nios2-elf/lib/mno-hw-mul\libsmallc.a(lib_a-strlen.o)
 .debug_frame   0x000000fc       0x64 c:/altera/13.0sp1/nios2eds/bin/gnu/h-i686-mingw32/bin/../lib/gcc/nios2-elf/4.1.2/../../../../nios2-elf/lib/mno-hw-mul\libsmallc.a(lib_a-vfprintf.o)
 .debug_frame   0x00000160       0x30 c:/altera/13.0sp1/nios2eds/bin/gnu/h-i686-mingw32/bin/../lib/gcc/nios2-elf/4.1.2/../../../../nios2-elf/lib/mno-hw-mul\libsmallc.a(lib_a-fvwrite_small_dev.o)
 .debug_frame   0x00000190       0x48 c:/altera/13.0sp1/nios2eds/bin/gnu/h-i686-mingw32/bin/../lib/gcc/nios2-elf/4.1.2/../../../../nios2-elf/lib/mno-hw-mul\libsmallc.a(lib_a-putc.o)
 .debug_frame   0x000001d8       0x2c c:/altera/13.0sp1/nios2eds/bin/gnu/h-i686-mingw32/bin/../lib/gcc/nios2-elf/4.1.2/../../../../nios2-elf/lib/mno-hw-mul\libsmallc.a(lib_a-writer.o)
 .debug_frame   0x00000204       0x70 c:/altera/13.0sp1/nios2eds/bin/gnu/h-i686-mingw32/bin/../lib/gcc/nios2-elf/4.1.2/mno-hw-mul\libgcc.a(lib2-divmod.o)
 .debug_frame   0x00000274       0x20 c:/altera/13.0sp1/nios2eds/bin/gnu/h-i686-mingw32/bin/../lib/gcc/nios2-elf/4.1.2/mno-hw-mul\libgcc.a(lib2-mul.o)
 .debug_frame   0x00000294       0x48 ../SoC_Project_bsp/\libhal_bsp.a(alt_load.o)
 .debug_frame   0x000002dc       0x2c ../SoC_Project_bsp/\libhal_bsp.a(alt_main.o)
 .debug_frame   0x00000308       0x48 ../SoC_Project_bsp/\libhal_bsp.a(alt_write.o)
 .debug_frame   0x00000350       0x64 ../SoC_Project_bsp/\libhal_bsp.a(alt_sys_init.o)
 .debug_frame   0x000003b4       0x48 ../SoC_Project_bsp/\libhal_bsp.a(altera_avalon_jtag_uart_fd.o)
 .debug_frame   0x000003fc       0x2c ../SoC_Project_bsp/\libhal_bsp.a(altera_avalon_jtag_uart_read.o)
 .debug_frame   0x00000428       0x2c ../SoC_Project_bsp/\libhal_bsp.a(altera_avalon_jtag_uart_write.o)
 .debug_frame   0x00000454       0x48 ../SoC_Project_bsp/\libhal_bsp.a(alt_close.o)
 .debug_frame   0x0000049c       0x2c ../SoC_Project_bsp/\libhal_bsp.a(alt_dcache_flush_all.o)
 .debug_frame   0x000004c8       0x2c ../SoC_Project_bsp/\libhal_bsp.a(alt_dev.o)
 .debug_frame   0x000004f4       0x48 ../SoC_Project_bsp/\libhal_bsp.a(alt_dev_llist_insert.o)
 .debug_frame   0x0000053c       0x2c ../SoC_Project_bsp/\libhal_bsp.a(alt_do_ctors.o)
 .debug_frame   0x00000568       0x2c ../SoC_Project_bsp/\libhal_bsp.a(alt_do_dtors.o)
 .debug_frame   0x00000594       0x2c ../SoC_Project_bsp/\libhal_bsp.a(alt_icache_flush_all.o)
 .debug_frame   0x000005c0       0x4c ../SoC_Project_bsp/\libhal_bsp.a(alt_io_redirect.o)
 .debug_frame   0x0000060c       0x68 ../SoC_Project_bsp/\libhal_bsp.a(alt_open.o)
 .debug_frame   0x00000674       0x30 ../SoC_Project_bsp/\libhal_bsp.a(alt_release_fd.o)
 .debug_frame   0x000006a4       0x2c ../SoC_Project_bsp/\libhal_bsp.a(altera_nios2_qsys_irq.o)
 .debug_frame   0x000006d0       0x2c ../SoC_Project_bsp/\libhal_bsp.a(alt_find_dev.o)
 .debug_frame   0x000006fc       0x2c ../SoC_Project_bsp/\libhal_bsp.a(alt_find_file.o)
 .debug_frame   0x00000728       0x30 ../SoC_Project_bsp/\libhal_bsp.a(alt_get_fd.o)
 .debug_frame   0x00000758       0x20 c:/altera/13.0sp1/nios2eds/bin/gnu/h-i686-mingw32/bin/../lib/gcc/nios2-elf/4.1.2/../../../../nios2-elf/lib/mno-hw-mul\libsmallc.a(lib_a-atexit.o)
 .debug_frame   0x00000778       0x2c c:/altera/13.0sp1/nios2eds/bin/gnu/h-i686-mingw32/bin/../lib/gcc/nios2-elf/4.1.2/../../../../nios2-elf/lib/mno-hw-mul\libsmallc.a(lib_a-exit.o)
 .debug_frame   0x000007a4       0x20 c:/altera/13.0sp1/nios2eds/bin/gnu/h-i686-mingw32/bin/../lib/gcc/nios2-elf/4.1.2/../../../../nios2-elf/lib/mno-hw-mul\libsmallc.a(lib_a-memcmp.o)
 .debug_frame   0x000007c4       0x34 c:/altera/13.0sp1/nios2eds/bin/gnu/h-i686-mingw32/bin/../lib/gcc/nios2-elf/4.1.2/../../../../nios2-elf/lib/mno-hw-mul\libsmallc.a(lib_a-__atexit.o)
 .debug_frame   0x000007f8       0x4c c:/altera/13.0sp1/nios2eds/bin/gnu/h-i686-mingw32/bin/../lib/gcc/nios2-elf/4.1.2/../../../../nios2-elf/lib/mno-hw-mul\libsmallc.a(lib_a-__call_atexit.o)
 .debug_frame   0x00000844       0x48 ../SoC_Project_bsp/\libhal_bsp.a(alt_exit.o)

.debug_str      0x00000000      0xe16
 *(.debug_str)
 .debug_str     0x00000000       0x12 obj/default/source.o
 .debug_str     0x00000012      0x406 c:/altera/13.0sp1/nios2eds/bin/gnu/h-i686-mingw32/bin/../lib/gcc/nios2-elf/4.1.2/../../../../nios2-elf/lib/mno-hw-mul\libsmallc.a(lib_a-printf.o)
                                0x466 (size before relaxing)
 .debug_str     0x00000418       0x51 c:/altera/13.0sp1/nios2eds/bin/gnu/h-i686-mingw32/bin/../lib/gcc/nios2-elf/4.1.2/../../../../nios2-elf/lib/mno-hw-mul\libsmallc.a(lib_a-putchar.o)
                                0x452 (size before relaxing)
 .debug_str     0x00000469       0x48 c:/altera/13.0sp1/nios2eds/bin/gnu/h-i686-mingw32/bin/../lib/gcc/nios2-elf/4.1.2/../../../../nios2-elf/lib/mno-hw-mul\libsmallc.a(lib_a-puts.o)
                                0x450 (size before relaxing)
 .debug_str     0x000004b1       0xe2 c:/altera/13.0sp1/nios2eds/bin/gnu/h-i686-mingw32/bin/../lib/gcc/nios2-elf/4.1.2/../../../../nios2-elf/lib/mno-hw-mul\libsmallc.a(lib_a-strlen.o)
                                0x184 (size before relaxing)
 .debug_str     0x00000593      0x168 c:/altera/13.0sp1/nios2eds/bin/gnu/h-i686-mingw32/bin/../lib/gcc/nios2-elf/4.1.2/../../../../nios2-elf/lib/mno-hw-mul\libsmallc.a(lib_a-vfprintf.o)
                                0x5af (size before relaxing)
 .debug_str     0x000006fb       0x70 c:/altera/13.0sp1/nios2eds/bin/gnu/h-i686-mingw32/bin/../lib/gcc/nios2-elf/4.1.2/../../../../nios2-elf/lib/mno-hw-mul\libsmallc.a(lib_a-fvwrite_small_dev.o)
                                0x46a (size before relaxing)
 .debug_str     0x0000076b       0xf8 c:/altera/13.0sp1/nios2eds/bin/gnu/h-i686-mingw32/bin/../lib/gcc/nios2-elf/4.1.2/../../../../nios2-elf/lib/mno-hw-mul\libsmallc.a(lib_a-impure.o)
                                0x45d (size before relaxing)
 .debug_str     0x00000863       0x4f c:/altera/13.0sp1/nios2eds/bin/gnu/h-i686-mingw32/bin/../lib/gcc/nios2-elf/4.1.2/../../../../nios2-elf/lib/mno-hw-mul\libsmallc.a(lib_a-putc.o)
                                0x455 (size before relaxing)
 .debug_str     0x000008b2       0x4f c:/altera/13.0sp1/nios2eds/bin/gnu/h-i686-mingw32/bin/../lib/gcc/nios2-elf/4.1.2/../../../../nios2-elf/lib/mno-hw-mul\libsmallc.a(lib_a-writer.o)
                                0x451 (size before relaxing)
 .debug_str     0x00000901       0x40 c:/altera/13.0sp1/nios2eds/bin/gnu/h-i686-mingw32/bin/../lib/gcc/nios2-elf/4.1.2/../../../../nios2-elf/lib/mno-hw-mul\libsmallc.a(lib_a-int_errno.o)
                                0x177 (size before relaxing)
 .debug_str     0x00000941      0x10b c:/altera/13.0sp1/nios2eds/bin/gnu/h-i686-mingw32/bin/../lib/gcc/nios2-elf/4.1.2/mno-hw-mul\libgcc.a(lib2-divmod.o)
                                0x1b4 (size before relaxing)
 .debug_str     0x00000a4c       0x37 c:/altera/13.0sp1/nios2eds/bin/gnu/h-i686-mingw32/bin/../lib/gcc/nios2-elf/4.1.2/mno-hw-mul\libgcc.a(lib2-mul.o)
                                0x175 (size before relaxing)
 .debug_str     0x00000a83       0x12 ../SoC_Project_bsp/\libhal_bsp.a(alt_load.o)
 .debug_str     0x00000a95       0x12 ../SoC_Project_bsp/\libhal_bsp.a(alt_main.o)
 .debug_str     0x00000aa7       0x12 ../SoC_Project_bsp/\libhal_bsp.a(alt_write.o)
 .debug_str     0x00000ab9       0x12 ../SoC_Project_bsp/\libhal_bsp.a(alt_sys_init.o)
 .debug_str     0x00000acb       0x12 ../SoC_Project_bsp/\libhal_bsp.a(altera_avalon_jtag_uart_read.o)
 .debug_str     0x00000add       0x12 ../SoC_Project_bsp/\libhal_bsp.a(altera_avalon_jtag_uart_write.o)
 .debug_str     0x00000aef       0x12 ../SoC_Project_bsp/\libhal_bsp.a(alt_close.o)
 .debug_str     0x00000b01       0x12 ../SoC_Project_bsp/\libhal_bsp.a(alt_dcache_flush_all.o)
 .debug_str     0x00000b13       0x12 ../SoC_Project_bsp/\libhal_bsp.a(alt_dev.o)
 .debug_str     0x00000b25       0x12 ../SoC_Project_bsp/\libhal_bsp.a(alt_dev_llist_insert.o)
 .debug_str     0x00000b37       0x12 ../SoC_Project_bsp/\libhal_bsp.a(alt_errno.o)
 .debug_str     0x00000b49       0x12 ../SoC_Project_bsp/\libhal_bsp.a(alt_icache_flush_all.o)
 .debug_str     0x00000b5b       0x12 ../SoC_Project_bsp/\libhal_bsp.a(alt_io_redirect.o)
 .debug_str     0x00000b6d       0x12 ../SoC_Project_bsp/\libhal_bsp.a(alt_open.o)
 .debug_str     0x00000b7f       0x12 ../SoC_Project_bsp/\libhal_bsp.a(altera_nios2_qsys_irq.o)
 .debug_str     0x00000b91       0x12 ../SoC_Project_bsp/\libhal_bsp.a(alt_find_dev.o)
 .debug_str     0x00000ba3       0x12 ../SoC_Project_bsp/\libhal_bsp.a(alt_find_file.o)
 .debug_str     0x00000bb5       0x12 ../SoC_Project_bsp/\libhal_bsp.a(alt_get_fd.o)
 .debug_str     0x00000bc7       0xdb c:/altera/13.0sp1/nios2eds/bin/gnu/h-i686-mingw32/bin/../lib/gcc/nios2-elf/4.1.2/../../../../nios2-elf/lib/mno-hw-mul\libsmallc.a(lib_a-atexit.o)
                                0x1e5 (size before relaxing)
 .debug_str     0x00000ca2       0x41 c:/altera/13.0sp1/nios2eds/bin/gnu/h-i686-mingw32/bin/../lib/gcc/nios2-elf/4.1.2/../../../../nios2-elf/lib/mno-hw-mul\libsmallc.a(lib_a-exit.o)
                                0x178 (size before relaxing)
 .debug_str     0x00000ce3       0x45 c:/altera/13.0sp1/nios2eds/bin/gnu/h-i686-mingw32/bin/../lib/gcc/nios2-elf/4.1.2/../../../../nios2-elf/lib/mno-hw-mul\libsmallc.a(lib_a-memcmp.o)
                                0x17e (size before relaxing)
 .debug_str     0x00000d28       0x54 c:/altera/13.0sp1/nios2eds/bin/gnu/h-i686-mingw32/bin/../lib/gcc/nios2-elf/4.1.2/../../../../nios2-elf/lib/mno-hw-mul\libsmallc.a(lib_a-__atexit.o)
                                0x467 (size before relaxing)
 .debug_str     0x00000d7c       0x7e c:/altera/13.0sp1/nios2eds/bin/gnu/h-i686-mingw32/bin/../lib/gcc/nios2-elf/4.1.2/../../../../nios2-elf/lib/mno-hw-mul\libsmallc.a(lib_a-__call_atexit.o)
                                0x491 (size before relaxing)
 .debug_str     0x00000dfa       0x1c ../SoC_Project_bsp/\libhal_bsp.a(alt_exit.o)

.debug_loc      0x00000000     0x187b
 *(.debug_loc)
 .debug_loc     0x00000000       0x2c obj/default/source.o
 .debug_loc     0x0000002c       0x8d c:/altera/13.0sp1/nios2eds/bin/gnu/h-i686-mingw32/bin/../lib/gcc/nios2-elf/4.1.2/../../../../nios2-elf/lib/mno-hw-mul\libsmallc.a(lib_a-printf.o)
 .debug_loc     0x000000b9       0x44 c:/altera/13.0sp1/nios2eds/bin/gnu/h-i686-mingw32/bin/../lib/gcc/nios2-elf/4.1.2/../../../../nios2-elf/lib/mno-hw-mul\libsmallc.a(lib_a-putchar.o)
 .debug_loc     0x000000fd       0xa2 c:/altera/13.0sp1/nios2eds/bin/gnu/h-i686-mingw32/bin/../lib/gcc/nios2-elf/4.1.2/../../../../nios2-elf/lib/mno-hw-mul\libsmallc.a(lib_a-puts.o)
 .debug_loc     0x0000019f       0x1e c:/altera/13.0sp1/nios2eds/bin/gnu/h-i686-mingw32/bin/../lib/gcc/nios2-elf/4.1.2/../../../../nios2-elf/lib/mno-hw-mul\libsmallc.a(lib_a-strlen.o)
 .debug_loc     0x000001bd      0x878 c:/altera/13.0sp1/nios2eds/bin/gnu/h-i686-mingw32/bin/../lib/gcc/nios2-elf/4.1.2/../../../../nios2-elf/lib/mno-hw-mul\libsmallc.a(lib_a-vfprintf.o)
 .debug_loc     0x00000a35      0x162 c:/altera/13.0sp1/nios2eds/bin/gnu/h-i686-mingw32/bin/../lib/gcc/nios2-elf/4.1.2/../../../../nios2-elf/lib/mno-hw-mul\libsmallc.a(lib_a-fvwrite_small_dev.o)
 .debug_loc     0x00000b97       0xd4 c:/altera/13.0sp1/nios2eds/bin/gnu/h-i686-mingw32/bin/../lib/gcc/nios2-elf/4.1.2/../../../../nios2-elf/lib/mno-hw-mul\libsmallc.a(lib_a-putc.o)
 .debug_loc     0x00000c6b       0x97 c:/altera/13.0sp1/nios2eds/bin/gnu/h-i686-mingw32/bin/../lib/gcc/nios2-elf/4.1.2/../../../../nios2-elf/lib/mno-hw-mul\libsmallc.a(lib_a-writer.o)
 .debug_loc     0x00000d02      0x1d2 c:/altera/13.0sp1/nios2eds/bin/gnu/h-i686-mingw32/bin/../lib/gcc/nios2-elf/4.1.2/mno-hw-mul\libgcc.a(lib2-divmod.o)
 .debug_loc     0x00000ed4       0x4f c:/altera/13.0sp1/nios2eds/bin/gnu/h-i686-mingw32/bin/../lib/gcc/nios2-elf/4.1.2/mno-hw-mul\libgcc.a(lib2-mul.o)
 .debug_loc     0x00000f23       0x56 ../SoC_Project_bsp/\libhal_bsp.a(alt_load.o)
 .debug_loc     0x00000f79       0x2b ../SoC_Project_bsp/\libhal_bsp.a(alt_main.o)
 .debug_loc     0x00000fa4       0x56 ../SoC_Project_bsp/\libhal_bsp.a(alt_write.o)
 .debug_loc     0x00000ffa       0x81 ../SoC_Project_bsp/\libhal_bsp.a(alt_sys_init.o)
 .debug_loc     0x0000107b       0x56 ../SoC_Project_bsp/\libhal_bsp.a(altera_avalon_jtag_uart_fd.o)
 .debug_loc     0x000010d1       0x2b ../SoC_Project_bsp/\libhal_bsp.a(altera_avalon_jtag_uart_read.o)
 .debug_loc     0x000010fc       0x2b ../SoC_Project_bsp/\libhal_bsp.a(altera_avalon_jtag_uart_write.o)
 .debug_loc     0x00001127       0x56 ../SoC_Project_bsp/\libhal_bsp.a(alt_close.o)
 .debug_loc     0x0000117d       0x2b ../SoC_Project_bsp/\libhal_bsp.a(alt_dcache_flush_all.o)
 .debug_loc     0x000011a8       0x2b ../SoC_Project_bsp/\libhal_bsp.a(alt_dev.o)
 .debug_loc     0x000011d3       0x56 ../SoC_Project_bsp/\libhal_bsp.a(alt_dev_llist_insert.o)
 .debug_loc     0x00001229       0x2b ../SoC_Project_bsp/\libhal_bsp.a(alt_do_ctors.o)
 .debug_loc     0x00001254       0x2b ../SoC_Project_bsp/\libhal_bsp.a(alt_do_dtors.o)
 .debug_loc     0x0000127f       0x2b ../SoC_Project_bsp/\libhal_bsp.a(alt_icache_flush_all.o)
 .debug_loc     0x000012aa       0x56 ../SoC_Project_bsp/\libhal_bsp.a(alt_io_redirect.o)
 .debug_loc     0x00001300       0x81 ../SoC_Project_bsp/\libhal_bsp.a(alt_open.o)
 .debug_loc     0x00001381       0x2b ../SoC_Project_bsp/\libhal_bsp.a(alt_release_fd.o)
 .debug_loc     0x000013ac       0x2b ../SoC_Project_bsp/\libhal_bsp.a(altera_nios2_qsys_irq.o)
 .debug_loc     0x000013d7       0x2b ../SoC_Project_bsp/\libhal_bsp.a(alt_find_dev.o)
 .debug_loc     0x00001402       0x2b ../SoC_Project_bsp/\libhal_bsp.a(alt_find_file.o)
 .debug_loc     0x0000142d       0x2b ../SoC_Project_bsp/\libhal_bsp.a(alt_get_fd.o)
 .debug_loc     0x00001458       0x1e c:/altera/13.0sp1/nios2eds/bin/gnu/h-i686-mingw32/bin/../lib/gcc/nios2-elf/4.1.2/../../../../nios2-elf/lib/mno-hw-mul\libsmallc.a(lib_a-atexit.o)
 .debug_loc     0x00001476       0x3d c:/altera/13.0sp1/nios2eds/bin/gnu/h-i686-mingw32/bin/../lib/gcc/nios2-elf/4.1.2/../../../../nios2-elf/lib/mno-hw-mul\libsmallc.a(lib_a-exit.o)
 .debug_loc     0x000014b3       0x70 c:/altera/13.0sp1/nios2eds/bin/gnu/h-i686-mingw32/bin/../lib/gcc/nios2-elf/4.1.2/../../../../nios2-elf/lib/mno-hw-mul\libsmallc.a(lib_a-memcmp.o)
 .debug_loc     0x00001523      0x141 c:/altera/13.0sp1/nios2eds/bin/gnu/h-i686-mingw32/bin/../lib/gcc/nios2-elf/4.1.2/../../../../nios2-elf/lib/mno-hw-mul\libsmallc.a(lib_a-__atexit.o)
 .debug_loc     0x00001664      0x1c1 c:/altera/13.0sp1/nios2eds/bin/gnu/h-i686-mingw32/bin/../lib/gcc/nios2-elf/4.1.2/../../../../nios2-elf/lib/mno-hw-mul\libsmallc.a(lib_a-__call_atexit.o)
 .debug_loc     0x00001825       0x56 ../SoC_Project_bsp/\libhal_bsp.a(alt_exit.o)

.debug_macinfo
 *(.debug_macinfo)

.debug_weaknames
 *(.debug_weaknames)

.debug_funcnames
 *(.debug_funcnames)

.debug_typenames
 *(.debug_typenames)

.debug_varnames
 *(.debug_varnames)

.debug_alt_sim_info
                0x00000000       0x10
 *(.debug_alt_sim_info)
 .debug_alt_sim_info
                0x00000000       0x10 ../SoC_Project_bsp//obj/HAL/src/crt0.o
                0x00010000                __alt_data_end = 0x10000
                0x00010000                PROVIDE (__alt_stack_pointer, __alt_data_end)
                0x0000b024                PROVIDE (__alt_stack_limit, __alt_stack_base)
                0x0000b024                PROVIDE (__alt_heap_start, end)
                0x00010000                PROVIDE (__alt_heap_limit, 0x10000)
OUTPUT(SoC_Project.elf elf32-littlenios2)

.debug_ranges   0x00000000      0x178
 .debug_ranges  0x00000000       0x20 ../SoC_Project_bsp//obj/HAL/src/crt0.o
 .debug_ranges  0x00000020      0x140 c:/altera/13.0sp1/nios2eds/bin/gnu/h-i686-mingw32/bin/../lib/gcc/nios2-elf/4.1.2/../../../../nios2-elf/lib/mno-hw-mul\libsmallc.a(lib_a-vfprintf.o)
 .debug_ranges  0x00000160       0x18 c:/altera/13.0sp1/nios2eds/bin/gnu/h-i686-mingw32/bin/../lib/gcc/nios2-elf/4.1.2/../../../../nios2-elf/lib/mno-hw-mul\libsmallc.a(lib_a-__call_atexit.o)
